Archive member included because of file (symbol)

.\CortexM3\ARM_GCC_493\Debug\Jazzy_Dude.a(cyfitter_cfg.o)
                              .\CortexM3\ARM_GCC_493\Debug\Cm3Start.o (cyfitter_cfg)
.\CortexM3\ARM_GCC_493\Debug\Jazzy_Dude.a(CyBootAsmGnu.o)
                              .\CortexM3\ARM_GCC_493\Debug\Jazzy_Dude.a(cyfitter_cfg.o) (CyDelayCycles)
.\CortexM3\ARM_GCC_493\Debug\Jazzy_Dude.a(CyLib.o)
                              .\CortexM3\ARM_GCC_493\Debug\Cm3Start.o (CyHalt)
.\CortexM3\ARM_GCC_493\Debug\Jazzy_Dude.a(cyPm.o)
                              .\CortexM3\ARM_GCC_493\Debug\Jazzy_Dude.a(CyLib.o) (CyPmReadStatus)
.\CortexM3\ARM_GCC_493\Debug\Jazzy_Dude.a(SaxDac.o)
                              .\CortexM3\ARM_GCC_493\Debug\main.o (SaxDac_SetValue)
.\CortexM3\ARM_GCC_493\Debug\Jazzy_Dude.a(sax_isr.o)
                              .\CortexM3\ARM_GCC_493\Debug\main.o (sax_isr_StartEx)
.\CortexM3\ARM_GCC_493\Debug\Jazzy_Dude.a(LCD_Char_1.o)
                              .\CortexM3\ARM_GCC_493\Debug\main.o (LCD_Char_1_PrintString)
.\CortexM3\ARM_GCC_493\Debug\Jazzy_Dude.a(lcd_isr.o)
                              .\CortexM3\ARM_GCC_493\Debug\main.o (lcd_isr_StartEx)
.\CortexM3\ARM_GCC_493\Debug\Jazzy_Dude.a(led.o)
                              .\CortexM3\ARM_GCC_493\Debug\main.o (led_Write)
.\CortexM3\ARM_GCC_493\Debug\Jazzy_Dude.a(led1.o)
                              .\CortexM3\ARM_GCC_493\Debug\main.o (led1_Write)
.\CortexM3\ARM_GCC_493\Debug\Jazzy_Dude.a(CyFlash.o)
                              .\CortexM3\ARM_GCC_493\Debug\Jazzy_Dude.a(cyPm.o) (CyFlash_SetWaitCycles)
.\CortexM3\ARM_GCC_493\Debug\Jazzy_Dude.a(CySpc.o)
                              .\CortexM3\ARM_GCC_493\Debug\Jazzy_Dude.a(CyFlash.o) (CySpcStart)
c:/program files (x86)/cypress/psoc creator/3.3/psoc creator/import/gnu/arm/4.9.3/bin/../lib/gcc/arm-none-eabi/4.9.3/armv7-m\libgcc.a(_arm_addsubdf3.o)
                              .\CortexM3\ARM_GCC_493\Debug\main.o (__aeabi_dadd)
c:/program files (x86)/cypress/psoc creator/3.3/psoc creator/import/gnu/arm/4.9.3/bin/../lib/gcc/arm-none-eabi/4.9.3/armv7-m\libgcc.a(_arm_muldivdf3.o)
                              .\CortexM3\ARM_GCC_493\Debug\main.o (__aeabi_ddiv)
c:/program files (x86)/cypress/psoc creator/3.3/psoc creator/import/gnu/arm/4.9.3/bin/../lib/gcc/arm-none-eabi/4.9.3/armv7-m\libgcc.a(_arm_fixunsdfsi.o)
                              .\CortexM3\ARM_GCC_493\Debug\main.o (__aeabi_d2uiz)
c:/program files (x86)/cypress/psoc creator/3.3/psoc creator/import/gnu/arm/4.9.3/bin/../lib/gcc/arm-none-eabi/4.9.3/armv7-m\libgcc.a(_arm_addsubsf3.o)
                              .\CortexM3\ARM_GCC_493\Debug\main.o (__aeabi_fsub)
c:/program files (x86)/cypress/psoc creator/3.3/psoc creator/import/gnu/arm/4.9.3/bin/../lib/gcc/arm-none-eabi/4.9.3/armv7-m\libgcc.a(_arm_muldivsf3.o)
                              .\CortexM3\ARM_GCC_493\Debug\main.o (__aeabi_fmul)
c:/program files (x86)/cypress/psoc creator/3.3/psoc creator/import/gnu/arm/4.9.3/bin/../lib/gcc/arm-none-eabi/4.9.3/armv7-m\libgcc.a(_arm_cmpsf2.o)
                              .\CortexM3\ARM_GCC_493\Debug\main.o (__aeabi_fcmple)
c:/program files (x86)/cypress/psoc creator/3.3/psoc creator/import/gnu/arm/4.9.3/bin/../lib/gcc/arm-none-eabi/4.9.3/armv7-m\libgcc.a(_arm_fixsfsi.o)
                              .\CortexM3\ARM_GCC_493\Debug\main.o (__aeabi_f2iz)
c:/program files (x86)/cypress/psoc creator/3.3/psoc creator/import/gnu/arm/4.9.3/bin/../lib/gcc/arm-none-eabi/4.9.3/armv7-m\libgcc.a(_arm_fixunssfsi.o)
                              .\CortexM3\ARM_GCC_493\Debug\main.o (__aeabi_f2uiz)
c:/program files (x86)/cypress/psoc creator/3.3/psoc creator/import/gnu/arm/4.9.3/bin/../lib/gcc/arm-none-eabi/4.9.3/../../../../arm-none-eabi/lib/armv7-m\libg_nano.a(lib_a-errno.o)
                              .\CortexM3\ARM_GCC_493\Debug\Cm3Start.o (__errno)
c:/program files (x86)/cypress/psoc creator/3.3/psoc creator/import/gnu/arm/4.9.3/bin/../lib/gcc/arm-none-eabi/4.9.3/../../../../arm-none-eabi/lib/armv7-m\libg_nano.a(lib_a-exit.o)
                              c:/program files (x86)/cypress/psoc creator/3.3/psoc creator/import/gnu/arm/4.9.3/bin/../lib/gcc/arm-none-eabi/4.9.3/../../../../arm-none-eabi/lib/armv7-m/crt0.o (exit)
c:/program files (x86)/cypress/psoc creator/3.3/psoc creator/import/gnu/arm/4.9.3/bin/../lib/gcc/arm-none-eabi/4.9.3/../../../../arm-none-eabi/lib/armv7-m\libg_nano.a(lib_a-impure.o)
                              c:/program files (x86)/cypress/psoc creator/3.3/psoc creator/import/gnu/arm/4.9.3/bin/../lib/gcc/arm-none-eabi/4.9.3/../../../../arm-none-eabi/lib/armv7-m\libg_nano.a(lib_a-exit.o) (_global_impure_ptr)
c:/program files (x86)/cypress/psoc creator/3.3/psoc creator/import/gnu/arm/4.9.3/bin/../lib/gcc/arm-none-eabi/4.9.3/../../../../arm-none-eabi/lib/armv7-m\libg_nano.a(lib_a-init.o)
                              c:/program files (x86)/cypress/psoc creator/3.3/psoc creator/import/gnu/arm/4.9.3/bin/../lib/gcc/arm-none-eabi/4.9.3/../../../../arm-none-eabi/lib/armv7-m/crt0.o (__libc_init_array)
c:/program files (x86)/cypress/psoc creator/3.3/psoc creator/import/gnu/arm/4.9.3/bin/../lib/gcc/arm-none-eabi/4.9.3/../../../../arm-none-eabi/lib/armv7-m\libg_nano.a(lib_a-memcpy.o)
                              .\CortexM3\ARM_GCC_493\Debug\Jazzy_Dude.a(cyfitter_cfg.o) (memcpy)
c:/program files (x86)/cypress/psoc creator/3.3/psoc creator/import/gnu/arm/4.9.3/bin/../lib/gcc/arm-none-eabi/4.9.3/../../../../arm-none-eabi/lib/armv7-m\libg_nano.a(lib_a-memset.o)
                              c:/program files (x86)/cypress/psoc creator/3.3/psoc creator/import/gnu/arm/4.9.3/bin/../lib/gcc/arm-none-eabi/4.9.3/../../../../arm-none-eabi/lib/armv7-m/crt0.o (memset)

Allocating common symbols
Common symbol       size              file

sax_env_lvl         0x4               .\CortexM3\ARM_GCC_493\Debug\main.o
sax_sample          0x1               .\CortexM3\ARM_GCC_493\Debug\main.o
new_idx             0x1               .\CortexM3\ARM_GCC_493\Debug\main.o
sax_env_state       0x1               .\CortexM3\ARM_GCC_493\Debug\main.o
sax_phase           0x4               .\CortexM3\ARM_GCC_493\Debug\main.o
sax_env_out         0x4               .\CortexM3\ARM_GCC_493\Debug\main.o
sax_atk_rate        0x4               .\CortexM3\ARM_GCC_493\Debug\main.o
sax_zero_centered   0x2               .\CortexM3\ARM_GCC_493\Debug\main.o
sax_phase_inc       0x4               .\CortexM3\ARM_GCC_493\Debug\main.o
sax_enveloped_note  0x1               .\CortexM3\ARM_GCC_493\Debug\main.o
dieTemperature      0x2               .\CortexM3\ARM_GCC_493\Debug\Jazzy_Dude.a(CyFlash.o)
sax_release_rate    0x4               .\CortexM3\ARM_GCC_493\Debug\main.o
sax_decay_rate      0x4               .\CortexM3\ARM_GCC_493\Debug\main.o

Discarded input sections

 .text          0x00000000        0x0 c:/program files (x86)/cypress/psoc creator/3.3/psoc creator/import/gnu/arm/4.9.3/bin/../lib/gcc/arm-none-eabi/4.9.3/armv7-m/crti.o
 .data          0x00000000        0x0 c:/program files (x86)/cypress/psoc creator/3.3/psoc creator/import/gnu/arm/4.9.3/bin/../lib/gcc/arm-none-eabi/4.9.3/armv7-m/crti.o
 .bss           0x00000000        0x0 c:/program files (x86)/cypress/psoc creator/3.3/psoc creator/import/gnu/arm/4.9.3/bin/../lib/gcc/arm-none-eabi/4.9.3/armv7-m/crti.o
 .data          0x00000000        0x4 c:/program files (x86)/cypress/psoc creator/3.3/psoc creator/import/gnu/arm/4.9.3/bin/../lib/gcc/arm-none-eabi/4.9.3/armv7-m/crtbegin.o
 .text          0x00000000       0x74 c:/program files (x86)/cypress/psoc creator/3.3/psoc creator/import/gnu/arm/4.9.3/bin/../lib/gcc/arm-none-eabi/4.9.3/../../../../arm-none-eabi/lib/armv7-m/crt0.o
 .data          0x00000000        0x0 c:/program files (x86)/cypress/psoc creator/3.3/psoc creator/import/gnu/arm/4.9.3/bin/../lib/gcc/arm-none-eabi/4.9.3/../../../../arm-none-eabi/lib/armv7-m/crt0.o
 .bss           0x00000000        0x0 c:/program files (x86)/cypress/psoc creator/3.3/psoc creator/import/gnu/arm/4.9.3/bin/../lib/gcc/arm-none-eabi/4.9.3/../../../../arm-none-eabi/lib/armv7-m/crt0.o
 .ARM.extab     0x00000000        0x0 c:/program files (x86)/cypress/psoc creator/3.3/psoc creator/import/gnu/arm/4.9.3/bin/../lib/gcc/arm-none-eabi/4.9.3/../../../../arm-none-eabi/lib/armv7-m/crt0.o
 .ARM.exidx     0x00000000        0x8 c:/program files (x86)/cypress/psoc creator/3.3/psoc creator/import/gnu/arm/4.9.3/bin/../lib/gcc/arm-none-eabi/4.9.3/../../../../arm-none-eabi/lib/armv7-m/crt0.o
 .text          0x00000000        0x0 .\CortexM3\ARM_GCC_493\Debug\main.o
 .bss           0x00000000        0x0 .\CortexM3\ARM_GCC_493\Debug\main.o
 .text          0x00000000        0x0 .\CortexM3\ARM_GCC_493\Debug\cymetadata.o
 .data          0x00000000        0x0 .\CortexM3\ARM_GCC_493\Debug\cymetadata.o
 .bss           0x00000000        0x0 .\CortexM3\ARM_GCC_493\Debug\cymetadata.o
 .text          0x00000000        0x0 .\CortexM3\ARM_GCC_493\Debug\Cm3Start.o
 .data          0x00000000        0x4 .\CortexM3\ARM_GCC_493\Debug\Cm3Start.o
 .bss           0x00000000        0x0 .\CortexM3\ARM_GCC_493\Debug\Cm3Start.o
 .text._exit    0x00000000        0xc .\CortexM3\ARM_GCC_493\Debug\Cm3Start.o
 .text._sbrk    0x00000000       0x30 .\CortexM3\ARM_GCC_493\Debug\Cm3Start.o
 .text          0x00000000        0x0 .\CortexM3\ARM_GCC_493\Debug\Jazzy_Dude.a(cyfitter_cfg.o)
 .data          0x00000000        0x0 .\CortexM3\ARM_GCC_493\Debug\Jazzy_Dude.a(cyfitter_cfg.o)
 .bss           0x00000000        0x0 .\CortexM3\ARM_GCC_493\Debug\Jazzy_Dude.a(cyfitter_cfg.o)
 .text.SetAnalogRoutingPumps
                0x00000000       0x1c .\CortexM3\ARM_GCC_493\Debug\Jazzy_Dude.a(cyfitter_cfg.o)
 .data          0x00000000        0x0 .\CortexM3\ARM_GCC_493\Debug\Jazzy_Dude.a(CyBootAsmGnu.o)
 .bss           0x00000000        0x0 .\CortexM3\ARM_GCC_493\Debug\Jazzy_Dude.a(CyBootAsmGnu.o)
 .text          0x00000000        0x0 .\CortexM3\ARM_GCC_493\Debug\Jazzy_Dude.a(CyLib.o)
 .bss           0x00000000       0x1c .\CortexM3\ARM_GCC_493\Debug\Jazzy_Dude.a(CyLib.o)
 .text.CyUSB_PowerOnCheck
                0x00000000       0x48 .\CortexM3\ARM_GCC_493\Debug\Jazzy_Dude.a(CyLib.o)
 .text.CyBusClk_Internal_SetDivider
                0x00000000       0x48 .\CortexM3\ARM_GCC_493\Debug\Jazzy_Dude.a(CyLib.o)
 .text.CyPLL_OUT_Stop
                0x00000000       0x10 .\CortexM3\ARM_GCC_493\Debug\Jazzy_Dude.a(CyLib.o)
 .text.CyIMO_Stop
                0x00000000       0x1c .\CortexM3\ARM_GCC_493\Debug\Jazzy_Dude.a(CyLib.o)
 .text.CyIMO_EnableDoubler
                0x00000000       0x10 .\CortexM3\ARM_GCC_493\Debug\Jazzy_Dude.a(CyLib.o)
 .text.CyIMO_DisableDoubler
                0x00000000       0x10 .\CortexM3\ARM_GCC_493\Debug\Jazzy_Dude.a(CyLib.o)
 .text.CyMasterClk_SetSource
                0x00000000       0x18 .\CortexM3\ARM_GCC_493\Debug\Jazzy_Dude.a(CyLib.o)
 .text.CyMasterClk_SetDivider
                0x00000000        0xc .\CortexM3\ARM_GCC_493\Debug\Jazzy_Dude.a(CyLib.o)
 .text.CyBusClk_SetDivider
                0x00000000       0x70 .\CortexM3\ARM_GCC_493\Debug\Jazzy_Dude.a(CyLib.o)
 .text.CyUsbClk_SetSource
                0x00000000       0x18 .\CortexM3\ARM_GCC_493\Debug\Jazzy_Dude.a(CyLib.o)
 .text.CyILO_Start1K
                0x00000000       0x10 .\CortexM3\ARM_GCC_493\Debug\Jazzy_Dude.a(CyLib.o)
 .text.CyILO_Stop1K
                0x00000000       0x10 .\CortexM3\ARM_GCC_493\Debug\Jazzy_Dude.a(CyLib.o)
 .text.CyILO_Start100K
                0x00000000       0x10 .\CortexM3\ARM_GCC_493\Debug\Jazzy_Dude.a(CyLib.o)
 .text.CyILO_Stop100K
                0x00000000       0x10 .\CortexM3\ARM_GCC_493\Debug\Jazzy_Dude.a(CyLib.o)
 .text.CyPLL_OUT_Start
                0x00000000       0x78 .\CortexM3\ARM_GCC_493\Debug\Jazzy_Dude.a(CyLib.o)
 .text.CyIMO_Start
                0x00000000       0x60 .\CortexM3\ARM_GCC_493\Debug\Jazzy_Dude.a(CyLib.o)
 .text.CyILO_Enable33K
                0x00000000       0x10 .\CortexM3\ARM_GCC_493\Debug\Jazzy_Dude.a(CyLib.o)
 .text.CyILO_Disable33K
                0x00000000       0x10 .\CortexM3\ARM_GCC_493\Debug\Jazzy_Dude.a(CyLib.o)
 .text.CyILO_SetSource
                0x00000000       0x18 .\CortexM3\ARM_GCC_493\Debug\Jazzy_Dude.a(CyLib.o)
 .text.CyILO_SetPowerMode
                0x00000000       0x24 .\CortexM3\ARM_GCC_493\Debug\Jazzy_Dude.a(CyLib.o)
 .text.CyXTAL_32KHZ_Stop
                0x00000000       0x30 .\CortexM3\ARM_GCC_493\Debug\Jazzy_Dude.a(CyLib.o)
 .text.CyXTAL_32KHZ_ReadStatus
                0x00000000       0x10 .\CortexM3\ARM_GCC_493\Debug\Jazzy_Dude.a(CyLib.o)
 .text.CyXTAL_Start
                0x00000000       0xac .\CortexM3\ARM_GCC_493\Debug\Jazzy_Dude.a(CyLib.o)
 .text.CyXTAL_Stop
                0x00000000       0x10 .\CortexM3\ARM_GCC_493\Debug\Jazzy_Dude.a(CyLib.o)
 .text.CyXTAL_EnableErrStatus
                0x00000000       0x10 .\CortexM3\ARM_GCC_493\Debug\Jazzy_Dude.a(CyLib.o)
 .text.CyXTAL_DisableErrStatus
                0x00000000       0x10 .\CortexM3\ARM_GCC_493\Debug\Jazzy_Dude.a(CyLib.o)
 .text.CyXTAL_ReadStatus
                0x00000000       0x18 .\CortexM3\ARM_GCC_493\Debug\Jazzy_Dude.a(CyLib.o)
 .text.CyXTAL_EnableFaultRecovery
                0x00000000       0x10 .\CortexM3\ARM_GCC_493\Debug\Jazzy_Dude.a(CyLib.o)
 .text.CyXTAL_DisableFaultRecovery
                0x00000000       0x10 .\CortexM3\ARM_GCC_493\Debug\Jazzy_Dude.a(CyLib.o)
 .text.CyXTAL_SetStartup
                0x00000000       0x18 .\CortexM3\ARM_GCC_493\Debug\Jazzy_Dude.a(CyLib.o)
 .text.CyXTAL_SetFbVoltage
                0x00000000       0x18 .\CortexM3\ARM_GCC_493\Debug\Jazzy_Dude.a(CyLib.o)
 .text.CyXTAL_SetWdVoltage
                0x00000000       0x18 .\CortexM3\ARM_GCC_493\Debug\Jazzy_Dude.a(CyLib.o)
 .text.CyHalt   0x00000000        0x4 .\CortexM3\ARM_GCC_493\Debug\Jazzy_Dude.a(CyLib.o)
 .text.CyPLL_OUT_SetPQ
                0x00000000       0x60 .\CortexM3\ARM_GCC_493\Debug\Jazzy_Dude.a(CyLib.o)
 .text.CyPLL_OUT_SetSource
                0x00000000       0x34 .\CortexM3\ARM_GCC_493\Debug\Jazzy_Dude.a(CyLib.o)
 .text.CyIMO_SetTrimValue
                0x00000000       0xcc .\CortexM3\ARM_GCC_493\Debug\Jazzy_Dude.a(CyLib.o)
 .text.CyIMO_SetFreq
                0x00000000       0xf4 .\CortexM3\ARM_GCC_493\Debug\Jazzy_Dude.a(CyLib.o)
 .text.CyIMO_SetSource
                0x00000000       0x58 .\CortexM3\ARM_GCC_493\Debug\Jazzy_Dude.a(CyLib.o)
 .text.CySoftwareReset
                0x00000000       0x10 .\CortexM3\ARM_GCC_493\Debug\Jazzy_Dude.a(CyLib.o)
 .text.CyXTAL_32KHZ_SetPowerMode
                0x00000000       0x84 .\CortexM3\ARM_GCC_493\Debug\Jazzy_Dude.a(CyLib.o)
 .text.CyXTAL_32KHZ_Start
                0x00000000       0x70 .\CortexM3\ARM_GCC_493\Debug\Jazzy_Dude.a(CyLib.o)
 .text.CyDelayFreq
                0x00000000       0x4c .\CortexM3\ARM_GCC_493\Debug\Jazzy_Dude.a(CyLib.o)
 .text.CyWdtStart
                0x00000000       0x40 .\CortexM3\ARM_GCC_493\Debug\Jazzy_Dude.a(CyLib.o)
 .text.CyWdtClear
                0x00000000        0xc .\CortexM3\ARM_GCC_493\Debug\Jazzy_Dude.a(CyLib.o)
 .text.CyVdStickyStatus
                0x00000000       0x2c .\CortexM3\ARM_GCC_493\Debug\Jazzy_Dude.a(CyLib.o)
 .text.CyVdLvDigitEnable
                0x00000000       0x84 .\CortexM3\ARM_GCC_493\Debug\Jazzy_Dude.a(CyLib.o)
 .text.CyVdLvAnalogEnable
                0x00000000       0x80 .\CortexM3\ARM_GCC_493\Debug\Jazzy_Dude.a(CyLib.o)
 .text.CyVdLvDigitDisable
                0x00000000       0x30 .\CortexM3\ARM_GCC_493\Debug\Jazzy_Dude.a(CyLib.o)
 .text.CyVdLvAnalogDisable
                0x00000000       0x28 .\CortexM3\ARM_GCC_493\Debug\Jazzy_Dude.a(CyLib.o)
 .text.CyVdHvAnalogEnable
                0x00000000       0x54 .\CortexM3\ARM_GCC_493\Debug\Jazzy_Dude.a(CyLib.o)
 .text.CyVdHvAnalogDisable
                0x00000000       0x20 .\CortexM3\ARM_GCC_493\Debug\Jazzy_Dude.a(CyLib.o)
 .text.CyVdRealTimeStatus
                0x00000000       0x1c .\CortexM3\ARM_GCC_493\Debug\Jazzy_Dude.a(CyLib.o)
 .text.CyDisableInts
                0x00000000       0x1c .\CortexM3\ARM_GCC_493\Debug\Jazzy_Dude.a(CyLib.o)
 .text.CyEnableInts
                0x00000000       0x18 .\CortexM3\ARM_GCC_493\Debug\Jazzy_Dude.a(CyLib.o)
 .text.CyFlushCache
                0x00000000       0x44 .\CortexM3\ARM_GCC_493\Debug\Jazzy_Dude.a(CyLib.o)
 .text.CyIntSetSysVector
                0x00000000       0x28 .\CortexM3\ARM_GCC_493\Debug\Jazzy_Dude.a(CyLib.o)
 .text.CyIntGetSysVector
                0x00000000       0x20 .\CortexM3\ARM_GCC_493\Debug\Jazzy_Dude.a(CyLib.o)
 .text.CyIntSetVector
                0x00000000       0x28 .\CortexM3\ARM_GCC_493\Debug\Jazzy_Dude.a(CyLib.o)
 .text.CyIntGetVector
                0x00000000       0x24 .\CortexM3\ARM_GCC_493\Debug\Jazzy_Dude.a(CyLib.o)
 .text.CyIntSetPriority
                0x00000000       0x30 .\CortexM3\ARM_GCC_493\Debug\Jazzy_Dude.a(CyLib.o)
 .text.CyIntGetPriority
                0x00000000       0x20 .\CortexM3\ARM_GCC_493\Debug\Jazzy_Dude.a(CyLib.o)
 .text.CyIntGetState
                0x00000000       0x24 .\CortexM3\ARM_GCC_493\Debug\Jazzy_Dude.a(CyLib.o)
 .text.CySysTickStop
                0x00000000       0x10 .\CortexM3\ARM_GCC_493\Debug\Jazzy_Dude.a(CyLib.o)
 .text.CySysTickEnableInterrupt
                0x00000000       0x10 .\CortexM3\ARM_GCC_493\Debug\Jazzy_Dude.a(CyLib.o)
 .text.CySysTickEnable
                0x00000000       0x18 .\CortexM3\ARM_GCC_493\Debug\Jazzy_Dude.a(CyLib.o)
 .text.CySysTickDisableInterrupt
                0x00000000       0x10 .\CortexM3\ARM_GCC_493\Debug\Jazzy_Dude.a(CyLib.o)
 .text.CySysTickSetReload
                0x00000000       0x10 .\CortexM3\ARM_GCC_493\Debug\Jazzy_Dude.a(CyLib.o)
 .text.CySysTickGetReload
                0x00000000       0x10 .\CortexM3\ARM_GCC_493\Debug\Jazzy_Dude.a(CyLib.o)
 .text.CySysTickGetValue
                0x00000000       0x10 .\CortexM3\ARM_GCC_493\Debug\Jazzy_Dude.a(CyLib.o)
 .text.CySysTickSetClockSource
                0x00000000       0x20 .\CortexM3\ARM_GCC_493\Debug\Jazzy_Dude.a(CyLib.o)
 .text.CySysTickGetCountFlag
                0x00000000       0x10 .\CortexM3\ARM_GCC_493\Debug\Jazzy_Dude.a(CyLib.o)
 .text.CySysTickServiceCallbacks
                0x00000000       0x28 .\CortexM3\ARM_GCC_493\Debug\Jazzy_Dude.a(CyLib.o)
 .text.CySysTickClear
                0x00000000        0xc .\CortexM3\ARM_GCC_493\Debug\Jazzy_Dude.a(CyLib.o)
 .text.CySysTickInit
                0x00000000       0x58 .\CortexM3\ARM_GCC_493\Debug\Jazzy_Dude.a(CyLib.o)
 .text.CySysTickStart
                0x00000000       0x1c .\CortexM3\ARM_GCC_493\Debug\Jazzy_Dude.a(CyLib.o)
 .text.CySysTickSetCallback
                0x00000000       0x10 .\CortexM3\ARM_GCC_493\Debug\Jazzy_Dude.a(CyLib.o)
 .text.CySysTickGetCallback
                0x00000000       0x10 .\CortexM3\ARM_GCC_493\Debug\Jazzy_Dude.a(CyLib.o)
 .text.CyGetUniqueId
                0x00000000       0x70 .\CortexM3\ARM_GCC_493\Debug\Jazzy_Dude.a(CyLib.o)
 .text          0x00000000        0x0 .\CortexM3\ARM_GCC_493\Debug\Jazzy_Dude.a(cyPm.o)
 .data          0x00000000        0x0 .\CortexM3\ARM_GCC_493\Debug\Jazzy_Dude.a(cyPm.o)
 .bss           0x00000000       0x44 .\CortexM3\ARM_GCC_493\Debug\Jazzy_Dude.a(cyPm.o)
 .text.CyPmHibSlpSaveSet
                0x00000000      0x1dc .\CortexM3\ARM_GCC_493\Debug\Jazzy_Dude.a(cyPm.o)
 .text.CyPmHibSlpRestore
                0x00000000       0xd4 .\CortexM3\ARM_GCC_493\Debug\Jazzy_Dude.a(cyPm.o)
 .text.CyPmHviLviSaveDisable
                0x00000000       0xa0 .\CortexM3\ARM_GCC_493\Debug\Jazzy_Dude.a(cyPm.o)
 .text.CyPmHibSaveSet
                0x00000000       0x8c .\CortexM3\ARM_GCC_493\Debug\Jazzy_Dude.a(cyPm.o)
 .text.CyPmHviLviRestore
                0x00000000       0x48 .\CortexM3\ARM_GCC_493\Debug\Jazzy_Dude.a(cyPm.o)
 .text.CyPmHibRestore
                0x00000000       0x58 .\CortexM3\ARM_GCC_493\Debug\Jazzy_Dude.a(cyPm.o)
 .text.CyPmSaveClocks
                0x00000000      0x218 .\CortexM3\ARM_GCC_493\Debug\Jazzy_Dude.a(cyPm.o)
 .text.CyPmRestoreClocks
                0x00000000      0x24c .\CortexM3\ARM_GCC_493\Debug\Jazzy_Dude.a(cyPm.o)
 .text.CyPmAltAct
                0x00000000       0x6c .\CortexM3\ARM_GCC_493\Debug\Jazzy_Dude.a(cyPm.o)
 .text.CyPmSleep
                0x00000000       0xf4 .\CortexM3\ARM_GCC_493\Debug\Jazzy_Dude.a(cyPm.o)
 .text.CyPmHibernateEx
                0x00000000       0xf4 .\CortexM3\ARM_GCC_493\Debug\Jazzy_Dude.a(cyPm.o)
 .text.CyPmHibernate
                0x00000000        0xc .\CortexM3\ARM_GCC_493\Debug\Jazzy_Dude.a(cyPm.o)
 .text.CyPmReadStatus
                0x00000000       0x30 .\CortexM3\ARM_GCC_493\Debug\Jazzy_Dude.a(cyPm.o)
 .text.CyPmCtwSetInterval
                0x00000000       0x5c .\CortexM3\ARM_GCC_493\Debug\Jazzy_Dude.a(cyPm.o)
 .text.CyPmOppsSet
                0x00000000       0x2c .\CortexM3\ARM_GCC_493\Debug\Jazzy_Dude.a(cyPm.o)
 .text.CyPmFtwSetInterval
                0x00000000       0x5c .\CortexM3\ARM_GCC_493\Debug\Jazzy_Dude.a(cyPm.o)
 .rodata        0x00000000       0x10 .\CortexM3\ARM_GCC_493\Debug\Jazzy_Dude.a(cyPm.o)
 .text          0x00000000        0x0 .\CortexM3\ARM_GCC_493\Debug\Jazzy_Dude.a(SaxDac.o)
 .data          0x00000000        0x0 .\CortexM3\ARM_GCC_493\Debug\Jazzy_Dude.a(SaxDac.o)
 .text.SaxDac_Stop
                0x00000000       0x1c .\CortexM3\ARM_GCC_493\Debug\Jazzy_Dude.a(SaxDac.o)
 .text          0x00000000        0x0 .\CortexM3\ARM_GCC_493\Debug\Jazzy_Dude.a(sax_isr.o)
 .data          0x00000000        0x0 .\CortexM3\ARM_GCC_493\Debug\Jazzy_Dude.a(sax_isr.o)
 .bss           0x00000000        0x0 .\CortexM3\ARM_GCC_493\Debug\Jazzy_Dude.a(sax_isr.o)
 .text.sax_isr_Interrupt
                0x00000000        0x4 .\CortexM3\ARM_GCC_493\Debug\Jazzy_Dude.a(sax_isr.o)
 .text.sax_isr_GetVector
                0x00000000        0xc .\CortexM3\ARM_GCC_493\Debug\Jazzy_Dude.a(sax_isr.o)
 .text.sax_isr_GetPriority
                0x00000000        0xc .\CortexM3\ARM_GCC_493\Debug\Jazzy_Dude.a(sax_isr.o)
 .text.sax_isr_GetState
                0x00000000       0x18 .\CortexM3\ARM_GCC_493\Debug\Jazzy_Dude.a(sax_isr.o)
 .text.sax_isr_Start
                0x00000000       0x1c .\CortexM3\ARM_GCC_493\Debug\Jazzy_Dude.a(sax_isr.o)
 .text.sax_isr_Stop
                0x00000000       0x14 .\CortexM3\ARM_GCC_493\Debug\Jazzy_Dude.a(sax_isr.o)
 .text.sax_isr_SetPending
                0x00000000        0xc .\CortexM3\ARM_GCC_493\Debug\Jazzy_Dude.a(sax_isr.o)
 .text.sax_isr_ClearPending
                0x00000000        0xc .\CortexM3\ARM_GCC_493\Debug\Jazzy_Dude.a(sax_isr.o)
 .text          0x00000000        0x0 .\CortexM3\ARM_GCC_493\Debug\Jazzy_Dude.a(LCD_Char_1.o)
 .data          0x00000000        0x0 .\CortexM3\ARM_GCC_493\Debug\Jazzy_Dude.a(LCD_Char_1.o)
 .text.LCD_Char_1_PutChar
                0x00000000        0x8 .\CortexM3\ARM_GCC_493\Debug\Jazzy_Dude.a(LCD_Char_1.o)
 .text.LCD_Char_1_Stop
                0x00000000       0x14 .\CortexM3\ARM_GCC_493\Debug\Jazzy_Dude.a(LCD_Char_1.o)
 .text.LCD_Char_1_PrintInt8
                0x00000000       0x20 .\CortexM3\ARM_GCC_493\Debug\Jazzy_Dude.a(LCD_Char_1.o)
 .text.LCD_Char_1_PrintInt16
                0x00000000       0x14 .\CortexM3\ARM_GCC_493\Debug\Jazzy_Dude.a(LCD_Char_1.o)
 .text.LCD_Char_1_PrintInt32
                0x00000000       0x1c .\CortexM3\ARM_GCC_493\Debug\Jazzy_Dude.a(LCD_Char_1.o)
 .rodata        0x00000000       0x10 .\CortexM3\ARM_GCC_493\Debug\Jazzy_Dude.a(LCD_Char_1.o)
 .text          0x00000000        0x0 .\CortexM3\ARM_GCC_493\Debug\Jazzy_Dude.a(lcd_isr.o)
 .data          0x00000000        0x0 .\CortexM3\ARM_GCC_493\Debug\Jazzy_Dude.a(lcd_isr.o)
 .bss           0x00000000        0x0 .\CortexM3\ARM_GCC_493\Debug\Jazzy_Dude.a(lcd_isr.o)
 .text.lcd_isr_Interrupt
                0x00000000        0x4 .\CortexM3\ARM_GCC_493\Debug\Jazzy_Dude.a(lcd_isr.o)
 .text.lcd_isr_GetVector
                0x00000000        0xc .\CortexM3\ARM_GCC_493\Debug\Jazzy_Dude.a(lcd_isr.o)
 .text.lcd_isr_GetPriority
                0x00000000        0xc .\CortexM3\ARM_GCC_493\Debug\Jazzy_Dude.a(lcd_isr.o)
 .text.lcd_isr_GetState
                0x00000000       0x10 .\CortexM3\ARM_GCC_493\Debug\Jazzy_Dude.a(lcd_isr.o)
 .text.lcd_isr_Start
                0x00000000       0x1c .\CortexM3\ARM_GCC_493\Debug\Jazzy_Dude.a(lcd_isr.o)
 .text.lcd_isr_Stop
                0x00000000       0x14 .\CortexM3\ARM_GCC_493\Debug\Jazzy_Dude.a(lcd_isr.o)
 .text.lcd_isr_SetPending
                0x00000000        0xc .\CortexM3\ARM_GCC_493\Debug\Jazzy_Dude.a(lcd_isr.o)
 .text.lcd_isr_ClearPending
                0x00000000        0xc .\CortexM3\ARM_GCC_493\Debug\Jazzy_Dude.a(lcd_isr.o)
 .text          0x00000000        0x0 .\CortexM3\ARM_GCC_493\Debug\Jazzy_Dude.a(led.o)
 .data          0x00000000        0x0 .\CortexM3\ARM_GCC_493\Debug\Jazzy_Dude.a(led.o)
 .bss           0x00000000        0x0 .\CortexM3\ARM_GCC_493\Debug\Jazzy_Dude.a(led.o)
 .text.led_SetDriveMode
                0x00000000       0x18 .\CortexM3\ARM_GCC_493\Debug\Jazzy_Dude.a(led.o)
 .text.led_ReadDataReg
                0x00000000       0x10 .\CortexM3\ARM_GCC_493\Debug\Jazzy_Dude.a(led.o)
 .text          0x00000000        0x0 .\CortexM3\ARM_GCC_493\Debug\Jazzy_Dude.a(led1.o)
 .data          0x00000000        0x0 .\CortexM3\ARM_GCC_493\Debug\Jazzy_Dude.a(led1.o)
 .bss           0x00000000        0x0 .\CortexM3\ARM_GCC_493\Debug\Jazzy_Dude.a(led1.o)
 .text.led1_SetDriveMode
                0x00000000       0x18 .\CortexM3\ARM_GCC_493\Debug\Jazzy_Dude.a(led1.o)
 .text.led1_ReadDataReg
                0x00000000       0x10 .\CortexM3\ARM_GCC_493\Debug\Jazzy_Dude.a(led1.o)
 .text          0x00000000        0x0 .\CortexM3\ARM_GCC_493\Debug\Jazzy_Dude.a(CyFlash.o)
 .data          0x00000000        0x0 .\CortexM3\ARM_GCC_493\Debug\Jazzy_Dude.a(CyFlash.o)
 .bss           0x00000000        0x4 .\CortexM3\ARM_GCC_493\Debug\Jazzy_Dude.a(CyFlash.o)
 .text.CyFlashGetSpcAlgorithm
                0x00000000       0x4c .\CortexM3\ARM_GCC_493\Debug\Jazzy_Dude.a(CyFlash.o)
 .text.CySetTempInt
                0x00000000       0x60 .\CortexM3\ARM_GCC_493\Debug\Jazzy_Dude.a(CyFlash.o)
 .text.CyFlash_Start
                0x00000000       0x54 .\CortexM3\ARM_GCC_493\Debug\Jazzy_Dude.a(CyFlash.o)
 .text.CyFlash_Stop
                0x00000000       0x24 .\CortexM3\ARM_GCC_493\Debug\Jazzy_Dude.a(CyFlash.o)
 .text.CySetTemp
                0x00000000       0x14 .\CortexM3\ARM_GCC_493\Debug\Jazzy_Dude.a(CyFlash.o)
 .text.CySetFlashEEBuffer
                0x00000000       0x28 .\CortexM3\ARM_GCC_493\Debug\Jazzy_Dude.a(CyFlash.o)
 .text.CyWriteRowFull
                0x00000000       0xf8 .\CortexM3\ARM_GCC_493\Debug\Jazzy_Dude.a(CyFlash.o)
 .text.CyWriteRowData
                0x00000000       0x14 .\CortexM3\ARM_GCC_493\Debug\Jazzy_Dude.a(CyFlash.o)
 .text.CyFlash_SetWaitCycles
                0x00000000       0x7c .\CortexM3\ARM_GCC_493\Debug\Jazzy_Dude.a(CyFlash.o)
 .text.CyEEPROM_Start
                0x00000000       0x54 .\CortexM3\ARM_GCC_493\Debug\Jazzy_Dude.a(CyFlash.o)
 .text.CyEEPROM_Stop
                0x00000000       0x24 .\CortexM3\ARM_GCC_493\Debug\Jazzy_Dude.a(CyFlash.o)
 .text.CyEEPROM_ReadReserve
                0x00000000       0x1c .\CortexM3\ARM_GCC_493\Debug\Jazzy_Dude.a(CyFlash.o)
 .text.CyEEPROM_ReadRelease
                0x00000000       0x10 .\CortexM3\ARM_GCC_493\Debug\Jazzy_Dude.a(CyFlash.o)
 COMMON         0x00000000        0x2 .\CortexM3\ARM_GCC_493\Debug\Jazzy_Dude.a(CyFlash.o)
 .text          0x00000000        0x0 .\CortexM3\ARM_GCC_493\Debug\Jazzy_Dude.a(CySpc.o)
 .data          0x00000000        0x0 .\CortexM3\ARM_GCC_493\Debug\Jazzy_Dude.a(CySpc.o)
 .bss           0x00000000        0x8 .\CortexM3\ARM_GCC_493\Debug\Jazzy_Dude.a(CySpc.o)
 .text.CySpcStart
                0x00000000       0x24 .\CortexM3\ARM_GCC_493\Debug\Jazzy_Dude.a(CySpc.o)
 .text.CySpcStop
                0x00000000       0x24 .\CortexM3\ARM_GCC_493\Debug\Jazzy_Dude.a(CySpc.o)
 .text.CySpcReadData
                0x00000000       0x34 .\CortexM3\ARM_GCC_493\Debug\Jazzy_Dude.a(CySpc.o)
 .text.CySpcLoadMultiByte
                0x00000000       0x78 .\CortexM3\ARM_GCC_493\Debug\Jazzy_Dude.a(CySpc.o)
 .text.CySpcLoadRow
                0x00000000       0x54 .\CortexM3\ARM_GCC_493\Debug\Jazzy_Dude.a(CySpc.o)
 .text.CySpcLoadRowFull
                0x00000000       0x80 .\CortexM3\ARM_GCC_493\Debug\Jazzy_Dude.a(CySpc.o)
 .text.CySpcWriteRow
                0x00000000       0x4c .\CortexM3\ARM_GCC_493\Debug\Jazzy_Dude.a(CySpc.o)
 .text.CySpcEraseSector
                0x00000000       0x3c .\CortexM3\ARM_GCC_493\Debug\Jazzy_Dude.a(CySpc.o)
 .text.CySpcGetTemp
                0x00000000       0x3c .\CortexM3\ARM_GCC_493\Debug\Jazzy_Dude.a(CySpc.o)
 .text.CySpcLock
                0x00000000       0x4c .\CortexM3\ARM_GCC_493\Debug\Jazzy_Dude.a(CySpc.o)
 .text.CySpcUnlock
                0x00000000       0x38 .\CortexM3\ARM_GCC_493\Debug\Jazzy_Dude.a(CySpc.o)
 .text.CySpcGetAlgorithm
                0x00000000       0x28 .\CortexM3\ARM_GCC_493\Debug\Jazzy_Dude.a(CySpc.o)
 .data          0x00000000        0x0 c:/program files (x86)/cypress/psoc creator/3.3/psoc creator/import/gnu/arm/4.9.3/bin/../lib/gcc/arm-none-eabi/4.9.3/armv7-m\libgcc.a(_arm_addsubdf3.o)
 .bss           0x00000000        0x0 c:/program files (x86)/cypress/psoc creator/3.3/psoc creator/import/gnu/arm/4.9.3/bin/../lib/gcc/arm-none-eabi/4.9.3/armv7-m\libgcc.a(_arm_addsubdf3.o)
 .data          0x00000000        0x0 c:/program files (x86)/cypress/psoc creator/3.3/psoc creator/import/gnu/arm/4.9.3/bin/../lib/gcc/arm-none-eabi/4.9.3/armv7-m\libgcc.a(_arm_muldivdf3.o)
 .bss           0x00000000        0x0 c:/program files (x86)/cypress/psoc creator/3.3/psoc creator/import/gnu/arm/4.9.3/bin/../lib/gcc/arm-none-eabi/4.9.3/armv7-m\libgcc.a(_arm_muldivdf3.o)
 .data          0x00000000        0x0 c:/program files (x86)/cypress/psoc creator/3.3/psoc creator/import/gnu/arm/4.9.3/bin/../lib/gcc/arm-none-eabi/4.9.3/armv7-m\libgcc.a(_arm_fixunsdfsi.o)
 .bss           0x00000000        0x0 c:/program files (x86)/cypress/psoc creator/3.3/psoc creator/import/gnu/arm/4.9.3/bin/../lib/gcc/arm-none-eabi/4.9.3/armv7-m\libgcc.a(_arm_fixunsdfsi.o)
 .data          0x00000000        0x0 c:/program files (x86)/cypress/psoc creator/3.3/psoc creator/import/gnu/arm/4.9.3/bin/../lib/gcc/arm-none-eabi/4.9.3/armv7-m\libgcc.a(_arm_addsubsf3.o)
 .bss           0x00000000        0x0 c:/program files (x86)/cypress/psoc creator/3.3/psoc creator/import/gnu/arm/4.9.3/bin/../lib/gcc/arm-none-eabi/4.9.3/armv7-m\libgcc.a(_arm_addsubsf3.o)
 .data          0x00000000        0x0 c:/program files (x86)/cypress/psoc creator/3.3/psoc creator/import/gnu/arm/4.9.3/bin/../lib/gcc/arm-none-eabi/4.9.3/armv7-m\libgcc.a(_arm_muldivsf3.o)
 .bss           0x00000000        0x0 c:/program files (x86)/cypress/psoc creator/3.3/psoc creator/import/gnu/arm/4.9.3/bin/../lib/gcc/arm-none-eabi/4.9.3/armv7-m\libgcc.a(_arm_muldivsf3.o)
 .data          0x00000000        0x0 c:/program files (x86)/cypress/psoc creator/3.3/psoc creator/import/gnu/arm/4.9.3/bin/../lib/gcc/arm-none-eabi/4.9.3/armv7-m\libgcc.a(_arm_cmpsf2.o)
 .bss           0x00000000        0x0 c:/program files (x86)/cypress/psoc creator/3.3/psoc creator/import/gnu/arm/4.9.3/bin/../lib/gcc/arm-none-eabi/4.9.3/armv7-m\libgcc.a(_arm_cmpsf2.o)
 .data          0x00000000        0x0 c:/program files (x86)/cypress/psoc creator/3.3/psoc creator/import/gnu/arm/4.9.3/bin/../lib/gcc/arm-none-eabi/4.9.3/armv7-m\libgcc.a(_arm_fixsfsi.o)
 .bss           0x00000000        0x0 c:/program files (x86)/cypress/psoc creator/3.3/psoc creator/import/gnu/arm/4.9.3/bin/../lib/gcc/arm-none-eabi/4.9.3/armv7-m\libgcc.a(_arm_fixsfsi.o)
 .data          0x00000000        0x0 c:/program files (x86)/cypress/psoc creator/3.3/psoc creator/import/gnu/arm/4.9.3/bin/../lib/gcc/arm-none-eabi/4.9.3/armv7-m\libgcc.a(_arm_fixunssfsi.o)
 .bss           0x00000000        0x0 c:/program files (x86)/cypress/psoc creator/3.3/psoc creator/import/gnu/arm/4.9.3/bin/../lib/gcc/arm-none-eabi/4.9.3/armv7-m\libgcc.a(_arm_fixunssfsi.o)
 .text          0x00000000        0x0 c:/program files (x86)/cypress/psoc creator/3.3/psoc creator/import/gnu/arm/4.9.3/bin/../lib/gcc/arm-none-eabi/4.9.3/../../../../arm-none-eabi/lib/armv7-m\libg_nano.a(lib_a-errno.o)
 .data          0x00000000        0x0 c:/program files (x86)/cypress/psoc creator/3.3/psoc creator/import/gnu/arm/4.9.3/bin/../lib/gcc/arm-none-eabi/4.9.3/../../../../arm-none-eabi/lib/armv7-m\libg_nano.a(lib_a-errno.o)
 .bss           0x00000000        0x0 c:/program files (x86)/cypress/psoc creator/3.3/psoc creator/import/gnu/arm/4.9.3/bin/../lib/gcc/arm-none-eabi/4.9.3/../../../../arm-none-eabi/lib/armv7-m\libg_nano.a(lib_a-errno.o)
 .text.__errno  0x00000000        0xc c:/program files (x86)/cypress/psoc creator/3.3/psoc creator/import/gnu/arm/4.9.3/bin/../lib/gcc/arm-none-eabi/4.9.3/../../../../arm-none-eabi/lib/armv7-m\libg_nano.a(lib_a-errno.o)
 .text          0x00000000        0x0 c:/program files (x86)/cypress/psoc creator/3.3/psoc creator/import/gnu/arm/4.9.3/bin/../lib/gcc/arm-none-eabi/4.9.3/../../../../arm-none-eabi/lib/armv7-m\libg_nano.a(lib_a-exit.o)
 .data          0x00000000        0x0 c:/program files (x86)/cypress/psoc creator/3.3/psoc creator/import/gnu/arm/4.9.3/bin/../lib/gcc/arm-none-eabi/4.9.3/../../../../arm-none-eabi/lib/armv7-m\libg_nano.a(lib_a-exit.o)
 .bss           0x00000000        0x0 c:/program files (x86)/cypress/psoc creator/3.3/psoc creator/import/gnu/arm/4.9.3/bin/../lib/gcc/arm-none-eabi/4.9.3/../../../../arm-none-eabi/lib/armv7-m\libg_nano.a(lib_a-exit.o)
 .text.exit     0x00000000       0x28 c:/program files (x86)/cypress/psoc creator/3.3/psoc creator/import/gnu/arm/4.9.3/bin/../lib/gcc/arm-none-eabi/4.9.3/../../../../arm-none-eabi/lib/armv7-m\libg_nano.a(lib_a-exit.o)
 .text          0x00000000        0x0 c:/program files (x86)/cypress/psoc creator/3.3/psoc creator/import/gnu/arm/4.9.3/bin/../lib/gcc/arm-none-eabi/4.9.3/../../../../arm-none-eabi/lib/armv7-m\libg_nano.a(lib_a-impure.o)
 .data          0x00000000        0x0 c:/program files (x86)/cypress/psoc creator/3.3/psoc creator/import/gnu/arm/4.9.3/bin/../lib/gcc/arm-none-eabi/4.9.3/../../../../arm-none-eabi/lib/armv7-m\libg_nano.a(lib_a-impure.o)
 .bss           0x00000000        0x0 c:/program files (x86)/cypress/psoc creator/3.3/psoc creator/import/gnu/arm/4.9.3/bin/../lib/gcc/arm-none-eabi/4.9.3/../../../../arm-none-eabi/lib/armv7-m\libg_nano.a(lib_a-impure.o)
 .data.impure_data
                0x00000000       0x60 c:/program files (x86)/cypress/psoc creator/3.3/psoc creator/import/gnu/arm/4.9.3/bin/../lib/gcc/arm-none-eabi/4.9.3/../../../../arm-none-eabi/lib/armv7-m\libg_nano.a(lib_a-impure.o)
 .data._impure_ptr
                0x00000000        0x4 c:/program files (x86)/cypress/psoc creator/3.3/psoc creator/import/gnu/arm/4.9.3/bin/../lib/gcc/arm-none-eabi/4.9.3/../../../../arm-none-eabi/lib/armv7-m\libg_nano.a(lib_a-impure.o)
 .rodata.str1.1
                0x00000000        0x2 c:/program files (x86)/cypress/psoc creator/3.3/psoc creator/import/gnu/arm/4.9.3/bin/../lib/gcc/arm-none-eabi/4.9.3/../../../../arm-none-eabi/lib/armv7-m\libg_nano.a(lib_a-impure.o)
 .rodata._global_impure_ptr
                0x00000000        0x4 c:/program files (x86)/cypress/psoc creator/3.3/psoc creator/import/gnu/arm/4.9.3/bin/../lib/gcc/arm-none-eabi/4.9.3/../../../../arm-none-eabi/lib/armv7-m\libg_nano.a(lib_a-impure.o)
 .text          0x00000000        0x0 c:/program files (x86)/cypress/psoc creator/3.3/psoc creator/import/gnu/arm/4.9.3/bin/../lib/gcc/arm-none-eabi/4.9.3/../../../../arm-none-eabi/lib/armv7-m\libg_nano.a(lib_a-init.o)
 .data          0x00000000        0x0 c:/program files (x86)/cypress/psoc creator/3.3/psoc creator/import/gnu/arm/4.9.3/bin/../lib/gcc/arm-none-eabi/4.9.3/../../../../arm-none-eabi/lib/armv7-m\libg_nano.a(lib_a-init.o)
 .bss           0x00000000        0x0 c:/program files (x86)/cypress/psoc creator/3.3/psoc creator/import/gnu/arm/4.9.3/bin/../lib/gcc/arm-none-eabi/4.9.3/../../../../arm-none-eabi/lib/armv7-m\libg_nano.a(lib_a-init.o)
 .text          0x00000000        0x0 c:/program files (x86)/cypress/psoc creator/3.3/psoc creator/import/gnu/arm/4.9.3/bin/../lib/gcc/arm-none-eabi/4.9.3/../../../../arm-none-eabi/lib/armv7-m\libg_nano.a(lib_a-memcpy.o)
 .data          0x00000000        0x0 c:/program files (x86)/cypress/psoc creator/3.3/psoc creator/import/gnu/arm/4.9.3/bin/../lib/gcc/arm-none-eabi/4.9.3/../../../../arm-none-eabi/lib/armv7-m\libg_nano.a(lib_a-memcpy.o)
 .bss           0x00000000        0x0 c:/program files (x86)/cypress/psoc creator/3.3/psoc creator/import/gnu/arm/4.9.3/bin/../lib/gcc/arm-none-eabi/4.9.3/../../../../arm-none-eabi/lib/armv7-m\libg_nano.a(lib_a-memcpy.o)
 .text          0x00000000        0x0 c:/program files (x86)/cypress/psoc creator/3.3/psoc creator/import/gnu/arm/4.9.3/bin/../lib/gcc/arm-none-eabi/4.9.3/../../../../arm-none-eabi/lib/armv7-m\libg_nano.a(lib_a-memset.o)
 .data          0x00000000        0x0 c:/program files (x86)/cypress/psoc creator/3.3/psoc creator/import/gnu/arm/4.9.3/bin/../lib/gcc/arm-none-eabi/4.9.3/../../../../arm-none-eabi/lib/armv7-m\libg_nano.a(lib_a-memset.o)
 .bss           0x00000000        0x0 c:/program files (x86)/cypress/psoc creator/3.3/psoc creator/import/gnu/arm/4.9.3/bin/../lib/gcc/arm-none-eabi/4.9.3/../../../../arm-none-eabi/lib/armv7-m\libg_nano.a(lib_a-memset.o)
 .text          0x00000000        0x0 c:/program files (x86)/cypress/psoc creator/3.3/psoc creator/import/gnu/arm/4.9.3/bin/../lib/gcc/arm-none-eabi/4.9.3/armv7-m/crtend.o
 .data          0x00000000        0x0 c:/program files (x86)/cypress/psoc creator/3.3/psoc creator/import/gnu/arm/4.9.3/bin/../lib/gcc/arm-none-eabi/4.9.3/armv7-m/crtend.o
 .bss           0x00000000        0x0 c:/program files (x86)/cypress/psoc creator/3.3/psoc creator/import/gnu/arm/4.9.3/bin/../lib/gcc/arm-none-eabi/4.9.3/armv7-m/crtend.o
 .text          0x00000000        0x0 c:/program files (x86)/cypress/psoc creator/3.3/psoc creator/import/gnu/arm/4.9.3/bin/../lib/gcc/arm-none-eabi/4.9.3/armv7-m/crtn.o
 .data          0x00000000        0x0 c:/program files (x86)/cypress/psoc creator/3.3/psoc creator/import/gnu/arm/4.9.3/bin/../lib/gcc/arm-none-eabi/4.9.3/armv7-m/crtn.o
 .bss           0x00000000        0x0 c:/program files (x86)/cypress/psoc creator/3.3/psoc creator/import/gnu/arm/4.9.3/bin/../lib/gcc/arm-none-eabi/4.9.3/armv7-m/crtn.o

Memory Configuration

Name             Origin             Length             Attributes
rom              0x00000000         0x00040000         xr
ram              0x1fff8000         0x00010000         xrw
*default*        0x00000000         0xffffffff

Linker script and memory map

LOAD c:/program files (x86)/cypress/psoc creator/3.3/psoc creator/import/gnu/arm/4.9.3/bin/../lib/gcc/arm-none-eabi/4.9.3/armv7-m/crti.o
LOAD c:/program files (x86)/cypress/psoc creator/3.3/psoc creator/import/gnu/arm/4.9.3/bin/../lib/gcc/arm-none-eabi/4.9.3/armv7-m/crtbegin.o
LOAD c:/program files (x86)/cypress/psoc creator/3.3/psoc creator/import/gnu/arm/4.9.3/bin/../lib/gcc/arm-none-eabi/4.9.3/../../../../arm-none-eabi/lib/armv7-m/crt0.o
START GROUP
LOAD .\CortexM3\ARM_GCC_493\Debug\main.o
LOAD .\CortexM3\ARM_GCC_493\Debug\cymetadata.o
LOAD .\CortexM3\ARM_GCC_493\Debug\Cm3Start.o
LOAD .\CortexM3\ARM_GCC_493\Debug\Jazzy_Dude.a
LOAD C:\Program Files (x86)\Cypress\PSoC Creator\3.3\PSoC Creator\psoc\content\cycomponentlibrary\CyComponentLibrary.cylib\CortexM3\ARM_GCC_493\Debug\CyComponentLibrary.a
END GROUP
START GROUP
LOAD c:/program files (x86)/cypress/psoc creator/3.3/psoc creator/import/gnu/arm/4.9.3/bin/../lib/gcc/arm-none-eabi/4.9.3/armv7-m\libgcc.a
LOAD c:/program files (x86)/cypress/psoc creator/3.3/psoc creator/import/gnu/arm/4.9.3/bin/../lib/gcc/arm-none-eabi/4.9.3/../../../../arm-none-eabi/lib/armv7-m\libg_nano.a
LOAD c:/program files (x86)/cypress/psoc creator/3.3/psoc creator/import/gnu/arm/4.9.3/bin/../lib/gcc/arm-none-eabi/4.9.3/../../../../arm-none-eabi/lib/armv7-m\libc_nano.a
END GROUP
START GROUP
LOAD c:/program files (x86)/cypress/psoc creator/3.3/psoc creator/import/gnu/arm/4.9.3/bin/../lib/gcc/arm-none-eabi/4.9.3/armv7-m\libgcc.a
LOAD c:/program files (x86)/cypress/psoc creator/3.3/psoc creator/import/gnu/arm/4.9.3/bin/../lib/gcc/arm-none-eabi/4.9.3/../../../../arm-none-eabi/lib/armv7-m\libc_nano.a
END GROUP
LOAD c:/program files (x86)/cypress/psoc creator/3.3/psoc creator/import/gnu/arm/4.9.3/bin/../lib/gcc/arm-none-eabi/4.9.3/armv7-m/crtend.o
LOAD c:/program files (x86)/cypress/psoc creator/3.3/psoc creator/import/gnu/arm/4.9.3/bin/../lib/gcc/arm-none-eabi/4.9.3/armv7-m/crtn.o
START GROUP
LOAD c:/program files (x86)/cypress/psoc creator/3.3/psoc creator/import/gnu/arm/4.9.3/bin/../lib/gcc/arm-none-eabi/4.9.3/armv7-m\libgcc.a
LOAD c:/program files (x86)/cypress/psoc creator/3.3/psoc creator/import/gnu/arm/4.9.3/bin/../lib/gcc/arm-none-eabi/4.9.3/../../../../arm-none-eabi/lib/armv7-m\libc.a
LOAD c:/program files (x86)/cypress/psoc creator/3.3/psoc creator/import/gnu/arm/4.9.3/bin/../lib/gcc/arm-none-eabi/4.9.3/../../../../arm-none-eabi/lib/armv7-m\libnosys.a
END GROUP
                0x00000000                CY_APPL_ORIGIN = 0x0
                0x00000100                CY_FLASH_ROW_SIZE = 0x100
                0x00000020                CY_ECC_ROW_SIZE = 0x20
                0x00000000                CY_EE_IN_BTLDR = 0x0
                0x00000000                CY_APPL_LOADABLE = 0x0
                0x00000800                CY_EE_SIZE = 0x800
                0x00000001                CY_APPL_NUM = 0x1
                0x00000001                CY_APPL_MAX = 0x1
                0x00000040                CY_METADATA_SIZE = 0x40
                0x00000000                CY_APPL_LOADABLE = 0x0
                0x00000000                CY_CHECKSUM_EXCLUDE_SIZE = ALIGN (0x0, CY_FLASH_ROW_SIZE)
                0x1fff8178                PROVIDE (__cy_heap_start, _end)
                0x00000001                PROVIDE (__cy_region_num, ((__cy_regions_end - __cy_regions) / 0x10))
                0x20008000                PROVIDE (__cy_stack, (ORIGIN (ram) + 0x10000))
                0x20007800                PROVIDE (__cy_heap_end, (__cy_stack - 0x800))

.cybootloader   0x00000000        0x0
 *(.cybootloader)
                0x00000000                appl1_start = CY_APPL_ORIGIN?CY_APPL_ORIGIN:ALIGN (CY_FLASH_ROW_SIZE)
                0x0001ff00                appl2_start = (appl1_start + ALIGN ((((0x40000 - appl1_start) - (0x2 * CY_FLASH_ROW_SIZE)) / 0x2), CY_FLASH_ROW_SIZE))
                0x00000000                appl_start = (CY_APPL_NUM == 0x1)?appl1_start:appl2_start
                0x00000000                ecc_offset = ((appl_start / CY_FLASH_ROW_SIZE) * CY_ECC_ROW_SIZE)
                0x00000000                ee_offset = (CY_APPL_LOADABLE && ! (CY_EE_IN_BTLDR))?((CY_EE_SIZE / CY_APPL_MAX) * (CY_APPL_NUM - 0x1)):0x0
                0x00000800                ee_size = (CY_APPL_LOADABLE && ! (CY_EE_IN_BTLDR))?(CY_EE_SIZE / CY_APPL_MAX):CY_EE_SIZE
                0x00000000                PROVIDE (CY_ECC_OFFSET, ecc_offset)

.text           0x00000000     0x19b2
 CREATE_OBJECT_SYMBOLS
                0x00000000                PROVIDE (__cy_interrupt_vector, RomVectors)
 *(.romvectors)
 .romvectors    0x00000000       0x10 .\CortexM3\ARM_GCC_493\Debug\Cm3Start.o
                0x00000000                RomVectors
                0x00000001                ASSERT ((. != __cy_interrupt_vector), No interrupt vector)
                0x00000001                ASSERT (CY_APPL_ORIGIN?(SIZEOF (.cybootloader) <= CY_APPL_ORIGIN):0x1, Wrong image location)
                0x00000010                PROVIDE (__cy_reset, Reset)
 *(.text.Reset)
 .text.Reset    0x00000010       0x18 .\CortexM3\ARM_GCC_493\Debug\Cm3Start.o
                0x00000010                Reset
                0x00000001                ASSERT ((. != __cy_reset), No reset code)
 *(.dma_init)
                0x00000001                ASSERT ((((appl_start + .) <= 0x10000) || 0x1), DMA Init must be within the first 64k of flash)
 *(.text .text.* .gnu.linkonce.t.*)
 .text          0x00000028       0x5c c:/program files (x86)/cypress/psoc creator/3.3/psoc creator/import/gnu/arm/4.9.3/bin/../lib/gcc/arm-none-eabi/4.9.3/armv7-m/crtbegin.o
 .text.Lcd_ISR  0x00000084       0x18 .\CortexM3\ARM_GCC_493\Debug\main.o
                0x00000084                Lcd_ISR
 .text.Sax_Env_Init
                0x0000009c       0x5c .\CortexM3\ARM_GCC_493\Debug\main.o
                0x0000009c                Sax_Env_Init
 .text.Envelope_Pressed
                0x000000f8       0x14 .\CortexM3\ARM_GCC_493\Debug\main.o
                0x000000f8                Envelope_Pressed
 .text.Envelope_Release
                0x0000010c        0xc .\CortexM3\ARM_GCC_493\Debug\main.o
                0x0000010c                Envelope_Release
 .text.calc_phase
                0x00000118       0x30 .\CortexM3\ARM_GCC_493\Debug\main.o
                0x00000118                calc_phase
 .text.Envelope_Process
                0x00000148       0xa0 .\CortexM3\ARM_GCC_493\Debug\main.o
                0x00000148                Envelope_Process
 .text.Sax_ISR  0x000001e8       0xa8 .\CortexM3\ARM_GCC_493\Debug\main.o
                0x000001e8                Sax_ISR
 .text.get_note
                0x00000290       0x64 .\CortexM3\ARM_GCC_493\Debug\main.o
                0x00000290                get_note
 .text.main     0x000002f4       0x64 .\CortexM3\ARM_GCC_493\Debug\main.o
                0x000002f4                main
 .text.IntDefaultHandler
                0x00000358        0x4 .\CortexM3\ARM_GCC_493\Debug\Cm3Start.o
                0x00000358                IntDefaultHandler
 .text.Start_c  0x0000035c       0x4c .\CortexM3\ARM_GCC_493\Debug\Cm3Start.o
                0x0000035c                Start_c
 .text.initialize_psoc
                0x000003a8       0x74 .\CortexM3\ARM_GCC_493\Debug\Cm3Start.o
                0x000003a8                initialize_psoc
 .text.CyClockStartupError
                0x0000041c        0x4 .\CortexM3\ARM_GCC_493\Debug\Jazzy_Dude.a(cyfitter_cfg.o)
 .text.cfg_write_bytes32
                0x00000420       0x34 .\CortexM3\ARM_GCC_493\Debug\Jazzy_Dude.a(cyfitter_cfg.o)
 .text.AnalogSetDefault
                0x00000454       0x38 .\CortexM3\ARM_GCC_493\Debug\Jazzy_Dude.a(cyfitter_cfg.o)
 .text.CYMEMZERO
                0x0000048c        0xc .\CortexM3\ARM_GCC_493\Debug\Jazzy_Dude.a(cyfitter_cfg.o)
 .text.ClockSetup
                0x00000498       0xc4 .\CortexM3\ARM_GCC_493\Debug\Jazzy_Dude.a(cyfitter_cfg.o)
 .text.CYCONFIGCPY
                0x0000055c        0x8 .\CortexM3\ARM_GCC_493\Debug\Jazzy_Dude.a(cyfitter_cfg.o)
 .text.cyfitter_cfg
                0x00000564       0xdc .\CortexM3\ARM_GCC_493\Debug\Jazzy_Dude.a(cyfitter_cfg.o)
                0x00000564                cyfitter_cfg
 .text          0x00000640       0x20 .\CortexM3\ARM_GCC_493\Debug\Jazzy_Dude.a(CyBootAsmGnu.o)
                0x00000640                CyDelayCycles
                0x00000650                CyEnterCriticalSection
                0x00000658                CyExitCriticalSection
 .text.CyDelay  0x00000660       0x2c .\CortexM3\ARM_GCC_493\Debug\Jazzy_Dude.a(CyLib.o)
                0x00000660                CyDelay
 .text.CyDelayUs
                0x0000068c       0x14 .\CortexM3\ARM_GCC_493\Debug\Jazzy_Dude.a(CyLib.o)
                0x0000068c                CyDelayUs
 .text.SaxDac_Enable
                0x000006a0       0x1c .\CortexM3\ARM_GCC_493\Debug\Jazzy_Dude.a(SaxDac.o)
                0x000006a0                SaxDac_Enable
 .text.SaxDac_SetSpeed
                0x000006bc       0x1c .\CortexM3\ARM_GCC_493\Debug\Jazzy_Dude.a(SaxDac.o)
                0x000006bc                SaxDac_SetSpeed
 .text.SaxDac_SetValue
                0x000006d8        0xc .\CortexM3\ARM_GCC_493\Debug\Jazzy_Dude.a(SaxDac.o)
                0x000006d8                SaxDac_SetValue
 .text.SaxDac_DacTrim
                0x000006e4       0x24 .\CortexM3\ARM_GCC_493\Debug\Jazzy_Dude.a(SaxDac.o)
                0x000006e4                SaxDac_DacTrim
 .text.SaxDac_SetRange
                0x00000708       0x20 .\CortexM3\ARM_GCC_493\Debug\Jazzy_Dude.a(SaxDac.o)
                0x00000708                SaxDac_SetRange
 .text.SaxDac_Init
                0x00000728       0x1c .\CortexM3\ARM_GCC_493\Debug\Jazzy_Dude.a(SaxDac.o)
                0x00000728                SaxDac_Init
 .text.SaxDac_Start
                0x00000744       0x24 .\CortexM3\ARM_GCC_493\Debug\Jazzy_Dude.a(SaxDac.o)
                0x00000744                SaxDac_Start
 .text.sax_isr_SetVector
                0x00000768        0xc .\CortexM3\ARM_GCC_493\Debug\Jazzy_Dude.a(sax_isr.o)
                0x00000768                sax_isr_SetVector
 .text.sax_isr_SetPriority
                0x00000774       0x10 .\CortexM3\ARM_GCC_493\Debug\Jazzy_Dude.a(sax_isr.o)
                0x00000774                sax_isr_SetPriority
 .text.sax_isr_Enable
                0x00000784        0xc .\CortexM3\ARM_GCC_493\Debug\Jazzy_Dude.a(sax_isr.o)
                0x00000784                sax_isr_Enable
 .text.sax_isr_Disable
                0x00000790        0xc .\CortexM3\ARM_GCC_493\Debug\Jazzy_Dude.a(sax_isr.o)
                0x00000790                sax_isr_Disable
 .text.sax_isr_StartEx
                0x0000079c       0x1c .\CortexM3\ARM_GCC_493\Debug\Jazzy_Dude.a(sax_isr.o)
                0x0000079c                sax_isr_StartEx
 .text.LCD_Char_1_WrCntrlNib
                0x000007b8       0x34 .\CortexM3\ARM_GCC_493\Debug\Jazzy_Dude.a(LCD_Char_1.o)
 .text.LCD_Char_1_WrDatNib
                0x000007ec       0x44 .\CortexM3\ARM_GCC_493\Debug\Jazzy_Dude.a(LCD_Char_1.o)
 .text.LCD_Char_1_IsReady
                0x00000830       0xe4 .\CortexM3\ARM_GCC_493\Debug\Jazzy_Dude.a(LCD_Char_1.o)
                0x00000830                LCD_Char_1_IsReady
 .text.LCD_Char_1_WriteData
                0x00000914       0x18 .\CortexM3\ARM_GCC_493\Debug\Jazzy_Dude.a(LCD_Char_1.o)
                0x00000914                LCD_Char_1_WriteData
 .text.LCD_Char_1_PrintString
                0x0000092c       0x1c .\CortexM3\ARM_GCC_493\Debug\Jazzy_Dude.a(LCD_Char_1.o)
                0x0000092c                LCD_Char_1_PrintString
 .text.LCD_Char_1_WriteControl
                0x00000948       0x18 .\CortexM3\ARM_GCC_493\Debug\Jazzy_Dude.a(LCD_Char_1.o)
                0x00000948                LCD_Char_1_WriteControl
 .text.LCD_Char_1_Init
                0x00000960       0x6c .\CortexM3\ARM_GCC_493\Debug\Jazzy_Dude.a(LCD_Char_1.o)
                0x00000960                LCD_Char_1_Init
 .text.LCD_Char_1_Enable
                0x000009cc       0x14 .\CortexM3\ARM_GCC_493\Debug\Jazzy_Dude.a(LCD_Char_1.o)
                0x000009cc                LCD_Char_1_Enable
 .text.LCD_Char_1_Start
                0x000009e0       0x1c .\CortexM3\ARM_GCC_493\Debug\Jazzy_Dude.a(LCD_Char_1.o)
                0x000009e0                LCD_Char_1_Start
 .text.LCD_Char_1_Position
                0x000009fc       0x3c .\CortexM3\ARM_GCC_493\Debug\Jazzy_Dude.a(LCD_Char_1.o)
                0x000009fc                LCD_Char_1_Position
 .text.LCD_Char_1_PrintU32Number
                0x00000a38       0x60 .\CortexM3\ARM_GCC_493\Debug\Jazzy_Dude.a(LCD_Char_1.o)
                0x00000a38                LCD_Char_1_PrintU32Number
 .text.lcd_isr_SetVector
                0x00000a98        0xc .\CortexM3\ARM_GCC_493\Debug\Jazzy_Dude.a(lcd_isr.o)
                0x00000a98                lcd_isr_SetVector
 .text.lcd_isr_SetPriority
                0x00000aa4       0x10 .\CortexM3\ARM_GCC_493\Debug\Jazzy_Dude.a(lcd_isr.o)
                0x00000aa4                lcd_isr_SetPriority
 .text.lcd_isr_Enable
                0x00000ab4        0xc .\CortexM3\ARM_GCC_493\Debug\Jazzy_Dude.a(lcd_isr.o)
                0x00000ab4                lcd_isr_Enable
 .text.lcd_isr_Disable
                0x00000ac0        0xc .\CortexM3\ARM_GCC_493\Debug\Jazzy_Dude.a(lcd_isr.o)
                0x00000ac0                lcd_isr_Disable
 .text.lcd_isr_StartEx
                0x00000acc       0x1c .\CortexM3\ARM_GCC_493\Debug\Jazzy_Dude.a(lcd_isr.o)
                0x00000acc                lcd_isr_StartEx
 .text.led_Write
                0x00000ae8       0x18 .\CortexM3\ARM_GCC_493\Debug\Jazzy_Dude.a(led.o)
                0x00000ae8                led_Write
 .text.led_Read
                0x00000b00       0x10 .\CortexM3\ARM_GCC_493\Debug\Jazzy_Dude.a(led.o)
                0x00000b00                led_Read
 .text.led1_Write
                0x00000b10       0x18 .\CortexM3\ARM_GCC_493\Debug\Jazzy_Dude.a(led1.o)
                0x00000b10                led1_Write
 .text.led1_Read
                0x00000b28       0x10 .\CortexM3\ARM_GCC_493\Debug\Jazzy_Dude.a(led1.o)
                0x00000b28                led1_Read
 .text          0x00000b38      0x370 c:/program files (x86)/cypress/psoc creator/3.3/psoc creator/import/gnu/arm/4.9.3/bin/../lib/gcc/arm-none-eabi/4.9.3/armv7-m\libgcc.a(_arm_addsubdf3.o)
                0x00000b38                __aeabi_drsub
                0x00000b40                __aeabi_dsub
                0x00000b40                __subdf3
                0x00000b44                __aeabi_dadd
                0x00000b44                __adddf3
                0x00000dbc                __floatunsidf
                0x00000dbc                __aeabi_ui2d
                0x00000ddc                __floatsidf
                0x00000ddc                __aeabi_i2d
                0x00000e00                __aeabi_f2d
                0x00000e00                __extendsfdf2
                0x00000e3c                __floatundidf
                0x00000e3c                __aeabi_ul2d
                0x00000e4c                __floatdidf
                0x00000e4c                __aeabi_l2d
 .text          0x00000ea8      0x424 c:/program files (x86)/cypress/psoc creator/3.3/psoc creator/import/gnu/arm/4.9.3/bin/../lib/gcc/arm-none-eabi/4.9.3/armv7-m\libgcc.a(_arm_muldivdf3.o)
                0x00000ea8                __aeabi_dmul
                0x00000ea8                __muldf3
                0x000010fc                __divdf3
                0x000010fc                __aeabi_ddiv
 .text          0x000012cc       0x40 c:/program files (x86)/cypress/psoc creator/3.3/psoc creator/import/gnu/arm/4.9.3/bin/../lib/gcc/arm-none-eabi/4.9.3/armv7-m\libgcc.a(_arm_fixunsdfsi.o)
                0x000012cc                __aeabi_d2uiz
                0x000012cc                __fixunsdfsi
 .text          0x0000130c      0x21c c:/program files (x86)/cypress/psoc creator/3.3/psoc creator/import/gnu/arm/4.9.3/bin/../lib/gcc/arm-none-eabi/4.9.3/armv7-m\libgcc.a(_arm_addsubsf3.o)
                0x0000130c                __aeabi_frsub
                0x00001314                __subsf3
                0x00001314                __aeabi_fsub
                0x00001318                __aeabi_fadd
                0x00001318                __addsf3
                0x00001478                __aeabi_ui2f
                0x00001478                __floatunsisf
                0x00001480                __aeabi_i2f
                0x00001480                __floatsisf
                0x0000149c                __aeabi_ul2f
                0x0000149c                __floatundisf
                0x000014ac                __aeabi_l2f
                0x000014ac                __floatdisf
 .text          0x00001528      0x2a0 c:/program files (x86)/cypress/psoc creator/3.3/psoc creator/import/gnu/arm/4.9.3/bin/../lib/gcc/arm-none-eabi/4.9.3/armv7-m\libgcc.a(_arm_muldivsf3.o)
                0x00001528                __mulsf3
                0x00001528                __aeabi_fmul
                0x00001690                __aeabi_fdiv
                0x00001690                __divsf3
 .text          0x000017c8       0xec c:/program files (x86)/cypress/psoc creator/3.3/psoc creator/import/gnu/arm/4.9.3/bin/../lib/gcc/arm-none-eabi/4.9.3/armv7-m\libgcc.a(_arm_cmpsf2.o)
                0x000017c8                __gesf2
                0x000017c8                __gtsf2
                0x000017d0                __lesf2
                0x000017d0                __ltsf2
                0x000017d8                __nesf2
                0x000017d8                __eqsf2
                0x000017d8                __cmpsf2
                0x00001838                __aeabi_cfrcmple
                0x00001840                __aeabi_cfcmpeq
                0x00001840                __aeabi_cfcmple
                0x00001850                __aeabi_fcmpeq
                0x00001864                __aeabi_fcmplt
                0x00001878                __aeabi_fcmple
                0x0000188c                __aeabi_fcmpge
                0x000018a0                __aeabi_fcmpgt
 .text          0x000018b4       0x4c c:/program files (x86)/cypress/psoc creator/3.3/psoc creator/import/gnu/arm/4.9.3/bin/../lib/gcc/arm-none-eabi/4.9.3/armv7-m\libgcc.a(_arm_fixsfsi.o)
                0x000018b4                __aeabi_f2iz
                0x000018b4                __fixsfsi
 .text          0x00001900       0x40 c:/program files (x86)/cypress/psoc creator/3.3/psoc creator/import/gnu/arm/4.9.3/bin/../lib/gcc/arm-none-eabi/4.9.3/armv7-m\libgcc.a(_arm_fixunssfsi.o)
                0x00001900                __fixunssfsi
                0x00001900                __aeabi_f2uiz
 .text.__libc_init_array
                0x00001940       0x4c c:/program files (x86)/cypress/psoc creator/3.3/psoc creator/import/gnu/arm/4.9.3/bin/../lib/gcc/arm-none-eabi/4.9.3/../../../../arm-none-eabi/lib/armv7-m\libg_nano.a(lib_a-init.o)
                0x00001940                __libc_init_array
 .text.memcpy   0x0000198c       0x16 c:/program files (x86)/cypress/psoc creator/3.3/psoc creator/import/gnu/arm/4.9.3/bin/../lib/gcc/arm-none-eabi/4.9.3/../../../../arm-none-eabi/lib/armv7-m\libg_nano.a(lib_a-memcpy.o)
                0x0000198c                memcpy
 .text.memset   0x000019a2       0x10 c:/program files (x86)/cypress/psoc creator/3.3/psoc creator/import/gnu/arm/4.9.3/bin/../lib/gcc/arm-none-eabi/4.9.3/../../../../arm-none-eabi/lib/armv7-m\libg_nano.a(lib_a-memset.o)
                0x000019a2                memset
 *(.plt)
 *(.gnu.warning)
 *(.glue_7t)
 .glue_7t       0x00000000        0x0 linker stubs
 *(.glue_7)
 .glue_7        0x00000000        0x0 linker stubs
 *(.vfp11_veneer)
 .vfp11_veneer  0x00000000        0x0 linker stubs
 *(.bootloader)
 *(.ARM.extab* .gnu.linkonce.armextab.*)
 *(.gcc_except_table)

.v4_bx          0x000019b4        0x0
 .v4_bx         0x00000000        0x0 linker stubs

.iplt           0x000019b4        0x0
 .iplt          0x00000000        0x0 c:/program files (x86)/cypress/psoc creator/3.3/psoc creator/import/gnu/arm/4.9.3/bin/../lib/gcc/arm-none-eabi/4.9.3/armv7-m/crtbegin.o

.eh_frame_hdr
 *(.eh_frame_hdr)

.eh_frame       0x000019b4        0x4
 *(.eh_frame)
 .eh_frame      0x000019b4        0x0 c:/program files (x86)/cypress/psoc creator/3.3/psoc creator/import/gnu/arm/4.9.3/bin/../lib/gcc/arm-none-eabi/4.9.3/armv7-m/crtbegin.o
 .eh_frame      0x000019b4        0x4 c:/program files (x86)/cypress/psoc creator/3.3/psoc creator/import/gnu/arm/4.9.3/bin/../lib/gcc/arm-none-eabi/4.9.3/armv7-m/crtend.o
                0x000019b8                PROVIDE (__exidx_start, .)

.ARM.exidx
 *(.ARM.exidx* .gnu.linkonce.armexidx.*)
                0x000019b8                __exidx_end = .

.rodata         0x000019b8       0xc8
 *(.rodata .rodata.* .gnu.linkonce.r.*)
 .rodata        0x000019b8       0x50 .\CortexM3\ARM_GCC_493\Debug\main.o
                0x000019b8                SaxTable
                0x000019d8                SaxFreq
 .rodata.str1.4
                0x00001a08        0x8 .\CortexM3\ARM_GCC_493\Debug\main.o
 .rodata        0x00001a10       0x38 .\CortexM3\ARM_GCC_493\Debug\Jazzy_Dude.a(cyfitter_cfg.o)
                0x00001a48                . = ALIGN (0x4)
 *(.init)
 .init          0x00001a48        0x4 c:/program files (x86)/cypress/psoc creator/3.3/psoc creator/import/gnu/arm/4.9.3/bin/../lib/gcc/arm-none-eabi/4.9.3/armv7-m/crti.o
                0x00001a48                _init
 .init          0x00001a4c        0x8 c:/program files (x86)/cypress/psoc creator/3.3/psoc creator/import/gnu/arm/4.9.3/bin/../lib/gcc/arm-none-eabi/4.9.3/armv7-m/crtn.o
                0x00001a54                . = ALIGN (0x4)
                0x00001a54                __preinit_array_start = .
 *(.preinit_array)
                0x00001a54                __preinit_array_end = .
                0x00001a54                . = ALIGN (0x4)
                0x00001a54                __init_array_start = .
 *(SORT(.init_array.*))
 *(.init_array)
 .init_array    0x00001a54        0x4 c:/program files (x86)/cypress/psoc creator/3.3/psoc creator/import/gnu/arm/4.9.3/bin/../lib/gcc/arm-none-eabi/4.9.3/armv7-m/crtbegin.o
 .init_array    0x00001a58        0x4 .\CortexM3\ARM_GCC_493\Debug\Cm3Start.o
                0x00001a5c                __init_array_end = .
                0x00001a5c                . = ALIGN (0x4)
 *(.fini)
 .fini          0x00001a5c        0x4 c:/program files (x86)/cypress/psoc creator/3.3/psoc creator/import/gnu/arm/4.9.3/bin/../lib/gcc/arm-none-eabi/4.9.3/armv7-m/crti.o
                0x00001a5c                _fini
 .fini          0x00001a60        0x8 c:/program files (x86)/cypress/psoc creator/3.3/psoc creator/import/gnu/arm/4.9.3/bin/../lib/gcc/arm-none-eabi/4.9.3/armv7-m/crtn.o
                0x00001a68                . = ALIGN (0x4)
                0x00001a68                __fini_array_start = .
 *(.fini_array)
 .fini_array    0x00001a68        0x4 c:/program files (x86)/cypress/psoc creator/3.3/psoc creator/import/gnu/arm/4.9.3/bin/../lib/gcc/arm-none-eabi/4.9.3/armv7-m/crtbegin.o
 *(SORT(.fini_array.*))
                0x00001a6c                __fini_array_end = .
                0x00001a6c                . = ALIGN (0x4)
 *crtbegin.o(.ctors)
 *(EXCLUDE_FILE(*crtend.o) .ctors)
 *(SORT(.ctors.*))
 *crtend.o(.ctors)
                0x00001a6c                . = ALIGN (0x4)
 *crtbegin.o(.dtors)
 *(EXCLUDE_FILE(*crtend.o) .dtors)
 *(SORT(.dtors.*))
 *crtend.o(.dtors)
                0x00001a6c                . = ALIGN (0x4)
                0x00001a6c                __cy_regions = .
                0x00001a6c        0x4 LONG 0x1a80 __cy_region_init_ram
                0x00001a70        0x4 LONG 0x1fff8108 __cy_region_start_data
                0x00001a74        0x4 LONG 0x28 __cy_region_init_size_ram
                0x00001a78        0x4 LONG 0x48 __cy_region_zero_size_ram
                0x00001a7c                __cy_regions_end = .
                0x00001a80                . = ALIGN (0x8)
 *fill*         0x00001a7c        0x4 
                0x00001a80                _etext = .

.cy_checksum_exclude
                0x00001a80        0x0
 *(.cy_checksum_exclude)

.ramvectors     0x1fff8000      0x100
                0x1fff8000                __cy_region_start_ram = .
 *(.ramvectors)
 .ramvectors    0x1fff8000      0x100 .\CortexM3\ARM_GCC_493\Debug\Cm3Start.o
                0x1fff8000                CyRamVectors

.noinit         0x1fff8100        0x5
 *(.noinit)
 .noinit        0x1fff8100        0x4 .\CortexM3\ARM_GCC_493\Debug\Cm3Start.o
 .noinit        0x1fff8104        0x1 .\CortexM3\ARM_GCC_493\Debug\Jazzy_Dude.a(CyLib.o)
                0x1fff8104                CyResetStatus

.data           0x1fff8108       0x28 load address 0x00001a80
                0x1fff8108                __cy_region_start_data = .
 *(.jcr)
 .jcr           0x1fff8108        0x0 c:/program files (x86)/cypress/psoc creator/3.3/psoc creator/import/gnu/arm/4.9.3/bin/../lib/gcc/arm-none-eabi/4.9.3/armv7-m/crtbegin.o
 .jcr           0x1fff8108        0x4 c:/program files (x86)/cypress/psoc creator/3.3/psoc creator/import/gnu/arm/4.9.3/bin/../lib/gcc/arm-none-eabi/4.9.3/armv7-m/crtend.o
 *(.got.plt)
 *(.got)
 *(.shdata)
 *(.data .data.* .gnu.linkonce.d.*)
 .data          0x1fff810c       0x14 .\CortexM3\ARM_GCC_493\Debug\main.o
                0x1fff810c                SAX_ATTACK_TIME
                0x1fff8110                SAX_SUSTAIN_LEVEL
                0x1fff8114                SAX_DECAY_TIME
                0x1fff8118                SAX_RELEASE_TIME
                0x1fff811c                sax_current_note_freq
 .data          0x1fff8120       0x10 .\CortexM3\ARM_GCC_493\Debug\Jazzy_Dude.a(CyLib.o)
                0x1fff8120                cydelay_32k_ms
                0x1fff8124                cydelay_freq_khz
                0x1fff8128                cydelay_freq_mhz
                0x1fff812c                cydelay_freq_hz
                0x1fff8130                . = ALIGN (0x8)
 *(.ram)
                0x1fff8130                _edata = .

.igot.plt       0x1fff8130        0x0 load address 0x00001aa8
 .igot.plt      0x00000000        0x0 c:/program files (x86)/cypress/psoc creator/3.3/psoc creator/import/gnu/arm/4.9.3/bin/../lib/gcc/arm-none-eabi/4.9.3/armv7-m/crtbegin.o

.bss            0x1fff8130       0x48 load address 0x00001aa8
                0x1fff8130                PROVIDE (__bss_start__, .)
 *(.shbss)
 *(.bss .bss.* .gnu.linkonce.b.*)
 .bss           0x1fff8130       0x1c c:/program files (x86)/cypress/psoc creator/3.3/psoc creator/import/gnu/arm/4.9.3/bin/../lib/gcc/arm-none-eabi/4.9.3/armv7-m/crtbegin.o
 .bss           0x1fff814c        0x1 .\CortexM3\ARM_GCC_493\Debug\Jazzy_Dude.a(SaxDac.o)
                0x1fff814c                SaxDac_initVar
 .bss           0x1fff814d        0x2 .\CortexM3\ARM_GCC_493\Debug\Jazzy_Dude.a(LCD_Char_1.o)
                0x1fff814d                LCD_Char_1_enableState
                0x1fff814e                LCD_Char_1_initVar
 *(COMMON)
 *fill*         0x1fff814f        0x1 
 COMMON         0x1fff8150       0x28 .\CortexM3\ARM_GCC_493\Debug\main.o
                0x1fff8150                sax_env_lvl
                0x1fff8154                sax_sample
                0x1fff8155                new_idx
                0x1fff8156                sax_env_state
                0x1fff8158                sax_phase
                0x1fff815c                sax_env_out
                0x1fff8160                sax_atk_rate
                0x1fff8164                sax_zero_centered
                0x1fff8168                sax_phase_inc
                0x1fff816c                sax_enveloped_note
                0x1fff8170                sax_release_rate
                0x1fff8174                sax_decay_rate
                0x1fff8178                . = ALIGN (0x8)
 *(.ram.b)
                0x1fff8178                _end = .
                0x1fff8178                __end = .
                0x1fff8178                PROVIDE (end, .)
                0x1fff8178                PROVIDE (__bss_end__, .)
                0x00001a80                __cy_region_init_ram = LOADADDR (.data)
                0x00000028                __cy_region_init_size_ram = (_edata - ADDR (.data))
                0x00000048                __cy_region_zero_size_ram = (_end - _edata)

.heap           0x1fff8178       0x80 load address 0x00001aa8
                0x1fff8178                . = _end
                0x1fff81f8                . = (. + 0x80)
 *fill*         0x1fff8178       0x80 
                0x1fff81f8                __cy_heap_limit = .

.stack          0x20007800      0x800
                0x20007800                __cy_stack_limit = .
                0x20008000                . = (. + 0x800)
 *fill*         0x20007800      0x800 
                0x00000001                ASSERT ((__cy_stack_limit >= __cy_heap_limit), region RAM overflowed with stack)
                0x00000000                cy_checksum_exclude_size = (CY_APPL_LOADABLE == 0x1)?SIZEOF (.cy_checksum_exclude):0x0
                0x00000001                ASSERT ((cy_checksum_exclude_size <= CY_CHECKSUM_EXCLUDE_SIZE), CY_BOOT: Section .cy_checksum_exclude size exceedes specified limit.)

.cyloadermeta
 *(.cyloadermeta)

.cyloadablemeta
 *(.cyloadablemeta)

.cyconfigecc    0x80000000       0x44
 *(.cyconfigecc)
 .cyconfigecc   0x80000000       0x44 .\CortexM3\ARM_GCC_493\Debug\cymetadata.o
                0x80000000                cy_meta_configecc

.cycustnvl      0x90000000        0x4
 *(.cycustnvl)
 .cycustnvl     0x90000000        0x4 .\CortexM3\ARM_GCC_493\Debug\cymetadata.o
                0x90000000                cy_meta_custnvl

.cywolatch      0x90100000        0x4
 *(.cywolatch)
 .cywolatch     0x90100000        0x4 .\CortexM3\ARM_GCC_493\Debug\cymetadata.o
                0x90100000                cy_meta_wonvl

.cyeeprom       0x90200000        0x0
 *(.cyeeprom)
                0x00000001                ASSERT ((. <= ((0x90200000 + ee_offset) + ee_size)), .cyeeprom data will not fit in EEPROM)

.cyflashprotect
                0x90400000      0x100
 *(.cyflashprotect)
 .cyflashprotect
                0x90400000      0x100 .\CortexM3\ARM_GCC_493\Debug\cymetadata.o
                0x90400000                cy_meta_flashprotect

.cymeta         0x90500000        0xc
 *(.cymeta)
 .cymeta        0x90500000        0xc .\CortexM3\ARM_GCC_493\Debug\cymetadata.o
                0x90500000                cy_metadata

.rel.dyn        0x00001aa8        0x0 load address 0x9050000c
 .rel.iplt      0x00000000        0x0 c:/program files (x86)/cypress/psoc creator/3.3/psoc creator/import/gnu/arm/4.9.3/bin/../lib/gcc/arm-none-eabi/4.9.3/armv7-m/crtbegin.o

.stab
 *(.stab)

.stabstr
 *(.stabstr)

.debug
 *(.debug)

.line
 *(.line)

.debug_srcinfo
 *(.debug_srcinfo)

.debug_sfnames
 *(.debug_sfnames)

.debug_aranges  0x00000000      0x7c0
 *(.debug_aranges)
 .debug_aranges
                0x00000000       0x60 .\CortexM3\ARM_GCC_493\Debug\main.o
 .debug_aranges
                0x00000060       0x18 .\CortexM3\ARM_GCC_493\Debug\cymetadata.o
 .debug_aranges
                0x00000078       0x48 .\CortexM3\ARM_GCC_493\Debug\Cm3Start.o
 .debug_aranges
                0x000000c0       0x58 .\CortexM3\ARM_GCC_493\Debug\Jazzy_Dude.a(cyfitter_cfg.o)
 .debug_aranges
                0x00000118       0x20 .\CortexM3\ARM_GCC_493\Debug\Jazzy_Dude.a(CyBootAsmGnu.o)
 .debug_aranges
                0x00000138      0x298 .\CortexM3\ARM_GCC_493\Debug\Jazzy_Dude.a(CyLib.o)
 .debug_aranges
                0x000003d0       0x98 .\CortexM3\ARM_GCC_493\Debug\Jazzy_Dude.a(cyPm.o)
 .debug_aranges
                0x00000468       0x58 .\CortexM3\ARM_GCC_493\Debug\Jazzy_Dude.a(SaxDac.o)
 .debug_aranges
                0x000004c0       0x80 .\CortexM3\ARM_GCC_493\Debug\Jazzy_Dude.a(sax_isr.o)
 .debug_aranges
                0x00000540       0x98 .\CortexM3\ARM_GCC_493\Debug\Jazzy_Dude.a(LCD_Char_1.o)
 .debug_aranges
                0x000005d8       0x80 .\CortexM3\ARM_GCC_493\Debug\Jazzy_Dude.a(lcd_isr.o)
 .debug_aranges
                0x00000658       0x38 .\CortexM3\ARM_GCC_493\Debug\Jazzy_Dude.a(led.o)
 .debug_aranges
                0x00000690       0x38 .\CortexM3\ARM_GCC_493\Debug\Jazzy_Dude.a(led1.o)
 .debug_aranges
                0x000006c8       0x80 .\CortexM3\ARM_GCC_493\Debug\Jazzy_Dude.a(CyFlash.o)
 .debug_aranges
                0x00000748       0x78 .\CortexM3\ARM_GCC_493\Debug\Jazzy_Dude.a(CySpc.o)

.debug_pubnames
 *(.debug_pubnames)

.debug_info     0x00000000     0x4b01
 *(.debug_info .gnu.linkonce.wi.*)
 .debug_info    0x00000000      0x77c .\CortexM3\ARM_GCC_493\Debug\main.o
 .debug_info    0x0000077c      0x13a .\CortexM3\ARM_GCC_493\Debug\cymetadata.o
 .debug_info    0x000008b6      0x39f .\CortexM3\ARM_GCC_493\Debug\Cm3Start.o
 .debug_info    0x00000c55      0x4ae .\CortexM3\ARM_GCC_493\Debug\Jazzy_Dude.a(cyfitter_cfg.o)
 .debug_info    0x00001103       0x7e .\CortexM3\ARM_GCC_493\Debug\Jazzy_Dude.a(CyBootAsmGnu.o)
 .debug_info    0x00001181     0x136f .\CortexM3\ARM_GCC_493\Debug\Jazzy_Dude.a(CyLib.o)
 .debug_info    0x000024f0      0xa57 .\CortexM3\ARM_GCC_493\Debug\Jazzy_Dude.a(cyPm.o)
 .debug_info    0x00002f47      0x1de .\CortexM3\ARM_GCC_493\Debug\Jazzy_Dude.a(SaxDac.o)
 .debug_info    0x00003125      0x2cb .\CortexM3\ARM_GCC_493\Debug\Jazzy_Dude.a(sax_isr.o)
 .debug_info    0x000033f0      0x716 .\CortexM3\ARM_GCC_493\Debug\Jazzy_Dude.a(LCD_Char_1.o)
 .debug_info    0x00003b06      0x2cb .\CortexM3\ARM_GCC_493\Debug\Jazzy_Dude.a(lcd_isr.o)
 .debug_info    0x00003dd1      0x11f .\CortexM3\ARM_GCC_493\Debug\Jazzy_Dude.a(led.o)
 .debug_info    0x00003ef0      0x11f .\CortexM3\ARM_GCC_493\Debug\Jazzy_Dude.a(led1.o)
 .debug_info    0x0000400f      0x608 .\CortexM3\ARM_GCC_493\Debug\Jazzy_Dude.a(CyFlash.o)
 .debug_info    0x00004617      0x4ea .\CortexM3\ARM_GCC_493\Debug\Jazzy_Dude.a(CySpc.o)

.debug_abbrev   0x00000000     0x14f9
 *(.debug_abbrev)
 .debug_abbrev  0x00000000      0x1e6 .\CortexM3\ARM_GCC_493\Debug\main.o
 .debug_abbrev  0x000001e6       0x5d .\CortexM3\ARM_GCC_493\Debug\cymetadata.o
 .debug_abbrev  0x00000243      0x200 .\CortexM3\ARM_GCC_493\Debug\Cm3Start.o
 .debug_abbrev  0x00000443      0x203 .\CortexM3\ARM_GCC_493\Debug\Jazzy_Dude.a(cyfitter_cfg.o)
 .debug_abbrev  0x00000646       0x14 .\CortexM3\ARM_GCC_493\Debug\Jazzy_Dude.a(CyBootAsmGnu.o)
 .debug_abbrev  0x0000065a      0x296 .\CortexM3\ARM_GCC_493\Debug\Jazzy_Dude.a(CyLib.o)
 .debug_abbrev  0x000008f0      0x1ed .\CortexM3\ARM_GCC_493\Debug\Jazzy_Dude.a(cyPm.o)
 .debug_abbrev  0x00000add       0xf7 .\CortexM3\ARM_GCC_493\Debug\Jazzy_Dude.a(SaxDac.o)
 .debug_abbrev  0x00000bd4      0x173 .\CortexM3\ARM_GCC_493\Debug\Jazzy_Dude.a(sax_isr.o)
 .debug_abbrev  0x00000d47      0x171 .\CortexM3\ARM_GCC_493\Debug\Jazzy_Dude.a(LCD_Char_1.o)
 .debug_abbrev  0x00000eb8      0x173 .\CortexM3\ARM_GCC_493\Debug\Jazzy_Dude.a(lcd_isr.o)
 .debug_abbrev  0x0000102b       0x90 .\CortexM3\ARM_GCC_493\Debug\Jazzy_Dude.a(led.o)
 .debug_abbrev  0x000010bb       0x90 .\CortexM3\ARM_GCC_493\Debug\Jazzy_Dude.a(led1.o)
 .debug_abbrev  0x0000114b      0x1ed .\CortexM3\ARM_GCC_493\Debug\Jazzy_Dude.a(CyFlash.o)
 .debug_abbrev  0x00001338      0x1c1 .\CortexM3\ARM_GCC_493\Debug\Jazzy_Dude.a(CySpc.o)

.debug_line     0x00000000     0x1d84
 *(.debug_line)
 .debug_line    0x00000000      0x27f .\CortexM3\ARM_GCC_493\Debug\main.o
 .debug_line    0x0000027f       0x53 .\CortexM3\ARM_GCC_493\Debug\cymetadata.o
 .debug_line    0x000002d2      0x249 .\CortexM3\ARM_GCC_493\Debug\Cm3Start.o
 .debug_line    0x0000051b      0x1e2 .\CortexM3\ARM_GCC_493\Debug\Jazzy_Dude.a(cyfitter_cfg.o)
 .debug_line    0x000006fd       0x68 .\CortexM3\ARM_GCC_493\Debug\Jazzy_Dude.a(CyBootAsmGnu.o)
 .debug_line    0x00000765      0x806 .\CortexM3\ARM_GCC_493\Debug\Jazzy_Dude.a(CyLib.o)
 .debug_line    0x00000f6b      0x366 .\CortexM3\ARM_GCC_493\Debug\Jazzy_Dude.a(cyPm.o)
 .debug_line    0x000012d1       0xe5 .\CortexM3\ARM_GCC_493\Debug\Jazzy_Dude.a(SaxDac.o)
 .debug_line    0x000013b6      0x14d .\CortexM3\ARM_GCC_493\Debug\Jazzy_Dude.a(sax_isr.o)
 .debug_line    0x00001503      0x1e5 .\CortexM3\ARM_GCC_493\Debug\Jazzy_Dude.a(LCD_Char_1.o)
 .debug_line    0x000016e8      0x14d .\CortexM3\ARM_GCC_493\Debug\Jazzy_Dude.a(lcd_isr.o)
 .debug_line    0x00001835       0x92 .\CortexM3\ARM_GCC_493\Debug\Jazzy_Dude.a(led.o)
 .debug_line    0x000018c7       0x93 .\CortexM3\ARM_GCC_493\Debug\Jazzy_Dude.a(led1.o)
 .debug_line    0x0000195a      0x1ec .\CortexM3\ARM_GCC_493\Debug\Jazzy_Dude.a(CyFlash.o)
 .debug_line    0x00001b46      0x23e .\CortexM3\ARM_GCC_493\Debug\Jazzy_Dude.a(CySpc.o)

.debug_frame    0x00000000     0x149c
 *(.debug_frame)
 .debug_frame   0x00000000      0x11c .\CortexM3\ARM_GCC_493\Debug\main.o
 .debug_frame   0x0000011c       0xac .\CortexM3\ARM_GCC_493\Debug\Cm3Start.o
 .debug_frame   0x000001c8       0xe4 .\CortexM3\ARM_GCC_493\Debug\Jazzy_Dude.a(cyfitter_cfg.o)
 .debug_frame   0x000002ac      0x728 .\CortexM3\ARM_GCC_493\Debug\Jazzy_Dude.a(CyLib.o)
 .debug_frame   0x000009d4      0x1f8 .\CortexM3\ARM_GCC_493\Debug\Jazzy_Dude.a(cyPm.o)
 .debug_frame   0x00000bcc       0xb4 .\CortexM3\ARM_GCC_493\Debug\Jazzy_Dude.a(SaxDac.o)
 .debug_frame   0x00000c80      0x104 .\CortexM3\ARM_GCC_493\Debug\Jazzy_Dude.a(sax_isr.o)
 .debug_frame   0x00000d84      0x1e4 .\CortexM3\ARM_GCC_493\Debug\Jazzy_Dude.a(LCD_Char_1.o)
 .debug_frame   0x00000f68      0x104 .\CortexM3\ARM_GCC_493\Debug\Jazzy_Dude.a(lcd_isr.o)
 .debug_frame   0x0000106c       0x50 .\CortexM3\ARM_GCC_493\Debug\Jazzy_Dude.a(led.o)
 .debug_frame   0x000010bc       0x50 .\CortexM3\ARM_GCC_493\Debug\Jazzy_Dude.a(led1.o)
 .debug_frame   0x0000110c      0x174 .\CortexM3\ARM_GCC_493\Debug\Jazzy_Dude.a(CyFlash.o)
 .debug_frame   0x00001280      0x160 .\CortexM3\ARM_GCC_493\Debug\Jazzy_Dude.a(CySpc.o)
 .debug_frame   0x000013e0       0x20 c:/program files (x86)/cypress/psoc creator/3.3/psoc creator/import/gnu/arm/4.9.3/bin/../lib/gcc/arm-none-eabi/4.9.3/../../../../arm-none-eabi/lib/armv7-m\libg_nano.a(lib_a-errno.o)
 .debug_frame   0x00001400       0x28 c:/program files (x86)/cypress/psoc creator/3.3/psoc creator/import/gnu/arm/4.9.3/bin/../lib/gcc/arm-none-eabi/4.9.3/../../../../arm-none-eabi/lib/armv7-m\libg_nano.a(lib_a-exit.o)
 .debug_frame   0x00001428       0x2c c:/program files (x86)/cypress/psoc creator/3.3/psoc creator/import/gnu/arm/4.9.3/bin/../lib/gcc/arm-none-eabi/4.9.3/../../../../arm-none-eabi/lib/armv7-m\libg_nano.a(lib_a-init.o)
 .debug_frame   0x00001454       0x28 c:/program files (x86)/cypress/psoc creator/3.3/psoc creator/import/gnu/arm/4.9.3/bin/../lib/gcc/arm-none-eabi/4.9.3/../../../../arm-none-eabi/lib/armv7-m\libg_nano.a(lib_a-memcpy.o)
 .debug_frame   0x0000147c       0x20 c:/program files (x86)/cypress/psoc creator/3.3/psoc creator/import/gnu/arm/4.9.3/bin/../lib/gcc/arm-none-eabi/4.9.3/../../../../arm-none-eabi/lib/armv7-m\libg_nano.a(lib_a-memset.o)

.debug_str      0x00000000     0x19e9
 *(.debug_str)
 .debug_str     0x00000000      0x468 .\CortexM3\ARM_GCC_493\Debug\main.o
                                0x525 (size before relaxing)
 .debug_str     0x00000468       0x77 .\CortexM3\ARM_GCC_493\Debug\cymetadata.o
                                0x1d8 (size before relaxing)
 .debug_str     0x000004df      0x158 .\CortexM3\ARM_GCC_493\Debug\Cm3Start.o
                                0x2ec (size before relaxing)
 .debug_str     0x00000637      0x156 .\CortexM3\ARM_GCC_493\Debug\Jazzy_Dude.a(cyfitter_cfg.o)
                                0x2f1 (size before relaxing)
 .debug_str     0x0000078d      0x82b .\CortexM3\ARM_GCC_493\Debug\Jazzy_Dude.a(CyLib.o)
                                0xa11 (size before relaxing)
 .debug_str     0x00000fb8      0x35b .\CortexM3\ARM_GCC_493\Debug\Jazzy_Dude.a(cyPm.o)
                                0x709 (size before relaxing)
 .debug_str     0x00001313       0x92 .\CortexM3\ARM_GCC_493\Debug\Jazzy_Dude.a(SaxDac.o)
                                0x217 (size before relaxing)
 .debug_str     0x000013a5       0xf4 .\CortexM3\ARM_GCC_493\Debug\Jazzy_Dude.a(sax_isr.o)
                                0x2a4 (size before relaxing)
 .debug_str     0x00001499      0x182 .\CortexM3\ARM_GCC_493\Debug\Jazzy_Dude.a(LCD_Char_1.o)
                                0x399 (size before relaxing)
 .debug_str     0x0000161b       0xf4 .\CortexM3\ARM_GCC_493\Debug\Jazzy_Dude.a(lcd_isr.o)
                                0x2a4 (size before relaxing)
 .debug_str     0x0000170f       0x4b .\CortexM3\ARM_GCC_493\Debug\Jazzy_Dude.a(led.o)
                                0x1c6 (size before relaxing)
 .debug_str     0x0000175a       0x43 .\CortexM3\ARM_GCC_493\Debug\Jazzy_Dude.a(led1.o)
                                0x1cb (size before relaxing)
 .debug_str     0x0000179d      0x19e .\CortexM3\ARM_GCC_493\Debug\Jazzy_Dude.a(CyFlash.o)
                                0x383 (size before relaxing)
 .debug_str     0x0000193b       0xae .\CortexM3\ARM_GCC_493\Debug\Jazzy_Dude.a(CySpc.o)
                                0x30c (size before relaxing)

.debug_loc      0x00000000     0x2058
 *(.debug_loc)
 .debug_loc     0x00000000      0x28c .\CortexM3\ARM_GCC_493\Debug\main.o
 .debug_loc     0x0000028c      0x144 .\CortexM3\ARM_GCC_493\Debug\Cm3Start.o
 .debug_loc     0x000003d0      0x1d7 .\CortexM3\ARM_GCC_493\Debug\Jazzy_Dude.a(cyfitter_cfg.o)
 .debug_loc     0x000005a7      0xa11 .\CortexM3\ARM_GCC_493\Debug\Jazzy_Dude.a(CyLib.o)
 .debug_loc     0x00000fb8      0x1e4 .\CortexM3\ARM_GCC_493\Debug\Jazzy_Dude.a(cyPm.o)
 .debug_loc     0x0000119c       0x79 .\CortexM3\ARM_GCC_493\Debug\Jazzy_Dude.a(SaxDac.o)
 .debug_loc     0x00001215       0x56 .\CortexM3\ARM_GCC_493\Debug\Jazzy_Dude.a(sax_isr.o)
 .debug_loc     0x0000126b      0x3c6 .\CortexM3\ARM_GCC_493\Debug\Jazzy_Dude.a(LCD_Char_1.o)
 .debug_loc     0x00001631       0x56 .\CortexM3\ARM_GCC_493\Debug\Jazzy_Dude.a(lcd_isr.o)
 .debug_loc     0x00001687       0x42 .\CortexM3\ARM_GCC_493\Debug\Jazzy_Dude.a(led.o)
 .debug_loc     0x000016c9       0x42 .\CortexM3\ARM_GCC_493\Debug\Jazzy_Dude.a(led1.o)
 .debug_loc     0x0000170b      0x300 .\CortexM3\ARM_GCC_493\Debug\Jazzy_Dude.a(CyFlash.o)
 .debug_loc     0x00001a0b      0x64d .\CortexM3\ARM_GCC_493\Debug\Jazzy_Dude.a(CySpc.o)

.debug_macinfo
 *(.debug_macinfo)

.debug_ranges   0x00000000      0x6b8
 *(.debug_ranges)
 .debug_ranges  0x00000000       0x50 .\CortexM3\ARM_GCC_493\Debug\main.o
 .debug_ranges  0x00000050       0x38 .\CortexM3\ARM_GCC_493\Debug\Cm3Start.o
 .debug_ranges  0x00000088       0x48 .\CortexM3\ARM_GCC_493\Debug\Jazzy_Dude.a(cyfitter_cfg.o)
 .debug_ranges  0x000000d0      0x288 .\CortexM3\ARM_GCC_493\Debug\Jazzy_Dude.a(CyLib.o)
 .debug_ranges  0x00000358       0x88 .\CortexM3\ARM_GCC_493\Debug\Jazzy_Dude.a(cyPm.o)
 .debug_ranges  0x000003e0       0x48 .\CortexM3\ARM_GCC_493\Debug\Jazzy_Dude.a(SaxDac.o)
 .debug_ranges  0x00000428       0x70 .\CortexM3\ARM_GCC_493\Debug\Jazzy_Dude.a(sax_isr.o)
 .debug_ranges  0x00000498       0x88 .\CortexM3\ARM_GCC_493\Debug\Jazzy_Dude.a(LCD_Char_1.o)
 .debug_ranges  0x00000520       0x70 .\CortexM3\ARM_GCC_493\Debug\Jazzy_Dude.a(lcd_isr.o)
 .debug_ranges  0x00000590       0x28 .\CortexM3\ARM_GCC_493\Debug\Jazzy_Dude.a(led.o)
 .debug_ranges  0x000005b8       0x28 .\CortexM3\ARM_GCC_493\Debug\Jazzy_Dude.a(led1.o)
 .debug_ranges  0x000005e0       0x70 .\CortexM3\ARM_GCC_493\Debug\Jazzy_Dude.a(CyFlash.o)
 .debug_ranges  0x00000650       0x68 .\CortexM3\ARM_GCC_493\Debug\Jazzy_Dude.a(CySpc.o)

.comment        0x00000000       0x70
 .comment       0x00000000       0x70 .\CortexM3\ARM_GCC_493\Debug\main.o
                                 0x71 (size before relaxing)
 .comment       0x00000000       0x71 .\CortexM3\ARM_GCC_493\Debug\cymetadata.o
 .comment       0x00000000       0x71 .\CortexM3\ARM_GCC_493\Debug\Cm3Start.o
 .comment       0x00000000       0x71 .\CortexM3\ARM_GCC_493\Debug\Jazzy_Dude.a(cyfitter_cfg.o)
 .comment       0x00000000       0x71 .\CortexM3\ARM_GCC_493\Debug\Jazzy_Dude.a(CyLib.o)
 .comment       0x00000000       0x71 .\CortexM3\ARM_GCC_493\Debug\Jazzy_Dude.a(cyPm.o)
 .comment       0x00000000       0x71 .\CortexM3\ARM_GCC_493\Debug\Jazzy_Dude.a(SaxDac.o)
 .comment       0x00000000       0x71 .\CortexM3\ARM_GCC_493\Debug\Jazzy_Dude.a(sax_isr.o)
 .comment       0x00000000       0x71 .\CortexM3\ARM_GCC_493\Debug\Jazzy_Dude.a(LCD_Char_1.o)
 .comment       0x00000000       0x71 .\CortexM3\ARM_GCC_493\Debug\Jazzy_Dude.a(lcd_isr.o)
 .comment       0x00000000       0x71 .\CortexM3\ARM_GCC_493\Debug\Jazzy_Dude.a(led.o)
 .comment       0x00000000       0x71 .\CortexM3\ARM_GCC_493\Debug\Jazzy_Dude.a(led1.o)
 .comment       0x00000000       0x71 .\CortexM3\ARM_GCC_493\Debug\Jazzy_Dude.a(CyFlash.o)
 .comment       0x00000000       0x71 .\CortexM3\ARM_GCC_493\Debug\Jazzy_Dude.a(CySpc.o)

.debug_weaknames
 *(.debug_weaknames)

.debug_funcnames
 *(.debug_funcnames)

.debug_typenames
 *(.debug_typenames)

.debug_varnames
 *(.debug_varnames)

.note.gnu.arm.ident
 *(.note.gnu.arm.ident)

.ARM.attributes
                0x00000000       0x29
 *(.ARM.attributes)
 .ARM.attributes
                0x00000000       0x1d c:/program files (x86)/cypress/psoc creator/3.3/psoc creator/import/gnu/arm/4.9.3/bin/../lib/gcc/arm-none-eabi/4.9.3/armv7-m/crti.o
 .ARM.attributes
                0x0000001d       0x2d c:/program files (x86)/cypress/psoc creator/3.3/psoc creator/import/gnu/arm/4.9.3/bin/../lib/gcc/arm-none-eabi/4.9.3/armv7-m/crtbegin.o
 .ARM.attributes
                0x0000004a       0x1b c:/program files (x86)/cypress/psoc creator/3.3/psoc creator/import/gnu/arm/4.9.3/bin/../lib/gcc/arm-none-eabi/4.9.3/../../../../arm-none-eabi/lib/armv7-m/crt0.o
 .ARM.attributes
                0x00000065       0x33 .\CortexM3\ARM_GCC_493\Debug\main.o
 .ARM.attributes
                0x00000098       0x33 .\CortexM3\ARM_GCC_493\Debug\cymetadata.o
 .ARM.attributes
                0x000000cb       0x33 .\CortexM3\ARM_GCC_493\Debug\Cm3Start.o
 .ARM.attributes
                0x000000fe       0x33 .\CortexM3\ARM_GCC_493\Debug\Jazzy_Dude.a(cyfitter_cfg.o)
 .ARM.attributes
                0x00000131       0x21 .\CortexM3\ARM_GCC_493\Debug\Jazzy_Dude.a(CyBootAsmGnu.o)
 .ARM.attributes
                0x00000152       0x33 .\CortexM3\ARM_GCC_493\Debug\Jazzy_Dude.a(CyLib.o)
 .ARM.attributes
                0x00000185       0x33 .\CortexM3\ARM_GCC_493\Debug\Jazzy_Dude.a(cyPm.o)
 .ARM.attributes
                0x000001b8       0x33 .\CortexM3\ARM_GCC_493\Debug\Jazzy_Dude.a(SaxDac.o)
 .ARM.attributes
                0x000001eb       0x33 .\CortexM3\ARM_GCC_493\Debug\Jazzy_Dude.a(sax_isr.o)
 .ARM.attributes
                0x0000021e       0x33 .\CortexM3\ARM_GCC_493\Debug\Jazzy_Dude.a(LCD_Char_1.o)
 .ARM.attributes
                0x00000251       0x33 .\CortexM3\ARM_GCC_493\Debug\Jazzy_Dude.a(lcd_isr.o)
 .ARM.attributes
                0x00000284       0x33 .\CortexM3\ARM_GCC_493\Debug\Jazzy_Dude.a(led.o)
 .ARM.attributes
                0x000002b7       0x33 .\CortexM3\ARM_GCC_493\Debug\Jazzy_Dude.a(led1.o)
 .ARM.attributes
                0x000002ea       0x33 .\CortexM3\ARM_GCC_493\Debug\Jazzy_Dude.a(CyFlash.o)
 .ARM.attributes
                0x0000031d       0x33 .\CortexM3\ARM_GCC_493\Debug\Jazzy_Dude.a(CySpc.o)
 .ARM.attributes
                0x00000350       0x1d c:/program files (x86)/cypress/psoc creator/3.3/psoc creator/import/gnu/arm/4.9.3/bin/../lib/gcc/arm-none-eabi/4.9.3/armv7-m\libgcc.a(_arm_addsubdf3.o)
 .ARM.attributes
                0x0000036d       0x1d c:/program files (x86)/cypress/psoc creator/3.3/psoc creator/import/gnu/arm/4.9.3/bin/../lib/gcc/arm-none-eabi/4.9.3/armv7-m\libgcc.a(_arm_muldivdf3.o)
 .ARM.attributes
                0x0000038a       0x1d c:/program files (x86)/cypress/psoc creator/3.3/psoc creator/import/gnu/arm/4.9.3/bin/../lib/gcc/arm-none-eabi/4.9.3/armv7-m\libgcc.a(_arm_fixunsdfsi.o)
 .ARM.attributes
                0x000003a7       0x1d c:/program files (x86)/cypress/psoc creator/3.3/psoc creator/import/gnu/arm/4.9.3/bin/../lib/gcc/arm-none-eabi/4.9.3/armv7-m\libgcc.a(_arm_addsubsf3.o)
 .ARM.attributes
                0x000003c4       0x1d c:/program files (x86)/cypress/psoc creator/3.3/psoc creator/import/gnu/arm/4.9.3/bin/../lib/gcc/arm-none-eabi/4.9.3/armv7-m\libgcc.a(_arm_muldivsf3.o)
 .ARM.attributes
                0x000003e1       0x1d c:/program files (x86)/cypress/psoc creator/3.3/psoc creator/import/gnu/arm/4.9.3/bin/../lib/gcc/arm-none-eabi/4.9.3/armv7-m\libgcc.a(_arm_cmpsf2.o)
 .ARM.attributes
                0x000003fe       0x1d c:/program files (x86)/cypress/psoc creator/3.3/psoc creator/import/gnu/arm/4.9.3/bin/../lib/gcc/arm-none-eabi/4.9.3/armv7-m\libgcc.a(_arm_fixsfsi.o)
 .ARM.attributes
                0x0000041b       0x1d c:/program files (x86)/cypress/psoc creator/3.3/psoc creator/import/gnu/arm/4.9.3/bin/../lib/gcc/arm-none-eabi/4.9.3/armv7-m\libgcc.a(_arm_fixunssfsi.o)
 .ARM.attributes
                0x00000438       0x2d c:/program files (x86)/cypress/psoc creator/3.3/psoc creator/import/gnu/arm/4.9.3/bin/../lib/gcc/arm-none-eabi/4.9.3/../../../../arm-none-eabi/lib/armv7-m\libg_nano.a(lib_a-errno.o)
 .ARM.attributes
                0x00000465       0x2d c:/program files (x86)/cypress/psoc creator/3.3/psoc creator/import/gnu/arm/4.9.3/bin/../lib/gcc/arm-none-eabi/4.9.3/../../../../arm-none-eabi/lib/armv7-m\libg_nano.a(lib_a-exit.o)
 .ARM.attributes
                0x00000492       0x2d c:/program files (x86)/cypress/psoc creator/3.3/psoc creator/import/gnu/arm/4.9.3/bin/../lib/gcc/arm-none-eabi/4.9.3/../../../../arm-none-eabi/lib/armv7-m\libg_nano.a(lib_a-impure.o)
 .ARM.attributes
                0x000004bf       0x2d c:/program files (x86)/cypress/psoc creator/3.3/psoc creator/import/gnu/arm/4.9.3/bin/../lib/gcc/arm-none-eabi/4.9.3/../../../../arm-none-eabi/lib/armv7-m\libg_nano.a(lib_a-init.o)
 .ARM.attributes
                0x000004ec       0x2d c:/program files (x86)/cypress/psoc creator/3.3/psoc creator/import/gnu/arm/4.9.3/bin/../lib/gcc/arm-none-eabi/4.9.3/../../../../arm-none-eabi/lib/armv7-m\libg_nano.a(lib_a-memcpy.o)
 .ARM.attributes
                0x00000519       0x2d c:/program files (x86)/cypress/psoc creator/3.3/psoc creator/import/gnu/arm/4.9.3/bin/../lib/gcc/arm-none-eabi/4.9.3/../../../../arm-none-eabi/lib/armv7-m\libg_nano.a(lib_a-memset.o)
 .ARM.attributes
                0x00000546       0x2d c:/program files (x86)/cypress/psoc creator/3.3/psoc creator/import/gnu/arm/4.9.3/bin/../lib/gcc/arm-none-eabi/4.9.3/armv7-m/crtend.o
 .ARM.attributes
                0x00000573       0x1d c:/program files (x86)/cypress/psoc creator/3.3/psoc creator/import/gnu/arm/4.9.3/bin/../lib/gcc/arm-none-eabi/4.9.3/armv7-m/crtn.o

/DISCARD/
 *(.note.GNU-stack)
OUTPUT(.\CortexM3\ARM_GCC_493\Debug\Jazzy_Dude.elf elf32-littlearm)
