Archive member included because of file (symbol)

.\CortexM3\ARM_GCC_493\Debug\Jazzy_Dude.a(cyfitter_cfg.o)
                              .\CortexM3\ARM_GCC_493\Debug\Cm3Start.o (cyfitter_cfg)
.\CortexM3\ARM_GCC_493\Debug\Jazzy_Dude.a(CyBootAsmGnu.o)
                              .\CortexM3\ARM_GCC_493\Debug\Jazzy_Dude.a(cyfitter_cfg.o) (CyDelayCycles)
.\CortexM3\ARM_GCC_493\Debug\Jazzy_Dude.a(CyLib.o)
                              .\CortexM3\ARM_GCC_493\Debug\Cm3Start.o (CyHalt)
.\CortexM3\ARM_GCC_493\Debug\Jazzy_Dude.a(cyPm.o)
                              .\CortexM3\ARM_GCC_493\Debug\Jazzy_Dude.a(CyLib.o) (CyPmReadStatus)
.\CortexM3\ARM_GCC_493\Debug\Jazzy_Dude.a(SaxDac.o)
                              .\CortexM3\ARM_GCC_493\Debug\main.o (SaxDac_SetValue)
.\CortexM3\ARM_GCC_493\Debug\Jazzy_Dude.a(sax_isr.o)
                              .\CortexM3\ARM_GCC_493\Debug\main.o (sax_isr_StartEx)
.\CortexM3\ARM_GCC_493\Debug\Jazzy_Dude.a(LCD_Char_1.o)
                              .\CortexM3\ARM_GCC_493\Debug\main.o (LCD_Char_1_PrintString)
.\CortexM3\ARM_GCC_493\Debug\Jazzy_Dude.a(LCD_Char_1_BarGraph.o)
                              .\CortexM3\ARM_GCC_493\Debug\Jazzy_Dude.a(LCD_Char_1.o) (LCD_Char_1_LoadCustomFonts)
.\CortexM3\ARM_GCC_493\Debug\Jazzy_Dude.a(led1.o)
                              .\CortexM3\ARM_GCC_493\Debug\main.o (led1_Write)
.\CortexM3\ARM_GCC_493\Debug\Jazzy_Dude.a(testy.o)
                              .\CortexM3\ARM_GCC_493\Debug\main.o (testy_Write)
.\CortexM3\ARM_GCC_493\Debug\Jazzy_Dude.a(PianoDac.o)
                              .\CortexM3\ARM_GCC_493\Debug\main.o (PianoDac_SetValue)
.\CortexM3\ARM_GCC_493\Debug\Jazzy_Dude.a(piano_isr.o)
                              .\CortexM3\ARM_GCC_493\Debug\main.o (piano_isr_StartEx)
.\CortexM3\ARM_GCC_493\Debug\Jazzy_Dude.a(BPM_ADC.o)
                              .\CortexM3\ARM_GCC_493\Debug\main.o (BPM_ADC_Start)
.\CortexM3\ARM_GCC_493\Debug\Jazzy_Dude.a(BPM_ADC_INT.o)
                              .\CortexM3\ARM_GCC_493\Debug\Jazzy_Dude.a(BPM_ADC.o) (BPM_ADC_ISR1)
.\CortexM3\ARM_GCC_493\Debug\Jazzy_Dude.a(BPM_ADC_AMux.o)
                              .\CortexM3\ARM_GCC_493\Debug\Jazzy_Dude.a(BPM_ADC.o) (BPM_ADC_AMux_Select)
.\CortexM3\ARM_GCC_493\Debug\Jazzy_Dude.a(BPM_ADC_Ext_CP_Clk.o)
                              .\CortexM3\ARM_GCC_493\Debug\Jazzy_Dude.a(BPM_ADC.o) (BPM_ADC_Ext_CP_Clk_SetModeRegister)
.\CortexM3\ARM_GCC_493\Debug\Jazzy_Dude.a(BPM_ADC_theACLK.o)
                              .\CortexM3\ARM_GCC_493\Debug\Jazzy_Dude.a(BPM_ADC.o) (BPM_ADC_theACLK_SetModeRegister)
.\CortexM3\ARM_GCC_493\Debug\Jazzy_Dude.a(PITCH_ADC.o)
                              .\CortexM3\ARM_GCC_493\Debug\main.o (PITCH_ADC_Start)
.\CortexM3\ARM_GCC_493\Debug\Jazzy_Dude.a(PITCH_ADC_INT.o)
                              .\CortexM3\ARM_GCC_493\Debug\Jazzy_Dude.a(PITCH_ADC.o) (PITCH_ADC_ISR)
.\CortexM3\ARM_GCC_493\Debug\Jazzy_Dude.a(PITCH_ADC_theACLK.o)
                              .\CortexM3\ARM_GCC_493\Debug\Jazzy_Dude.a(PITCH_ADC.o) (PITCH_ADC_theACLK_SetModeRegister)
.\CortexM3\ARM_GCC_493\Debug\Jazzy_Dude.a(Btn_2.o)
                              .\CortexM3\ARM_GCC_493\Debug\main.o (Btn_2_Read)
.\CortexM3\ARM_GCC_493\Debug\Jazzy_Dude.a(Mode_Switch.o)
                              .\CortexM3\ARM_GCC_493\Debug\main.o (Mode_Switch_Read)
.\CortexM3\ARM_GCC_493\Debug\Jazzy_Dude.a(Out_1.o)
                              .\CortexM3\ARM_GCC_493\Debug\main.o (Out_1_Write)
.\CortexM3\ARM_GCC_493\Debug\Jazzy_Dude.a(Inst_Switch.o)
                              .\CortexM3\ARM_GCC_493\Debug\main.o (Inst_Switch_Read)
.\CortexM3\ARM_GCC_493\Debug\Jazzy_Dude.a(CyFlash.o)
                              .\CortexM3\ARM_GCC_493\Debug\Jazzy_Dude.a(cyPm.o) (CyFlash_SetWaitCycles)
.\CortexM3\ARM_GCC_493\Debug\Jazzy_Dude.a(CySpc.o)
                              .\CortexM3\ARM_GCC_493\Debug\Jazzy_Dude.a(CyFlash.o) (CySpcStart)
c:/program files (x86)/cypress/psoc creator/3.3/psoc creator/import/gnu/arm/4.9.3/bin/../lib/gcc/arm-none-eabi/4.9.3/armv7-m\libgcc.a(_arm_addsubdf3.o)
                              .\CortexM3\ARM_GCC_493\Debug\main.o (__aeabi_i2d)
c:/program files (x86)/cypress/psoc creator/3.3/psoc creator/import/gnu/arm/4.9.3/bin/../lib/gcc/arm-none-eabi/4.9.3/armv7-m\libgcc.a(_arm_muldivdf3.o)
                              .\CortexM3\ARM_GCC_493\Debug\main.o (__aeabi_dmul)
c:/program files (x86)/cypress/psoc creator/3.3/psoc creator/import/gnu/arm/4.9.3/bin/../lib/gcc/arm-none-eabi/4.9.3/armv7-m\libgcc.a(_arm_cmpdf2.o)
                              .\CortexM3\ARM_GCC_493\Debug\Jazzy_Dude.a(BPM_ADC.o) (__aeabi_dcmpgt)
c:/program files (x86)/cypress/psoc creator/3.3/psoc creator/import/gnu/arm/4.9.3/bin/../lib/gcc/arm-none-eabi/4.9.3/armv7-m\libgcc.a(_arm_fixunsdfsi.o)
                              .\CortexM3\ARM_GCC_493\Debug\main.o (__aeabi_d2uiz)
[...]
Memory Configuration

Name             Origin             Length             Attributes
rom              0x00000000         0x00040000         xr
ram              0x1fff8000         0x00010000         xrw
*default*        0x00000000         0xffffffff

Linker script and memory map

LOAD c:/program files (x86)/cypress/psoc creator/3.3/psoc creator/import/gnu/arm/4.9.3/bin/../lib/gcc/arm-none-eabi/4.9.3/armv7-m/crti.o
LOAD c:/program files (x86)/cypress/psoc creator/3.3/psoc creator/import/gnu/arm/4.9.3/bin/../lib/gcc/arm-none-eabi/4.9.3/armv7-m/crtbegin.o
LOAD c:/program files (x86)/cypress/psoc creator/3.3/psoc creator/import/gnu/arm/4.9.3/bin/../lib/gcc/arm-none-eabi/4.9.3/../../../../arm-none-eabi/lib/armv7-m/crt0.o
START GROUP
LOAD .\CortexM3\ARM_GCC_493\Debug\main.o
LOAD .\CortexM3\ARM_GCC_493\Debug\cymetadata.o
LOAD .\CortexM3\ARM_GCC_493\Debug\Cm3Start.o
LOAD .\CortexM3\ARM_GCC_493\Debug\Jazzy_Dude.a
LOAD C:\Program Files (x86)\Cypress\PSoC Creator\3.3\PSoC Creator\psoc\content\cycomponentlibrary\CyComponentLibrary.cylib\CortexM3\ARM_GCC_493\Debug\CyComponentLibrary.a
END GROUP
START GROUP
LOAD c:/program files (x86)/cypress/psoc creator/3.3/psoc creator/import/gnu/arm/4.9.3/bin/../lib/gcc/arm-none-eabi/4.9.3/armv7-m\libgcc.a
LOAD c:/program files (x86)/cypress/psoc creator/3.3/psoc creator/import/gnu/arm/4.9.3/bin/../lib/gcc/arm-none-eabi/4.9.3/../../../../arm-none-eabi/lib/armv7-m\libg_nano.a
LOAD c:/program files (x86)/cypress/psoc creator/3.3/psoc creator/import/gnu/arm/4.9.3/bin/../lib/gcc/arm-none-eabi/4.9.3/../../../../arm-none-eabi/lib/armv7-m\libc_nano.a
END GROUP
START GROUP
LOAD c:/program files (x86)/cypress/psoc creator/3.3/psoc creator/import/gnu/arm/4.9.3/bin/../lib/gcc/arm-none-eabi/4.9.3/armv7-m\libgcc.a
LOAD c:/program files (x86)/cypress/psoc creator/3.3/psoc creator/import/gnu/arm/4.9.3/bin/../lib/gcc/arm-none-eabi/4.9.3/../../../../arm-none-eabi/lib/armv7-m\libc_nano.a
END GROUP
LOAD c:/program files (x86)/cypress/psoc creator/3.3/psoc creator/import/gnu/arm/4.9.3/bin/../lib/gcc/arm-none-eabi/4.9.3/armv7-m/crtend.o
LOAD c:/program files (x86)/cypress/psoc creator/3.3/psoc creator/import/gnu/arm/4.9.3/bin/../lib/gcc/arm-none-eabi/4.9.3/armv7-m/crtn.o
START GROUP
LOAD c:/program files (x86)/cypress/psoc creator/3.3/psoc creator/import/gnu/arm/4.9.3/bin/../lib/gcc/arm-none-eabi/4.9.3/armv7-m\libgcc.a
LOAD c:/program files (x86)/cypress/psoc creator/3.3/psoc creator/import/gnu/arm/4.9.3/bin/../lib/gcc/arm-none-eabi/4.9.3/../../../../arm-none-eabi/lib/armv7-m\libc.a
LOAD c:/program files (x86)/cypress/psoc creator/3.3/psoc creator/import/gnu/arm/4.9.3/bin/../lib/gcc/arm-none-eabi/4.9.3/../../../../arm-none-eabi/lib/armv7-m\libnosys.a
END GROUP
                0x00000000                CY_APPL_ORIGIN = 0x0
                0x00000100                CY_FLASH_ROW_SIZE = 0x100
                0x00000020                CY_ECC_ROW_SIZE = 0x20
                0x00000000                CY_EE_IN_BTLDR = 0x0
                0x00000000                CY_APPL_LOADABLE = 0x0
                0x00000800                CY_EE_SIZE = 0x800
                0x00000001                CY_APPL_NUM = 0x1
                0x00000001                CY_APPL_MAX = 0x1
                0x00000040                CY_METADATA_SIZE = 0x40
                0x00000000                CY_APPL_LOADABLE = 0x0
                0x00000000                CY_CHECKSUM_EXCLUDE_SIZE = ALIGN (0x0, CY_FLASH_ROW_SIZE)
                0x1fff8cb0                PROVIDE (__cy_heap_start, _end)
                0x00000001                PROVIDE (__cy_region_num, ((__cy_regions_end - __cy_regions) / 0x10))
                0x20008000                PROVIDE (__cy_stack, (ORIGIN (ram) + 0x10000))
                0x20007800                PROVIDE (__cy_heap_end, (__cy_stack - 0x800))

.cybootloader   0x00000000        0x0
 *(.cybootloader)
                0x00000000                appl1_start = CY_APPL_ORIGIN?CY_APPL_ORIGIN:ALIGN (CY_FLASH_ROW_SIZE)
                0x0001ff00                appl2_start = (appl1_start + ALIGN ((((0x40000 - appl1_start) - (0x2 * CY_FLASH_ROW_SIZE)) / 0x2), CY_FLASH_ROW_SIZE))
                0x00000000                appl_start = (CY_APPL_NUM == 0x1)?appl1_start:appl2_start
                0x00000000                ecc_offset = ((appl_start / CY_FLASH_ROW_SIZE) * CY_ECC_ROW_SIZE)
                0x00000000                ee_offset = (CY_APPL_LOADABLE && ! (CY_EE_IN_BTLDR))?((CY_EE_SIZE / CY_APPL_MAX) * (CY_APPL_NUM - 0x1)):0x0
                0x00000800                ee_size = (CY_APPL_LOADABLE && ! (CY_EE_IN_BTLDR))?(CY_EE_SIZE / CY_APPL_MAX):CY_EE_SIZE
                0x00000000                PROVIDE (CY_ECC_OFFSET, ecc_offset)

.text           0x00000000     0x2d76
 CREATE_OBJECT_SYMBOLS
                0x00000000                PROVIDE (__cy_interrupt_vector, RomVectors)
 *(.romvectors)
 .romvectors    0x00000000       0x10 .\CortexM3\ARM_GCC_493\Debug\Cm3Start.o
                0x00000000                RomVectors
                0x00000001                ASSERT ((. != __cy_interrupt_vector), No interrupt vector)
                0x00000001                ASSERT (CY_APPL_ORIGIN?(SIZEOF (.cybootloader) <= CY_APPL_ORIGIN):0x1, Wrong image location)
                0x00000010                PROVIDE (__cy_reset, Reset)
 *(.text.Reset)
 .text.Reset    0x00000010       0x18 .\CortexM3\ARM_GCC_493\Debug\Cm3Start.o
                0x00000010                Reset
                0x00000001                ASSERT ((. != __cy_reset), No reset code)
 *(.dma_init)
                0x00000001                ASSERT ((((appl_start + .) <= 0x10000) || 0x1), DMA Init must be within the first 64k of flash)
 *(.text .text.* .gnu.linkonce.t.*)
 .text          0x00000028       0x5c c:/program files (x86)/cypress/psoc creator/3.3/psoc creator/import/gnu/arm/4.9.3/bin/../lib/gcc/arm-none-eabi/4.9.3/armv7-m/crtbegin.o
 .text.Tick_ISR
                0x00000084       0x1c .\CortexM3\ARM_GCC_493\Debug\main.o
                0x00000084                Tick_ISR
 .text.Sax_Env_Init
                0x000000a0       0x5c .\CortexM3\ARM_GCC_493\Debug\main.o
                0x000000a0                Sax_Env_Init
 .text.Piano_Env_Init
                0x000000fc       0x5c .\CortexM3\ARM_GCC_493\Debug\main.o
                0x000000fc                Piano_Env_Init
 .text.Envelope_Pressed
                0x00000158        0x8 .\CortexM3\ARM_GCC_493\Debug\main.o
                0x00000158                Envelope_Pressed
 .text.Envelope_Release
                0x00000160        0xc .\CortexM3\ARM_GCC_493\Debug\main.o
                0x00000160                Envelope_Release
 .text.calc_phase
                0x0000016c       0x34 .\CortexM3\ARM_GCC_493\Debug\main.o
                0x0000016c                calc_phase
 .text.Envelope_Process
                0x000001a0       0xa4 .\CortexM3\ARM_GCC_493\Debug\main.o
                0x000001a0                Envelope_Process
 .text.Sax_ISR  0x00000244       0xa4 .\CortexM3\ARM_GCC_493\Debug\main.o
                0x00000244                Sax_ISR
 .text.Piano_ISR
                0x000002e8       0xa8 .\CortexM3\ARM_GCC_493\Debug\main.o
                0x000002e8                Piano_ISR
 .text.play_sax
                0x00000390       0x34 .\CortexM3\ARM_GCC_493\Debug\main.o
                0x00000390                play_sax
 .text.play_piano
                0x000003c4       0x34 .\CortexM3\ARM_GCC_493\Debug\main.o
                0x000003c4                play_piano
 .text.clean_pot
                0x000003f8       0x4c .\CortexM3\ARM_GCC_493\Debug\main.o
                0x000003f8                clean_pot
 .text.main     0x00000444      0x32c .\CortexM3\ARM_GCC_493\Debug\main.o
                0x00000444                main
 .text.IntDefaultHandler
                0x00000770        0x4 .\CortexM3\ARM_GCC_493\Debug\Cm3Start.o
                0x00000770                IntDefaultHandler
 .text.Start_c  0x00000774       0x4c .\CortexM3\ARM_GCC_493\Debug\Cm3Start.o
                0x00000774                Start_c
 .text.initialize_psoc
                0x000007c0       0x74 .\CortexM3\ARM_GCC_493\Debug\Cm3Start.o
                0x000007c0                initialize_psoc
 .text.CyClockStartupError
                0x00000834        0x4 .\CortexM3\ARM_GCC_493\Debug\Jazzy_Dude.a(cyfitter_cfg.o)
 .text.cfg_write_bytes32
                0x00000838       0x34 .\CortexM3\ARM_GCC_493\Debug\Jazzy_Dude.a(cyfitter_cfg.o)
 .text.CYMEMZERO
                0x0000086c        0xc .\CortexM3\ARM_GCC_493\Debug\Jazzy_Dude.a(cyfitter_cfg.o)
 .text.AnalogSetDefault
                0x00000878       0xac .\CortexM3\ARM_GCC_493\Debug\Jazzy_Dude.a(cyfitter_cfg.o)
 .text.CYCONFIGCPY
                0x00000924        0x8 .\CortexM3\ARM_GCC_493\Debug\Jazzy_Dude.a(cyfitter_cfg.o)
 .text.ClockSetup
                0x0000092c      0x110 .\CortexM3\ARM_GCC_493\Debug\Jazzy_Dude.a(cyfitter_cfg.o)
 .text.BPM_ADC_AMux_Set
                0x00000a3c       0x1c .\CortexM3\ARM_GCC_493\Debug\Jazzy_Dude.a(cyfitter_cfg.o)
                0x00000a3c                BPM_ADC_AMux_Set
 .text.BPM_ADC_AMux_Unset
                0x00000a58       0x1c .\CortexM3\ARM_GCC_493\Debug\Jazzy_Dude.a(cyfitter_cfg.o)
                0x00000a58                BPM_ADC_AMux_Unset
 .text.cyfitter_cfg
                0x00000a74      0x13c .\CortexM3\ARM_GCC_493\Debug\Jazzy_Dude.a(cyfitter_cfg.o)
                0x00000a74                cyfitter_cfg
 .text          0x00000bb0       0x20 .\CortexM3\ARM_GCC_493\Debug\Jazzy_Dude.a(CyBootAsmGnu.o)
                0x00000bb0                CyDelayCycles
                0x00000bc0                CyEnterCriticalSection
                0x00000bc8                CyExitCriticalSection
 .text.CyHalt   0x00000bd0        0x4 .\CortexM3\ARM_GCC_493\Debug\Jazzy_Dude.a(CyLib.o)
                0x00000bd0                CyHalt
 .text.CyDelay  0x00000bd4       0x2c .\CortexM3\ARM_GCC_493\Debug\Jazzy_Dude.a(CyLib.o)
                0x00000bd4                CyDelay
 .text.CyDelayUs
                0x00000c00       0x14 .\CortexM3\ARM_GCC_493\Debug\Jazzy_Dude.a(CyLib.o)
                0x00000c00                CyDelayUs
 .text.CyIntSetSysVector
                0x00000c14       0x28 .\CortexM3\ARM_GCC_493\Debug\Jazzy_Dude.a(CyLib.o)
                0x00000c14                CyIntSetSysVector
 .text.CyIntSetVector
                0x00000c3c       0x28 .\CortexM3\ARM_GCC_493\Debug\Jazzy_Dude.a(CyLib.o)
                0x00000c3c                CyIntSetVector
 .text.CyIntSetPriority
                0x00000c64       0x30 .\CortexM3\ARM_GCC_493\Debug\Jazzy_Dude.a(CyLib.o)
                0x00000c64                CyIntSetPriority
 .text.CySysTickEnableInterrupt
                0x00000c94       0x10 .\CortexM3\ARM_GCC_493\Debug\Jazzy_Dude.a(CyLib.o)
                0x00000c94                CySysTickEnableInterrupt
 .text.CySysTickEnable
                0x00000ca4       0x18 .\CortexM3\ARM_GCC_493\Debug\Jazzy_Dude.a(CyLib.o)
                0x00000ca4                CySysTickEnable
 .text.CySysTickSetReload
                0x00000cbc       0x10 .\CortexM3\ARM_GCC_493\Debug\Jazzy_Dude.a(CyLib.o)
                0x00000cbc                CySysTickSetReload
 .text.CySysTickSetClockSource
                0x00000ccc       0x20 .\CortexM3\ARM_GCC_493\Debug\Jazzy_Dude.a(CyLib.o)
                0x00000ccc                CySysTickSetClockSource
 .text.CySysTickGetCountFlag
                0x00000cec       0x10 .\CortexM3\ARM_GCC_493\Debug\Jazzy_Dude.a(CyLib.o)
                0x00000cec                CySysTickGetCountFlag
 .text.CySysTickServiceCallbacks
                0x00000cfc       0x28 .\CortexM3\ARM_GCC_493\Debug\Jazzy_Dude.a(CyLib.o)
 .text.CySysTickClear
                0x00000d24        0xc .\CortexM3\ARM_GCC_493\Debug\Jazzy_Dude.a(CyLib.o)
                0x00000d24                CySysTickClear
 .text.CySysTickInit
                0x00000d30       0x58 .\CortexM3\ARM_GCC_493\Debug\Jazzy_Dude.a(CyLib.o)
                0x00000d30                CySysTickInit
 .text.CySysTickStart
                0x00000d88       0x1c .\CortexM3\ARM_GCC_493\Debug\Jazzy_Dude.a(CyLib.o)
                0x00000d88                CySysTickStart
 .text.CySysTickSetCallback
                0x00000da4       0x10 .\CortexM3\ARM_GCC_493\Debug\Jazzy_Dude.a(CyLib.o)
                0x00000da4                CySysTickSetCallback
 .text.SaxDac_Enable
                0x00000db4       0x1c .\CortexM3\ARM_GCC_493\Debug\Jazzy_Dude.a(SaxDac.o)
                0x00000db4                SaxDac_Enable
 .text.SaxDac_SetSpeed
                0x00000dd0       0x1c .\CortexM3\ARM_GCC_493\Debug\Jazzy_Dude.a(SaxDac.o)
                0x00000dd0                SaxDac_SetSpeed
 .text.SaxDac_SetValue
                0x00000dec        0xc .\CortexM3\ARM_GCC_493\Debug\Jazzy_Dude.a(SaxDac.o)
                0x00000dec                SaxDac_SetValue
 .text.SaxDac_DacTrim
                0x00000df8       0x24 .\CortexM3\ARM_GCC_493\Debug\Jazzy_Dude.a(SaxDac.o)
                0x00000df8                SaxDac_DacTrim
 .text.SaxDac_SetRange
                0x00000e1c       0x20 .\CortexM3\ARM_GCC_493\Debug\Jazzy_Dude.a(SaxDac.o)
                0x00000e1c                SaxDac_SetRange
 .text.SaxDac_Init
                0x00000e3c       0x1c .\CortexM3\ARM_GCC_493\Debug\Jazzy_Dude.a(SaxDac.o)
                0x00000e3c                SaxDac_Init
 .text.SaxDac_Start
                0x00000e58       0x24 .\CortexM3\ARM_GCC_493\Debug\Jazzy_Dude.a(SaxDac.o)
                0x00000e58                SaxDac_Start
 .text.sax_isr_SetVector
                0x00000e7c        0xc .\CortexM3\ARM_GCC_493\Debug\Jazzy_Dude.a(sax_isr.o)
                0x00000e7c                sax_isr_SetVector
 .text.sax_isr_SetPriority
                0x00000e88       0x10 .\CortexM3\ARM_GCC_493\Debug\Jazzy_Dude.a(sax_isr.o)
                0x00000e88                sax_isr_SetPriority
 .text.sax_isr_Enable
                0x00000e98        0xc .\CortexM3\ARM_GCC_493\Debug\Jazzy_Dude.a(sax_isr.o)
                0x00000e98                sax_isr_Enable
 .text.sax_isr_Disable
                0x00000ea4        0xc .\CortexM3\ARM_GCC_493\Debug\Jazzy_Dude.a(sax_isr.o)
                0x00000ea4                sax_isr_Disable
 .text.sax_isr_StartEx
                0x00000eb0       0x1c .\CortexM3\ARM_GCC_493\Debug\Jazzy_Dude.a(sax_isr.o)
                0x00000eb0                sax_isr_StartEx
 .text.LCD_Char_1_WrCntrlNib
                0x00000ecc       0x34 .\CortexM3\ARM_GCC_493\Debug\Jazzy_Dude.a(LCD_Char_1.o)
 .text.LCD_Char_1_WrDatNib
                0x00000f00       0x44 .\CortexM3\ARM_GCC_493\Debug\Jazzy_Dude.a(LCD_Char_1.o)
 .text.LCD_Char_1_IsReady
                0x00000f44       0xe4 .\CortexM3\ARM_GCC_493\Debug\Jazzy_Dude.a(LCD_Char_1.o)
                0x00000f44                LCD_Char_1_IsReady
 .text.LCD_Char_1_WriteData
                0x00001028       0x18 .\CortexM3\ARM_GCC_493\Debug\Jazzy_Dude.a(LCD_Char_1.o)
                0x00001028                LCD_Char_1_WriteData
 .text.LCD_Char_1_PrintString
                0x00001040       0x1c .\CortexM3\ARM_GCC_493\Debug\Jazzy_Dude.a(LCD_Char_1.o)
                0x00001040                LCD_Char_1_PrintString
 .text.LCD_Char_1_WriteControl
                0x0000105c       0x18 .\CortexM3\ARM_GCC_493\Debug\Jazzy_Dude.a(LCD_Char_1.o)
                0x0000105c                LCD_Char_1_WriteControl
 .text.LCD_Char_1_Init
                0x00001074       0x74 .\CortexM3\ARM_GCC_493\Debug\Jazzy_Dude.a(LCD_Char_1.o)
                0x00001074                LCD_Char_1_Init
 .text.LCD_Char_1_Enable
                0x000010e8       0x14 .\CortexM3\ARM_GCC_493\Debug\Jazzy_Dude.a(LCD_Char_1.o)
                0x000010e8                LCD_Char_1_Enable
 .text.LCD_Char_1_Start
                0x000010fc       0x1c .\CortexM3\ARM_GCC_493\Debug\Jazzy_Dude.a(LCD_Char_1.o)
                0x000010fc                LCD_Char_1_Start
 .text.LCD_Char_1_Position
                0x00001118       0x3c .\CortexM3\ARM_GCC_493\Debug\Jazzy_Dude.a(LCD_Char_1.o)
                0x00001118                LCD_Char_1_Position
 .text.LCD_Char_1_PrintU32Number
                0x00001154       0x60 .\CortexM3\ARM_GCC_493\Debug\Jazzy_Dude.a(LCD_Char_1.o)
                0x00001154                LCD_Char_1_PrintU32Number
 .text.LCD_Char_1_LoadCustomFonts
                0x000011b4       0x2c .\CortexM3\ARM_GCC_493\Debug\Jazzy_Dude.a(LCD_Char_1_BarGraph.o)
                0x000011b4                LCD_Char_1_LoadCustomFonts
 .text.LCD_Char_1_DrawVerticalBG
                0x000011e0       0xa0 .\CortexM3\ARM_GCC_493\Debug\Jazzy_Dude.a(LCD_Char_1_BarGraph.o)
                0x000011e0                LCD_Char_1_DrawVerticalBG
 .text.led1_Write
                0x00001280       0x18 .\CortexM3\ARM_GCC_493\Debug\Jazzy_Dude.a(led1.o)
                0x00001280                led1_Write
 .text.led1_Read
                0x00001298       0x10 .\CortexM3\ARM_GCC_493\Debug\Jazzy_Dude.a(led1.o)
                0x00001298                led1_Read
 .text.testy_Write
                0x000012a8       0x18 .\CortexM3\ARM_GCC_493\Debug\Jazzy_Dude.a(testy.o)
                0x000012a8                testy_Write
 .text.testy_Read
                0x000012c0       0x10 .\CortexM3\ARM_GCC_493\Debug\Jazzy_Dude.a(testy.o)
                0x000012c0                testy_Read
 .text.PianoDac_Enable
                0x000012d0       0x1c .\CortexM3\ARM_GCC_493\Debug\Jazzy_Dude.a(PianoDac.o)
                0x000012d0                PianoDac_Enable
 .text.PianoDac_SetSpeed
                0x000012ec       0x1c .\CortexM3\ARM_GCC_493\Debug\Jazzy_Dude.a(PianoDac.o)
                0x000012ec                PianoDac_SetSpeed
 .text.PianoDac_SetValue
                0x00001308        0xc .\CortexM3\ARM_GCC_493\Debug\Jazzy_Dude.a(PianoDac.o)
                0x00001308                PianoDac_SetValue
 .text.PianoDac_DacTrim
                0x00001314       0x24 .\CortexM3\ARM_GCC_493\Debug\Jazzy_Dude.a(PianoDac.o)
                0x00001314                PianoDac_DacTrim
 .text.PianoDac_SetRange
                0x00001338       0x20 .\CortexM3\ARM_GCC_493\Debug\Jazzy_Dude.a(PianoDac.o)
                0x00001338                PianoDac_SetRange
 .text.PianoDac_Init
                0x00001358       0x1c .\CortexM3\ARM_GCC_493\Debug\Jazzy_Dude.a(PianoDac.o)
                0x00001358                PianoDac_Init
 .text.PianoDac_Start
                0x00001374       0x24 .\CortexM3\ARM_GCC_493\Debug\Jazzy_Dude.a(PianoDac.o)
                0x00001374                PianoDac_Start
 .text.piano_isr_SetVector
                0x00001398        0xc .\CortexM3\ARM_GCC_493\Debug\Jazzy_Dude.a(piano_isr.o)
                0x00001398                piano_isr_SetVector
 .text.piano_isr_SetPriority
                0x000013a4       0x10 .\CortexM3\ARM_GCC_493\Debug\Jazzy_Dude.a(piano_isr.o)
                0x000013a4                piano_isr_SetPriority
 .text.piano_isr_Enable
                0x000013b4        0xc .\CortexM3\ARM_GCC_493\Debug\Jazzy_Dude.a(piano_isr.o)
                0x000013b4                piano_isr_Enable
 .text.piano_isr_Disable
                0x000013c0        0xc .\CortexM3\ARM_GCC_493\Debug\Jazzy_Dude.a(piano_isr.o)
                0x000013c0                piano_isr_Disable
 .text.piano_isr_StartEx
                0x000013cc       0x1c .\CortexM3\ARM_GCC_493\Debug\Jazzy_Dude.a(piano_isr.o)
                0x000013cc                piano_isr_StartEx
 .text.BPM_ADC_GainCompensation
                0x000013e8       0xd0 .\CortexM3\ARM_GCC_493\Debug\Jazzy_Dude.a(BPM_ADC.o)
 .text.BPM_ADC_SetDSMRef0Reg
                0x000014b8       0x4c .\CortexM3\ARM_GCC_493\Debug\Jazzy_Dude.a(BPM_ADC.o)
 .text.BPM_ADC_InitConfig
                0x00001504      0x328 .\CortexM3\ARM_GCC_493\Debug\Jazzy_Dude.a(BPM_ADC.o)
 .text.BPM_ADC_Init
                0x0000182c      0x108 .\CortexM3\ARM_GCC_493\Debug\Jazzy_Dude.a(BPM_ADC.o)
                0x0000182c                BPM_ADC_Init
 .text.BPM_ADC_Enable
                0x00001934       0xd8 .\CortexM3\ARM_GCC_493\Debug\Jazzy_Dude.a(BPM_ADC.o)
                0x00001934                BPM_ADC_Enable
 .text.BPM_ADC_Start
                0x00001a0c       0x28 .\CortexM3\ARM_GCC_493\Debug\Jazzy_Dude.a(BPM_ADC.o)
                0x00001a0c                BPM_ADC_Start
 .text.BPM_ADC_StartConvert
                0x00001a34       0x10 .\CortexM3\ARM_GCC_493\Debug\Jazzy_Dude.a(BPM_ADC.o)
                0x00001a34                BPM_ADC_StartConvert
 .text.BPM_ADC_GetResult16
                0x00001a44       0x50 .\CortexM3\ARM_GCC_493\Debug\Jazzy_Dude.a(BPM_ADC.o)
                0x00001a44                BPM_ADC_GetResult16
 .text.BPM_ADC_ISR1
                0x00001a94        0x4 .\CortexM3\ARM_GCC_493\Debug\Jazzy_Dude.a(BPM_ADC_INT.o)
                0x00001a94                BPM_ADC_ISR1
 .text.BPM_ADC_ISR2
                0x00001a98        0x4 .\CortexM3\ARM_GCC_493\Debug\Jazzy_Dude.a(BPM_ADC_INT.o)
                0x00001a98                BPM_ADC_ISR2
 .text.BPM_ADC_ISR3
                0x00001a9c        0x4 .\CortexM3\ARM_GCC_493\Debug\Jazzy_Dude.a(BPM_ADC_INT.o)
                0x00001a9c                BPM_ADC_ISR3
 .text.BPM_ADC_ISR4
                0x00001aa0        0x4 .\CortexM3\ARM_GCC_493\Debug\Jazzy_Dude.a(BPM_ADC_INT.o)
                0x00001aa0                BPM_ADC_ISR4
 .text.BPM_ADC_AMux_Start
                0x00001aa4       0x20 .\CortexM3\ARM_GCC_493\Debug\Jazzy_Dude.a(BPM_ADC_AMux.o)
                0x00001aa4                BPM_ADC_AMux_Start
 .text.BPM_ADC_AMux_Select
                0x00001ac4       0x18 .\CortexM3\ARM_GCC_493\Debug\Jazzy_Dude.a(BPM_ADC_AMux.o)
                0x00001ac4                BPM_ADC_AMux_Select
 .text.BPM_ADC_Ext_CP_Clk_GetDividerRegister
                0x00001adc        0xc .\CortexM3\ARM_GCC_493\Debug\Jazzy_Dude.a(BPM_ADC_Ext_CP_Clk.o)
                0x00001adc                BPM_ADC_Ext_CP_Clk_GetDividerRegister
 .text.BPM_ADC_Ext_CP_Clk_SetModeRegister
                0x00001ae8       0x14 .\CortexM3\ARM_GCC_493\Debug\Jazzy_Dude.a(BPM_ADC_Ext_CP_Clk.o)
                0x00001ae8                BPM_ADC_Ext_CP_Clk_SetModeRegister
 .text.BPM_ADC_Ext_CP_Clk_GetSourceRegister
                0x00001afc       0x10 .\CortexM3\ARM_GCC_493\Debug\Jazzy_Dude.a(BPM_ADC_Ext_CP_Clk.o)
                0x00001afc                BPM_ADC_Ext_CP_Clk_GetSourceRegister
 .text.BPM_ADC_Ext_CP_Clk_SetDividerRegister
                0x00001b0c       0xd8 .\CortexM3\ARM_GCC_493\Debug\Jazzy_Dude.a(BPM_ADC_Ext_CP_Clk.o)
                0x00001b0c                BPM_ADC_Ext_CP_Clk_SetDividerRegister
 .text.BPM_ADC_theACLK_GetDividerRegister
                0x00001be4        0xc .\CortexM3\ARM_GCC_493\Debug\Jazzy_Dude.a(BPM_ADC_theACLK.o)
                0x00001be4                BPM_ADC_theACLK_GetDividerRegister
 .text.BPM_ADC_theACLK_SetModeRegister
                0x00001bf0       0x14 .\CortexM3\ARM_GCC_493\Debug\Jazzy_Dude.a(BPM_ADC_theACLK.o)
                0x00001bf0                BPM_ADC_theACLK_SetModeRegister
 .text.BPM_ADC_theACLK_GetSourceRegister
                0x00001c04       0x10 .\CortexM3\ARM_GCC_493\Debug\Jazzy_Dude.a(BPM_ADC_theACLK.o)
                0x00001c04                BPM_ADC_theACLK_GetSourceRegister
 .text.BPM_ADC_theACLK_SetDividerRegister
                0x00001c14       0xd8 .\CortexM3\ARM_GCC_493\Debug\Jazzy_Dude.a(BPM_ADC_theACLK.o)
                0x00001c14                BPM_ADC_theACLK_SetDividerRegister
 .text.PITCH_ADC_CalcGain
                0x00001cec       0x64 .\CortexM3\ARM_GCC_493\Debug\Jazzy_Dude.a(PITCH_ADC.o)
 .text.PITCH_ADC_Enable
                0x00001d50       0x94 .\CortexM3\ARM_GCC_493\Debug\Jazzy_Dude.a(PITCH_ADC.o)
                0x00001d50                PITCH_ADC_Enable
 .text.PITCH_ADC_SetResolution
                0x00001de4       0x38 .\CortexM3\ARM_GCC_493\Debug\Jazzy_Dude.a(PITCH_ADC.o)
                0x00001de4                PITCH_ADC_SetResolution
 .text.PITCH_ADC_Init
                0x00001e1c       0x3c .\CortexM3\ARM_GCC_493\Debug\Jazzy_Dude.a(PITCH_ADC.o)
                0x00001e1c                PITCH_ADC_Init
 .text.PITCH_ADC_Start
                0x00001e58       0x1c .\CortexM3\ARM_GCC_493\Debug\Jazzy_Dude.a(PITCH_ADC.o)
                0x00001e58                PITCH_ADC_Start
 .text.PITCH_ADC_StartConvert
                0x00001e74       0x10 .\CortexM3\ARM_GCC_493\Debug\Jazzy_Dude.a(PITCH_ADC.o)
                0x00001e74                PITCH_ADC_StartConvert
 .text.PITCH_ADC_GetResult16
                0x00001e84       0x18 .\CortexM3\ARM_GCC_493\Debug\Jazzy_Dude.a(PITCH_ADC.o)
                0x00001e84                PITCH_ADC_GetResult16
 .text.PITCH_ADC_ISR
                0x00001e9c        0x4 .\CortexM3\ARM_GCC_493\Debug\Jazzy_Dude.a(PITCH_ADC_INT.o)
                0x00001e9c                PITCH_ADC_ISR
 .text.PITCH_ADC_theACLK_SetModeRegister
                0x00001ea0       0x14 .\CortexM3\ARM_GCC_493\Debug\Jazzy_Dude.a(PITCH_ADC_theACLK.o)
                0x00001ea0                PITCH_ADC_theACLK_SetModeRegister
 .text.Btn_2_Read
                0x00001eb4       0x10 .\CortexM3\ARM_GCC_493\Debug\Jazzy_Dude.a(Btn_2.o)
                0x00001eb4                Btn_2_Read
 .text.Mode_Switch_Read
                0x00001ec4       0x10 .\CortexM3\ARM_GCC_493\Debug\Jazzy_Dude.a(Mode_Switch.o)
                0x00001ec4                Mode_Switch_Read
 .text.Out_1_Write
                0x00001ed4       0x18 .\CortexM3\ARM_GCC_493\Debug\Jazzy_Dude.a(Out_1.o)
                0x00001ed4                Out_1_Write
 .text.Inst_Switch_Read
                0x00001eec       0x10 .\CortexM3\ARM_GCC_493\Debug\Jazzy_Dude.a(Inst_Switch.o)
                0x00001eec                Inst_Switch_Read
 .text          0x00001efc      0x370 c:/program files (x86)/cypress/psoc creator/3.3/psoc creator/import/gnu/arm/4.9.3/bin/../lib/gcc/arm-none-eabi/4.9.3/armv7-m\libgcc.a(_arm_addsubdf3.o)
                0x00001efc                __aeabi_drsub
                0x00001f04                __aeabi_dsub
                0x00001f04                __subdf3
                0x00001f08                __aeabi_dadd
                0x00001f08                __adddf3
                0x00002180                __floatunsidf
                0x00002180                __aeabi_ui2d
                0x000021a0                __floatsidf
                0x000021a0                __aeabi_i2d
                0x000021c4                __aeabi_f2d
                0x000021c4                __extendsfdf2
                0x00002200                __floatundidf
                0x00002200                __aeabi_ul2d
                0x00002210                __floatdidf
                0x00002210                __aeabi_l2d
 .text          0x0000226c      0x424 c:/program files (x86)/cypress/psoc creator/3.3/psoc creator/import/gnu/arm/4.9.3/bin/../lib/gcc/arm-none-eabi/4.9.3/armv7-m\libgcc.a(_arm_muldivdf3.o)
                0x0000226c                __aeabi_dmul
                0x0000226c                __muldf3
                0x000024c0                __divdf3
                0x000024c0                __aeabi_ddiv
 .text          0x00002690       0x40 c:/program files (x86)/cypress/psoc creator/3.3/psoc creator/import/gnu/arm/4.9.3/bin/../lib/gcc/arm-none-eabi/4.9.3/armv7-m\libgcc.a(_arm_fixunsdfsi.o)
                0x00002690                __aeabi_d2uiz
                0x00002690                __fixunsdfsi
 .text          0x000026d0      0x21c c:/program files (x86)/cypress/psoc creator/3.3/psoc creator/import/gnu/arm/4.9.3/bin/../lib/gcc/arm-none-eabi/4.9.3/armv7-m\libgcc.a(_arm_addsubsf3.o)
                0x000026d0                __aeabi_frsub
                0x000026d8                __subsf3
                0x000026d8                __aeabi_fsub
                0x000026dc                __aeabi_fadd
                0x000026dc                __addsf3
                0x0000283c                __aeabi_ui2f
                0x0000283c                __floatunsisf
                0x00002844                __aeabi_i2f
                0x00002844                __floatsisf
                0x00002860                __aeabi_ul2f
                0x00002860                __floatundisf
                0x00002870                __aeabi_l2f
                0x00002870                __floatdisf
 .text          0x000028ec      0x2a0 c:/program files (x86)/cypress/psoc creator/3.3/psoc creator/import/gnu/arm/4.9.3/bin/../lib/gcc/arm-none-eabi/4.9.3/armv7-m\libgcc.a(_arm_muldivsf3.o)
                0x000028ec                __mulsf3
                0x000028ec                __aeabi_fmul
                0x00002a54                __aeabi_fdiv
                0x00002a54                __divsf3
 .text          0x00002b8c       0xec c:/program files (x86)/cypress/psoc creator/3.3/psoc creator/import/gnu/arm/4.9.3/bin/../lib/gcc/arm-none-eabi/4.9.3/armv7-m\libgcc.a(_arm_cmpsf2.o)
                0x00002b8c                __gesf2
                0x00002b8c                __gtsf2
                0x00002b94                __lesf2
                0x00002b94                __ltsf2
                0x00002b9c                __nesf2
                0x00002b9c                __eqsf2
                0x00002b9c                __cmpsf2
                0x00002bfc                __aeabi_cfrcmple
                0x00002c04                __aeabi_cfcmpeq
                0x00002c04                __aeabi_cfcmple
                0x00002c14                __aeabi_fcmpeq
                0x00002c28                __aeabi_fcmplt
                0x00002c3c                __aeabi_fcmple
                0x00002c50                __aeabi_fcmpge
                0x00002c64                __aeabi_fcmpgt
 .text          0x00002c78       0x4c c:/program files (x86)/cypress/psoc creator/3.3/psoc creator/import/gnu/arm/4.9.3/bin/../lib/gcc/arm-none-eabi/4.9.3/armv7-m\libgcc.a(_arm_fixsfsi.o)
                0x00002c78                __aeabi_f2iz
                0x00002c78                __fixsfsi
 .text          0x00002cc4       0x40 c:/program files (x86)/cypress/psoc creator/3.3/psoc creator/import/gnu/arm/4.9.3/bin/../lib/gcc/arm-none-eabi/4.9.3/armv7-m\libgcc.a(_arm_fixunssfsi.o)
                0x00002cc4                __fixunssfsi
                0x00002cc4                __aeabi_f2uiz
 .text.__libc_init_array
                0x00002d04       0x4c c:/program files (x86)/cypress/psoc creator/3.3/psoc creator/import/gnu/arm/4.9.3/bin/../lib/gcc/arm-none-eabi/4.9.3/../../../../arm-none-eabi/lib/armv7-m\libg_nano.a(lib_a-init.o)
                0x00002d04                __libc_init_array
 .text.memcpy   0x00002d50       0x16 c:/program files (x86)/cypress/psoc creator/3.3/psoc creator/import/gnu/arm/4.9.3/bin/../lib/gcc/arm-none-eabi/4.9.3/../../../../arm-none-eabi/lib/armv7-m\libg_nano.a(lib_a-memcpy.o)
                0x00002d50                memcpy
 .text.memset   0x00002d66       0x10 c:/program files (x86)/cypress/psoc creator/3.3/psoc creator/import/gnu/arm/4.9.3/bin/../lib/gcc/arm-none-eabi/4.9.3/../../../../arm-none-eabi/lib/armv7-m\libg_nano.a(lib_a-memset.o)
                0x00002d66                memset
 *(.plt)
 *(.gnu.warning)
 *(.glue_7t)
 .glue_7t       0x00000000        0x0 linker stubs
 *(.glue_7)
 .glue_7        0x00000000        0x0 linker stubs
 *(.vfp11_veneer)
 .vfp11_veneer  0x00000000        0x0 linker stubs
 *(.bootloader)
 *(.ARM.extab* .gnu.linkonce.armextab.*)
 *(.gcc_except_table)

.v4_bx          0x00002d78        0x0
 .v4_bx         0x00000000        0x0 linker stubs

.iplt           0x00002d78        0x0
 .iplt          0x00000000        0x0 c:/program files (x86)/cypress/psoc creator/3.3/psoc creator/import/gnu/arm/4.9.3/bin/../lib/gcc/arm-none-eabi/4.9.3/armv7-m/crtbegin.o

.eh_frame_hdr
 *(.eh_frame_hdr)

.eh_frame       0x00002d78        0x4
 *(.eh_frame)
 .eh_frame      0x00002d78        0x0 c:/program files (x86)/cypress/psoc creator/3.3/psoc creator/import/gnu/arm/4.9.3/bin/../lib/gcc/arm-none-eabi/4.9.3/armv7-m/crtbegin.o
 .eh_frame      0x00002d78        0x4 c:/program files (x86)/cypress/psoc creator/3.3/psoc creator/import/gnu/arm/4.9.3/bin/../lib/gcc/arm-none-eabi/4.9.3/armv7-m/crtend.o
                0x00002d7c                PROVIDE (__exidx_start, .)

.ARM.exidx
 *(.ARM.exidx* .gnu.linkonce.armexidx.*)
                0x00002d7c                __exidx_end = .

.rodata         0x00002d7c      0x20c
 *(.rodata .rodata.* .gnu.linkonce.r.*)
 .rodata        0x00002d7c      0x110 .\CortexM3\ARM_GCC_493\Debug\main.o
                0x00002d7c                SaxTable
                0x00002dbc                PianoTable
                0x00002dfc                SaxFreq
                0x00002e2c                PianoFreq
 .rodata.str1.4
                0x00002e8c       0x50 .\CortexM3\ARM_GCC_493\Debug\main.o
 .rodata        0x00002edc       0x38 .\CortexM3\ARM_GCC_493\Debug\Jazzy_Dude.a(cyfitter_cfg.o)
                0x00002edc                BPM_ADC_AMux__addrTable
                0x00002ee4                BPM_ADC_AMux__maskTable
 .rodata        0x00002f14       0x40 .\CortexM3\ARM_GCC_493\Debug\Jazzy_Dude.a(LCD_Char_1_BarGraph.o)
                0x00002f14                LCD_Char_1_customFonts
                0x00002f54                . = ALIGN (0x4)
 *(.init)
 .init          0x00002f54        0x4 c:/program files (x86)/cypress/psoc creator/3.3/psoc creator/import/gnu/arm/4.9.3/bin/../lib/gcc/arm-none-eabi/4.9.3/armv7-m/crti.o
                0x00002f54                _init
 .init          0x00002f58        0x8 c:/program files (x86)/cypress/psoc creator/3.3/psoc creator/import/gnu/arm/4.9.3/bin/../lib/gcc/arm-none-eabi/4.9.3/armv7-m/crtn.o
                0x00002f60                . = ALIGN (0x4)
                0x00002f60                __preinit_array_start = .
 *(.preinit_array)
                0x00002f60                __preinit_array_end = .
                0x00002f60                . = ALIGN (0x4)
                0x00002f60                __init_array_start = .
 *(SORT(.init_array.*))
 *(.init_array)
 .init_array    0x00002f60        0x4 c:/program files (x86)/cypress/psoc creator/3.3/psoc creator/import/gnu/arm/4.9.3/bin/../lib/gcc/arm-none-eabi/4.9.3/armv7-m/crtbegin.o
 .init_array    0x00002f64        0x4 .\CortexM3\ARM_GCC_493\Debug\Cm3Start.o
                0x00002f68                __init_array_end = .
                0x00002f68                . = ALIGN (0x4)
 *(.fini)
 .fini          0x00002f68        0x4 c:/program files (x86)/cypress/psoc creator/3.3/psoc creator/import/gnu/arm/4.9.3/bin/../lib/gcc/arm-none-eabi/4.9.3/armv7-m/crti.o
                0x00002f68                _fini
 .fini          0x00002f6c        0x8 c:/program files (x86)/cypress/psoc creator/3.3/psoc creator/import/gnu/arm/4.9.3/bin/../lib/gcc/arm-none-eabi/4.9.3/armv7-m/crtn.o
                0x00002f74                . = ALIGN (0x4)
                0x00002f74                __fini_array_start = .
 *(.fini_array)
 .fini_array    0x00002f74        0x4 c:/program files (x86)/cypress/psoc creator/3.3/psoc creator/import/gnu/arm/4.9.3/bin/../lib/gcc/arm-none-eabi/4.9.3/armv7-m/crtbegin.o
 *(SORT(.fini_array.*))
                0x00002f78                __fini_array_end = .
                0x00002f78                . = ALIGN (0x4)
 *crtbegin.o(.ctors)
 *(EXCLUDE_FILE(*crtend.o) .ctors)
 *(SORT(.ctors.*))
 *crtend.o(.ctors)
                0x00002f78                . = ALIGN (0x4)
 *crtbegin.o(.dtors)
 *(EXCLUDE_FILE(*crtend.o) .dtors)
 *(SORT(.dtors.*))
 *crtend.o(.dtors)
                0x00002f78                . = ALIGN (0x4)
                0x00002f78                __cy_regions = .
                0x00002f78        0x4 LONG 0x2f88 __cy_region_init_ram
                0x00002f7c        0x4 LONG 0x1fff8108 __cy_region_start_data
                0x00002f80        0x4 LONG 0xad8 __cy_region_init_size_ram
                0x00002f84        0x4 LONG 0xd0 __cy_region_zero_size_ram
                0x00002f88                __cy_regions_end = .
                0x00002f88                . = ALIGN (0x8)
                0x00002f88                _etext = .

.cy_checksum_exclude
                0x00002f88        0x0
 *(.cy_checksum_exclude)

.ramvectors     0x1fff8000      0x100
                0x1fff8000                __cy_region_start_ram = .
 *(.ramvectors)
 .ramvectors    0x1fff8000      0x100 .\CortexM3\ARM_GCC_493\Debug\Cm3Start.o
                0x1fff8000                CyRamVectors

.noinit         0x1fff8100        0x5
 *(.noinit)
 .noinit        0x1fff8100        0x4 .\CortexM3\ARM_GCC_493\Debug\Cm3Start.o
 .noinit        0x1fff8104        0x1 .\CortexM3\ARM_GCC_493\Debug\Jazzy_Dude.a(CyLib.o)
                0x1fff8104                CyResetStatus

.data           0x1fff8108      0xad8 load address 0x00002f88
                0x1fff8108                __cy_region_start_data = .
 *(.jcr)
 .jcr           0x1fff8108        0x0 c:/program files (x86)/cypress/psoc creator/3.3/psoc creator/import/gnu/arm/4.9.3/bin/../lib/gcc/arm-none-eabi/4.9.3/armv7-m/crtbegin.o
 .jcr           0x1fff8108        0x4 c:/program files (x86)/cypress/psoc creator/3.3/psoc creator/import/gnu/arm/4.9.3/bin/../lib/gcc/arm-none-eabi/4.9.3/armv7-m/crtend.o
 *(.got.plt)
 *(.got)
 *(.shdata)
 *(.data .data.* .gnu.linkonce.d.*)
 .data          0x1fff810c      0xac0 .\CortexM3\ARM_GCC_493\Debug\main.o
                0x1fff810c                SAX_ATTACK_TIME
                0x1fff8110                SAX_SUSTAIN_LEVEL
                0x1fff8114                SAX_DECAY_TIME
                0x1fff8118                SAX_RELEASE_TIME
                0x1fff811c                PIANO_ATTACK_TIME
                0x1fff8120                PIANO_SUSTAIN_LEVEL
                0x1fff8124                PIANO_DECAY_TIME
                0x1fff8128                PIANO_RELEASE_TIME
                0x1fff812c                mode
                0x1fff8130                bpm_array
                0x1fff814c                good_megalovania
                0x1fff82cc                nop_chart
                0x1fff844c                bossa_support_chords
                0x1fff85cc                bossa_main_melody
                0x1fff874c                bad_megalovania
                0x1fff88cc                straight_no_chaser
                0x1fff8a4c                piano_harmony
 .data          0x1fff8bcc       0x10 .\CortexM3\ARM_GCC_493\Debug\Jazzy_Dude.a(CyLib.o)
                0x1fff8bcc                cydelay_32k_ms
                0x1fff8bd0                cydelay_freq_khz
                0x1fff8bd4                cydelay_freq_mhz
                0x1fff8bd8                cydelay_freq_hz
 .data          0x1fff8bdc        0x1 .\CortexM3\ARM_GCC_493\Debug\Jazzy_Dude.a(BPM_ADC.o)
                0x1fff8bdc                BPM_ADC_Config
 .data          0x1fff8bdd        0x1 .\CortexM3\ARM_GCC_493\Debug\Jazzy_Dude.a(BPM_ADC_AMux.o)
                0x1fff8be0                . = ALIGN (0x8)
 *fill*         0x1fff8bde        0x2 
 *(.ram)
                0x1fff8be0                _edata = .

.igot.plt       0x1fff8be0        0x0 load address 0x00003a60
 .igot.plt      0x00000000        0x0 c:/program files (x86)/cypress/psoc creator/3.3/psoc creator/import/gnu/arm/4.9.3/bin/../lib/gcc/arm-none-eabi/4.9.3/armv7-m/crtbegin.o

.bss            0x1fff8be0       0xd0 load address 0x00003a60
                0x1fff8be0                PROVIDE (__bss_start__, .)
 *(.shbss)
 *(.bss .bss.* .gnu.linkonce.b.*)
 .bss           0x1fff8be0       0x1c c:/program files (x86)/cypress/psoc creator/3.3/psoc creator/import/gnu/arm/4.9.3/bin/../lib/gcc/arm-none-eabi/4.9.3/armv7-m/crtbegin.o
 .bss           0x1fff8bfc       0x1c .\CortexM3\ARM_GCC_493\Debug\Jazzy_Dude.a(CyLib.o)
                0x1fff8c14                CySysTickInitVar
 .bss           0x1fff8c18        0x1 .\CortexM3\ARM_GCC_493\Debug\Jazzy_Dude.a(SaxDac.o)
                0x1fff8c18                SaxDac_initVar
 .bss           0x1fff8c19        0x2 .\CortexM3\ARM_GCC_493\Debug\Jazzy_Dude.a(LCD_Char_1.o)
                0x1fff8c19                LCD_Char_1_enableState
                0x1fff8c1a                LCD_Char_1_initVar
 .bss           0x1fff8c1b        0x1 .\CortexM3\ARM_GCC_493\Debug\Jazzy_Dude.a(PianoDac.o)
                0x1fff8c1b                PianoDac_initVar
 .bss           0x1fff8c1c       0x14 .\CortexM3\ARM_GCC_493\Debug\Jazzy_Dude.a(BPM_ADC.o)
                0x1fff8c2c                BPM_ADC_stopConversion
                0x1fff8c2d                BPM_ADC_convDone
                0x1fff8c2e                BPM_ADC_initVar
                0x1fff8c2f                BPM_ADC_started
 .bss           0x1fff8c30        0x1 .\CortexM3\ARM_GCC_493\Debug\Jazzy_Dude.a(PITCH_ADC.o)
                0x1fff8c30                PITCH_ADC_initVar
 *(COMMON)
 *fill*         0x1fff8c31        0x3 
 COMMON         0x1fff8c34       0x65 .\CortexM3\ARM_GCC_493\Debug\main.o
                0x1fff8c34                sax_env_lvl
                0x1fff8c38                piano_release_rate
                0x1fff8c3c                piano_decay_rate
                0x1fff8c40                piano_env_out
                0x1fff8c44                sax_sample
                0x1fff8c45                prev_mode
                0x1fff8c48                piano_atk_rate
                0x1fff8c4c                piano_current_note_freq
                0x1fff8c50                piano_zero_centered
                0x1fff8c54                piano_phase
                0x1fff8c58                piano_phase_inc
                0x1fff8c5c                bpm
                0x1fff8c5d                chard_idx
                0x1fff8c5e                piano_env_state
                0x1fff8c60                pot1_value
                0x1fff8c62                sax_env_state
                0x1fff8c64                sax_phase
                0x1fff8c68                sax_current_note_freq
                0x1fff8c6c                piano_env_lvl
                0x1fff8c70                sax_env_out
                0x1fff8c74                sax_atk_rate
                0x1fff8c78                piano_enveloped_note
                0x1fff8c7c                msTicks
                0x1fff8c80                pot2_value
                0x1fff8c82                sax_zero_centered
                0x1fff8c84                sax_phase_inc
                0x1fff8c88                sax_enveloped_note
                0x1fff8c8c                sax_release_rate
                0x1fff8c90                bar_idx
                0x1fff8c94                sax_decay_rate
                0x1fff8c98                piano_sample
 *fill*         0x1fff8c99        0x3 
 COMMON         0x1fff8c9c        0x8 .\CortexM3\ARM_GCC_493\Debug\Jazzy_Dude.a(BPM_ADC.o)
                0x1fff8c9c                BPM_ADC_CountsPerVolt
                0x1fff8ca0                BPM_ADC_Offset
 COMMON         0x1fff8ca4        0xc .\CortexM3\ARM_GCC_493\Debug\Jazzy_Dude.a(PITCH_ADC.o)
                0x1fff8ca4                PITCH_ADC_countsPerVolt
                0x1fff8ca8                PITCH_ADC_countsPer10Volt
                0x1fff8cac                PITCH_ADC_shift
                0x1fff8cae                PITCH_ADC_offset
                0x1fff8cb0                . = ALIGN (0x8)
 *(.ram.b)
                0x1fff8cb0                _end = .
                0x1fff8cb0                __end = .
                0x1fff8cb0                PROVIDE (end, .)
                0x1fff8cb0                PROVIDE (__bss_end__, .)
                0x00002f88                __cy_region_init_ram = LOADADDR (.data)
                0x00000ad8                __cy_region_init_size_ram = (_edata - ADDR (.data))
                0x000000d0                __cy_region_zero_size_ram = (_end - _edata)

.heap           0x1fff8cb0       0x80 load address 0x00003a60
                0x1fff8cb0                . = _end
                0x1fff8d30                . = (. + 0x80)
 *fill*         0x1fff8cb0       0x80 
                0x1fff8d30                __cy_heap_limit = .

.stack          0x20007800      0x800
                0x20007800                __cy_stack_limit = .
                0x20008000                . = (. + 0x800)
 *fill*         0x20007800      0x800 
                0x00000001                ASSERT ((__cy_stack_limit >= __cy_heap_limit), region RAM overflowed with stack)
                0x00000000                cy_checksum_exclude_size = (CY_APPL_LOADABLE == 0x1)?SIZEOF (.cy_checksum_exclude):0x0
                0x00000001                ASSERT ((cy_checksum_exclude_size <= CY_CHECKSUM_EXCLUDE_SIZE), CY_BOOT: Section .cy_checksum_exclude size exceedes specified limit.)

.cyloadermeta
 *(.cyloadermeta)

.cyloadablemeta
 *(.cyloadablemeta)

.cyconfigecc    0x80000000      0x114
 *(.cyconfigecc)
 .cyconfigecc   0x80000000      0x114 .\CortexM3\ARM_GCC_493\Debug\cymetadata.o
                0x80000000                cy_meta_configecc

.cycustnvl      0x90000000        0x4
 *(.cycustnvl)
 .cycustnvl     0x90000000        0x4 .\CortexM3\ARM_GCC_493\Debug\cymetadata.o
                0x90000000                cy_meta_custnvl

.cywolatch      0x90100000        0x4
 *(.cywolatch)
 .cywolatch     0x90100000        0x4 .\CortexM3\ARM_GCC_493\Debug\cymetadata.o
                0x90100000                cy_meta_wonvl

.cyeeprom       0x90200000        0x0
 *(.cyeeprom)
                0x00000001                ASSERT ((. <= ((0x90200000 + ee_offset) + ee_size)), .cyeeprom data will not fit in EEPROM)

.cyflashprotect
                0x90400000      0x100
 *(.cyflashprotect)
 .cyflashprotect
                0x90400000      0x100 .\CortexM3\ARM_GCC_493\Debug\cymetadata.o
                0x90400000                cy_meta_flashprotect

.cymeta         0x90500000        0xc
 *(.cymeta)
 .cymeta        0x90500000        0xc .\CortexM3\ARM_GCC_493\Debug\cymetadata.o
                0x90500000                cy_metadata

.rel.dyn        0x00003a60        0x0 load address 0x9050000c
 .rel.iplt      0x00000000        0x0 c:/program files (x86)/cypress/psoc creator/3.3/psoc creator/import/gnu/arm/4.9.3/bin/../lib/gcc/arm-none-eabi/4.9.3/armv7-m/crtbegin.o

.stab
 *(.stab)

.stabstr
 *(.stabstr)

.debug
 *(.debug)

.line
 *(.line)

.debug_srcinfo
 *(.debug_srcinfo)

.debug_sfnames
 *(.debug_sfnames)

.debug_aranges  0x00000000      0xcd0
 *(.debug_aranges)
 .debug_aranges
                0x00000000       0x88 .\CortexM3\ARM_GCC_493\Debug\main.o
 .debug_aranges
                0x00000088       0x18 .\CortexM3\ARM_GCC_493\Debug\cymetadata.o
 .debug_aranges
                0x000000a0       0x48 .\CortexM3\ARM_GCC_493\Debug\Cm3Start.o
 .debug_aranges
                0x000000e8       0x68 .\CortexM3\ARM_GCC_493\Debug\Jazzy_Dude.a(cyfitter_cfg.o)
 .debug_aranges
                0x00000150       0x20 .\CortexM3\ARM_GCC_493\Debug\Jazzy_Dude.a(CyBootAsmGnu.o)
 .debug_aranges
                0x00000170      0x298 .\CortexM3\ARM_GCC_493\Debug\Jazzy_Dude.a(CyLib.o)
 .debug_aranges
                0x00000408       0x98 .\CortexM3\ARM_GCC_493\Debug\Jazzy_Dude.a(cyPm.o)
 .debug_aranges
                0x000004a0       0x58 .\CortexM3\ARM_GCC_493\Debug\Jazzy_Dude.a(SaxDac.o)
 .debug_aranges
                0x000004f8       0x80 .\CortexM3\ARM_GCC_493\Debug\Jazzy_Dude.a(sax_isr.o)
 .debug_aranges
                0x00000578       0x98 .\CortexM3\ARM_GCC_493\Debug\Jazzy_Dude.a(LCD_Char_1.o)
 .debug_aranges
                0x00000610       0x28 .\CortexM3\ARM_GCC_493\Debug\Jazzy_Dude.a(LCD_Char_1_BarGraph.o)
 .debug_aranges
                0x00000638       0x38 .\CortexM3\ARM_GCC_493\Debug\Jazzy_Dude.a(led1.o)
 .debug_aranges
                0x00000670       0x38 .\CortexM3\ARM_GCC_493\Debug\Jazzy_Dude.a(testy.o)
 .debug_aranges
                0x000006a8       0x58 .\CortexM3\ARM_GCC_493\Debug\Jazzy_Dude.a(PianoDac.o)
 .debug_aranges
                0x00000700       0x80 .\CortexM3\ARM_GCC_493\Debug\Jazzy_Dude.a(piano_isr.o)
 .debug_aranges
                0x00000780       0xe8 .\CortexM3\ARM_GCC_493\Debug\Jazzy_Dude.a(BPM_ADC.o)
 .debug_aranges
                0x00000868       0x38 .\CortexM3\ARM_GCC_493\Debug\Jazzy_Dude.a(BPM_ADC_INT.o)
 .debug_aranges
                0x000008a0       0x30 .\CortexM3\ARM_GCC_493\Debug\Jazzy_Dude.a(BPM_ADC_AMux.o)
 .debug_aranges
                0x000008d0       0x70 .\CortexM3\ARM_GCC_493\Debug\Jazzy_Dude.a(BPM_ADC_Ext_CP_Clk.o)
 .debug_aranges
                0x00000940       0x80 .\CortexM3\ARM_GCC_493\Debug\Jazzy_Dude.a(BPM_ADC_theACLK.o)
 .debug_aranges
                0x000009c0       0xa8 .\CortexM3\ARM_GCC_493\Debug\Jazzy_Dude.a(PITCH_ADC.o)
 .debug_aranges
                0x00000a68       0x20 .\CortexM3\ARM_GCC_493\Debug\Jazzy_Dude.a(PITCH_ADC_INT.o)
 .debug_aranges
                0x00000a88       0x70 .\CortexM3\ARM_GCC_493\Debug\Jazzy_Dude.a(PITCH_ADC_theACLK.o)
 .debug_aranges
                0x00000af8       0x38 .\CortexM3\ARM_GCC_493\Debug\Jazzy_Dude.a(Btn_2.o)
 .debug_aranges
                0x00000b30       0x38 .\CortexM3\ARM_GCC_493\Debug\Jazzy_Dude.a(Mode_Switch.o)
 .debug_aranges
                0x00000b68       0x38 .\CortexM3\ARM_GCC_493\Debug\Jazzy_Dude.a(Out_1.o)
 .debug_aranges
                0x00000ba0       0x38 .\CortexM3\ARM_GCC_493\Debug\Jazzy_Dude.a(Inst_Switch.o)
 .debug_aranges
                0x00000bd8       0x80 .\CortexM3\ARM_GCC_493\Debug\Jazzy_Dude.a(CyFlash.o)
 .debug_aranges
                0x00000c58       0x78 .\CortexM3\ARM_GCC_493\Debug\Jazzy_Dude.a(CySpc.o)

.debug_pubnames
 *(.debug_pubnames)

.debug_info     0x00000000     0x7b6c
 *(.debug_info .gnu.linkonce.wi.*)
 .debug_info    0x00000000      0xffc .\CortexM3\ARM_GCC_493\Debug\main.o
 .debug_info    0x00000ffc      0x13b .\CortexM3\ARM_GCC_493\Debug\cymetadata.o
 .debug_info    0x00001137      0x39f .\CortexM3\ARM_GCC_493\Debug\Cm3Start.o
 .debug_info    0x000014d6      0x671 .\CortexM3\ARM_GCC_493\Debug\Jazzy_Dude.a(cyfitter_cfg.o)
 .debug_info    0x00001b47       0x7e .\CortexM3\ARM_GCC_493\Debug\Jazzy_Dude.a(CyBootAsmGnu.o)
 .debug_info    0x00001bc5     0x136f .\CortexM3\ARM_GCC_493\Debug\Jazzy_Dude.a(CyLib.o)
 .debug_info    0x00002f34      0xa57 .\CortexM3\ARM_GCC_493\Debug\Jazzy_Dude.a(cyPm.o)
 .debug_info    0x0000398b      0x1de .\CortexM3\ARM_GCC_493\Debug\Jazzy_Dude.a(SaxDac.o)
 .debug_info    0x00003b69      0x2cb .\CortexM3\ARM_GCC_493\Debug\Jazzy_Dude.a(sax_isr.o)
 .debug_info    0x00003e34      0x763 .\CortexM3\ARM_GCC_493\Debug\Jazzy_Dude.a(LCD_Char_1.o)
 .debug_info    0x00004597      0x2a7 .\CortexM3\ARM_GCC_493\Debug\Jazzy_Dude.a(LCD_Char_1_BarGraph.o)
 .debug_info    0x0000483e      0x11f .\CortexM3\ARM_GCC_493\Debug\Jazzy_Dude.a(led1.o)
 .debug_info    0x0000495d      0x11f .\CortexM3\ARM_GCC_493\Debug\Jazzy_Dude.a(testy.o)
 .debug_info    0x00004a7c      0x1de .\CortexM3\ARM_GCC_493\Debug\Jazzy_Dude.a(PianoDac.o)
 .debug_info    0x00004c5a      0x2cb .\CortexM3\ARM_GCC_493\Debug\Jazzy_Dude.a(piano_isr.o)
 .debug_info    0x00004f25      0xc4c .\CortexM3\ARM_GCC_493\Debug\Jazzy_Dude.a(BPM_ADC.o)
 .debug_info    0x00005b71       0xcc .\CortexM3\ARM_GCC_493\Debug\Jazzy_Dude.a(BPM_ADC_INT.o)
 .debug_info    0x00005c3d      0x16d .\CortexM3\ARM_GCC_493\Debug\Jazzy_Dude.a(BPM_ADC_AMux.o)
 .debug_info    0x00005daa      0x283 .\CortexM3\ARM_GCC_493\Debug\Jazzy_Dude.a(BPM_ADC_Ext_CP_Clk.o)
 .debug_info    0x0000602d      0x2c4 .\CortexM3\ARM_GCC_493\Debug\Jazzy_Dude.a(BPM_ADC_theACLK.o)
 .debug_info    0x000062f1      0x5f8 .\CortexM3\ARM_GCC_493\Debug\Jazzy_Dude.a(PITCH_ADC.o)
 .debug_info    0x000068e9       0x92 .\CortexM3\ARM_GCC_493\Debug\Jazzy_Dude.a(PITCH_ADC_INT.o)
 .debug_info    0x0000697b      0x283 .\CortexM3\ARM_GCC_493\Debug\Jazzy_Dude.a(PITCH_ADC_theACLK.o)
 .debug_info    0x00006bfe      0x11f .\CortexM3\ARM_GCC_493\Debug\Jazzy_Dude.a(Btn_2.o)
 .debug_info    0x00006d1d      0x11f .\CortexM3\ARM_GCC_493\Debug\Jazzy_Dude.a(Mode_Switch.o)
 .debug_info    0x00006e3c      0x11f .\CortexM3\ARM_GCC_493\Debug\Jazzy_Dude.a(Out_1.o)
 .debug_info    0x00006f5b      0x11f .\CortexM3\ARM_GCC_493\Debug\Jazzy_Dude.a(Inst_Switch.o)
 .debug_info    0x0000707a      0x608 .\CortexM3\ARM_GCC_493\Debug\Jazzy_Dude.a(CyFlash.o)
 .debug_info    0x00007682      0x4ea .\CortexM3\ARM_GCC_493\Debug\Jazzy_Dude.a(CySpc.o)

.debug_abbrev   0x00000000     0x2320
 *(.debug_abbrev)
 .debug_abbrev  0x00000000      0x296 .\CortexM3\ARM_GCC_493\Debug\main.o
 .debug_abbrev  0x00000296       0x66 .\CortexM3\ARM_GCC_493\Debug\cymetadata.o
 .debug_abbrev  0x000002fc      0x200 .\CortexM3\ARM_GCC_493\Debug\Cm3Start.o
 .debug_abbrev  0x000004fc      0x223 .\CortexM3\ARM_GCC_493\Debug\Jazzy_Dude.a(cyfitter_cfg.o)
 .debug_abbrev  0x0000071f       0x14 .\CortexM3\ARM_GCC_493\Debug\Jazzy_Dude.a(CyBootAsmGnu.o)
 .debug_abbrev  0x00000733      0x296 .\CortexM3\ARM_GCC_493\Debug\Jazzy_Dude.a(CyLib.o)
 .debug_abbrev  0x000009c9      0x1ed .\CortexM3\ARM_GCC_493\Debug\Jazzy_Dude.a(cyPm.o)
 .debug_abbrev  0x00000bb6       0xf7 .\CortexM3\ARM_GCC_493\Debug\Jazzy_Dude.a(SaxDac.o)
 .debug_abbrev  0x00000cad      0x173 .\CortexM3\ARM_GCC_493\Debug\Jazzy_Dude.a(sax_isr.o)
 .debug_abbrev  0x00000e20      0x171 .\CortexM3\ARM_GCC_493\Debug\Jazzy_Dude.a(LCD_Char_1.o)
 .debug_abbrev  0x00000f91      0x12b .\CortexM3\ARM_GCC_493\Debug\Jazzy_Dude.a(LCD_Char_1_BarGraph.o)
 .debug_abbrev  0x000010bc       0x90 .\CortexM3\ARM_GCC_493\Debug\Jazzy_Dude.a(led1.o)
 .debug_abbrev  0x0000114c       0x90 .\CortexM3\ARM_GCC_493\Debug\Jazzy_Dude.a(testy.o)
 .debug_abbrev  0x000011dc       0xf7 .\CortexM3\ARM_GCC_493\Debug\Jazzy_Dude.a(PianoDac.o)
 .debug_abbrev  0x000012d3      0x173 .\CortexM3\ARM_GCC_493\Debug\Jazzy_Dude.a(piano_isr.o)
 .debug_abbrev  0x00001446      0x21f .\CortexM3\ARM_GCC_493\Debug\Jazzy_Dude.a(BPM_ADC.o)
 .debug_abbrev  0x00001665       0x42 .\CortexM3\ARM_GCC_493\Debug\Jazzy_Dude.a(BPM_ADC_INT.o)
 .debug_abbrev  0x000016a7       0xcb .\CortexM3\ARM_GCC_493\Debug\Jazzy_Dude.a(BPM_ADC_AMux.o)
 .debug_abbrev  0x00001772      0x139 .\CortexM3\ARM_GCC_493\Debug\Jazzy_Dude.a(BPM_ADC_Ext_CP_Clk.o)
 .debug_abbrev  0x000018ab      0x121 .\CortexM3\ARM_GCC_493\Debug\Jazzy_Dude.a(BPM_ADC_theACLK.o)
 .debug_abbrev  0x000019cc      0x1eb .\CortexM3\ARM_GCC_493\Debug\Jazzy_Dude.a(PITCH_ADC.o)
 .debug_abbrev  0x00001bb7       0x42 .\CortexM3\ARM_GCC_493\Debug\Jazzy_Dude.a(PITCH_ADC_INT.o)
 .debug_abbrev  0x00001bf9      0x139 .\CortexM3\ARM_GCC_493\Debug\Jazzy_Dude.a(PITCH_ADC_theACLK.o)
 .debug_abbrev  0x00001d32       0x90 .\CortexM3\ARM_GCC_493\Debug\Jazzy_Dude.a(Btn_2.o)
 .debug_abbrev  0x00001dc2       0x90 .\CortexM3\ARM_GCC_493\Debug\Jazzy_Dude.a(Mode_Switch.o)
 .debug_abbrev  0x00001e52       0x90 .\CortexM3\ARM_GCC_493\Debug\Jazzy_Dude.a(Out_1.o)
 .debug_abbrev  0x00001ee2       0x90 .\CortexM3\ARM_GCC_493\Debug\Jazzy_Dude.a(Inst_Switch.o)
 .debug_abbrev  0x00001f72      0x1ed .\CortexM3\ARM_GCC_493\Debug\Jazzy_Dude.a(CyFlash.o)
 .debug_abbrev  0x0000215f      0x1c1 .\CortexM3\ARM_GCC_493\Debug\Jazzy_Dude.a(CySpc.o)

.debug_line     0x00000000     0x2f9f
 *(.debug_line)
 .debug_line    0x00000000      0x39d .\CortexM3\ARM_GCC_493\Debug\main.o
 .debug_line    0x0000039d       0x53 .\CortexM3\ARM_GCC_493\Debug\cymetadata.o
 .debug_line    0x000003f0      0x249 .\CortexM3\ARM_GCC_493\Debug\Cm3Start.o
 .debug_line    0x00000639      0x226 .\CortexM3\ARM_GCC_493\Debug\Jazzy_Dude.a(cyfitter_cfg.o)
 .debug_line    0x0000085f       0x68 .\CortexM3\ARM_GCC_493\Debug\Jazzy_Dude.a(CyBootAsmGnu.o)
 .debug_line    0x000008c7      0x806 .\CortexM3\ARM_GCC_493\Debug\Jazzy_Dude.a(CyLib.o)
 .debug_line    0x000010cd      0x366 .\CortexM3\ARM_GCC_493\Debug\Jazzy_Dude.a(cyPm.o)
 .debug_line    0x00001433       0xe5 .\CortexM3\ARM_GCC_493\Debug\Jazzy_Dude.a(SaxDac.o)
 .debug_line    0x00001518      0x14d .\CortexM3\ARM_GCC_493\Debug\Jazzy_Dude.a(sax_isr.o)
 .debug_line    0x00001665      0x1f6 .\CortexM3\ARM_GCC_493\Debug\Jazzy_Dude.a(LCD_Char_1.o)
 .debug_line    0x0000185b       0xd9 .\CortexM3\ARM_GCC_493\Debug\Jazzy_Dude.a(LCD_Char_1_BarGraph.o)
 .debug_line    0x00001934       0x93 .\CortexM3\ARM_GCC_493\Debug\Jazzy_Dude.a(led1.o)
 .debug_line    0x000019c7       0x94 .\CortexM3\ARM_GCC_493\Debug\Jazzy_Dude.a(testy.o)
 .debug_line    0x00001a5b       0xe7 .\CortexM3\ARM_GCC_493\Debug\Jazzy_Dude.a(PianoDac.o)
 .debug_line    0x00001b42      0x14f .\CortexM3\ARM_GCC_493\Debug\Jazzy_Dude.a(piano_isr.o)
 .debug_line    0x00001c91      0x3ea .\CortexM3\ARM_GCC_493\Debug\Jazzy_Dude.a(BPM_ADC.o)
 .debug_line    0x0000207b       0x86 .\CortexM3\ARM_GCC_493\Debug\Jazzy_Dude.a(BPM_ADC_INT.o)
 .debug_line    0x00002101       0xb2 .\CortexM3\ARM_GCC_493\Debug\Jazzy_Dude.a(BPM_ADC_AMux.o)
 .debug_line    0x000021b3      0x19a .\CortexM3\ARM_GCC_493\Debug\Jazzy_Dude.a(BPM_ADC_Ext_CP_Clk.o)
 .debug_line    0x0000234d      0x1ba .\CortexM3\ARM_GCC_493\Debug\Jazzy_Dude.a(BPM_ADC_theACLK.o)
 .debug_line    0x00002507      0x221 .\CortexM3\ARM_GCC_493\Debug\Jazzy_Dude.a(PITCH_ADC.o)
 .debug_line    0x00002728       0x58 .\CortexM3\ARM_GCC_493\Debug\Jazzy_Dude.a(PITCH_ADC_INT.o)
 .debug_line    0x00002780      0x199 .\CortexM3\ARM_GCC_493\Debug\Jazzy_Dude.a(PITCH_ADC_theACLK.o)
 .debug_line    0x00002919       0x94 .\CortexM3\ARM_GCC_493\Debug\Jazzy_Dude.a(Btn_2.o)
 .debug_line    0x000029ad       0x9a .\CortexM3\ARM_GCC_493\Debug\Jazzy_Dude.a(Mode_Switch.o)
 .debug_line    0x00002a47       0x94 .\CortexM3\ARM_GCC_493\Debug\Jazzy_Dude.a(Out_1.o)
 .debug_line    0x00002adb       0x9a .\CortexM3\ARM_GCC_493\Debug\Jazzy_Dude.a(Inst_Switch.o)
 .debug_line    0x00002b75      0x1ec .\CortexM3\ARM_GCC_493\Debug\Jazzy_Dude.a(CyFlash.o)
 .debug_line    0x00002d61      0x23e .\CortexM3\ARM_GCC_493\Debug\Jazzy_Dude.a(CySpc.o)

.debug_frame    0x00000000     0x2074
 *(.debug_frame)
 .debug_frame   0x00000000      0x1c0 .\CortexM3\ARM_GCC_493\Debug\main.o
 .debug_frame   0x000001c0       0xac .\CortexM3\ARM_GCC_493\Debug\Cm3Start.o
 .debug_frame   0x0000026c      0x11c .\CortexM3\ARM_GCC_493\Debug\Jazzy_Dude.a(cyfitter_cfg.o)
 .debug_frame   0x00000388      0x728 .\CortexM3\ARM_GCC_493\Debug\Jazzy_Dude.a(CyLib.o)
 .debug_frame   0x00000ab0      0x1f8 .\CortexM3\ARM_GCC_493\Debug\Jazzy_Dude.a(cyPm.o)
 .debug_frame   0x00000ca8       0xb4 .\CortexM3\ARM_GCC_493\Debug\Jazzy_Dude.a(SaxDac.o)
 .debug_frame   0x00000d5c      0x104 .\CortexM3\ARM_GCC_493\Debug\Jazzy_Dude.a(sax_isr.o)
 .debug_frame   0x00000e60      0x1e4 .\CortexM3\ARM_GCC_493\Debug\Jazzy_Dude.a(LCD_Char_1.o)
 .debug_frame   0x00001044       0x5c .\CortexM3\ARM_GCC_493\Debug\Jazzy_Dude.a(LCD_Char_1_BarGraph.o)
 .debug_frame   0x000010a0       0x50 .\CortexM3\ARM_GCC_493\Debug\Jazzy_Dude.a(led1.o)
 .debug_frame   0x000010f0       0x50 .\CortexM3\ARM_GCC_493\Debug\Jazzy_Dude.a(testy.o)
 .debug_frame   0x00001140       0xb4 .\CortexM3\ARM_GCC_493\Debug\Jazzy_Dude.a(PianoDac.o)
 .debug_frame   0x000011f4      0x104 .\CortexM3\ARM_GCC_493\Debug\Jazzy_Dude.a(piano_isr.o)
 .debug_frame   0x000012f8      0x290 .\CortexM3\ARM_GCC_493\Debug\Jazzy_Dude.a(BPM_ADC.o)
 .debug_frame   0x00001588       0x50 .\CortexM3\ARM_GCC_493\Debug\Jazzy_Dude.a(BPM_ADC_INT.o)
 .debug_frame   0x000015d8       0x64 .\CortexM3\ARM_GCC_493\Debug\Jazzy_Dude.a(BPM_ADC_AMux.o)
 .debug_frame   0x0000163c       0xe0 .\CortexM3\ARM_GCC_493\Debug\Jazzy_Dude.a(BPM_ADC_Ext_CP_Clk.o)
 .debug_frame   0x0000171c      0x100 .\CortexM3\ARM_GCC_493\Debug\Jazzy_Dude.a(BPM_ADC_theACLK.o)
 .debug_frame   0x0000181c      0x1a4 .\CortexM3\ARM_GCC_493\Debug\Jazzy_Dude.a(PITCH_ADC.o)
 .debug_frame   0x000019c0       0x20 .\CortexM3\ARM_GCC_493\Debug\Jazzy_Dude.a(PITCH_ADC_INT.o)
 .debug_frame   0x000019e0       0xe0 .\CortexM3\ARM_GCC_493\Debug\Jazzy_Dude.a(PITCH_ADC_theACLK.o)
 .debug_frame   0x00001ac0       0x50 .\CortexM3\ARM_GCC_493\Debug\Jazzy_Dude.a(Btn_2.o)
 .debug_frame   0x00001b10       0x50 .\CortexM3\ARM_GCC_493\Debug\Jazzy_Dude.a(Mode_Switch.o)
 .debug_frame   0x00001b60       0x50 .\CortexM3\ARM_GCC_493\Debug\Jazzy_Dude.a(Out_1.o)
 .debug_frame   0x00001bb0       0x50 .\CortexM3\ARM_GCC_493\Debug\Jazzy_Dude.a(Inst_Switch.o)
 .debug_frame   0x00001c00      0x174 .\CortexM3\ARM_GCC_493\Debug\Jazzy_Dude.a(CyFlash.o)
 .debug_frame   0x00001d74      0x160 .\CortexM3\ARM_GCC_493\Debug\Jazzy_Dude.a(CySpc.o)
 .debug_frame   0x00001ed4       0x28 c:/program files (x86)/cypress/psoc creator/3.3/psoc creator/import/gnu/arm/4.9.3/bin/../lib/gcc/arm-none-eabi/4.9.3/armv7-m\libgcc.a(_aeabi_ldivmod.o)
 .debug_frame   0x00001efc       0x54 c:/program files (x86)/cypress/psoc creator/3.3/psoc creator/import/gnu/arm/4.9.3/bin/../lib/gcc/arm-none-eabi/4.9.3/armv7-m\libgcc.a(bpabi.o)
 .debug_frame   0x00001f50       0x34 c:/program files (x86)/cypress/psoc creator/3.3/psoc creator/import/gnu/arm/4.9.3/bin/../lib/gcc/arm-none-eabi/4.9.3/armv7-m\libgcc.a(_divdi3.o)
 .debug_frame   0x00001f84       0x34 c:/program files (x86)/cypress/psoc creator/3.3/psoc creator/import/gnu/arm/4.9.3/bin/../lib/gcc/arm-none-eabi/4.9.3/armv7-m\libgcc.a(_udivdi3.o)
 .debug_frame   0x00001fb8       0x20 c:/program files (x86)/cypress/psoc creator/3.3/psoc creator/import/gnu/arm/4.9.3/bin/../lib/gcc/arm-none-eabi/4.9.3/../../../../arm-none-eabi/lib/armv7-m\libg_nano.a(lib_a-errno.o)
 .debug_frame   0x00001fd8       0x28 c:/program files (x86)/cypress/psoc creator/3.3/psoc creator/import/gnu/arm/4.9.3/bin/../lib/gcc/arm-none-eabi/4.9.3/../../../../arm-none-eabi/lib/armv7-m\libg_nano.a(lib_a-exit.o)
 .debug_frame   0x00002000       0x2c c:/program files (x86)/cypress/psoc creator/3.3/psoc creator/import/gnu/arm/4.9.3/bin/../lib/gcc/arm-none-eabi/4.9.3/../../../../arm-none-eabi/lib/armv7-m\libg_nano.a(lib_a-init.o)
 .debug_frame   0x0000202c       0x28 c:/program files (x86)/cypress/psoc creator/3.3/psoc creator/import/gnu/arm/4.9.3/bin/../lib/gcc/arm-none-eabi/4.9.3/../../../../arm-none-eabi/lib/armv7-m\libg_nano.a(lib_a-memcpy.o)
 .debug_frame   0x00002054       0x20 c:/program files (x86)/cypress/psoc creator/3.3/psoc creator/import/gnu/arm/4.9.3/bin/../lib/gcc/arm-none-eabi/4.9.3/../../../../arm-none-eabi/lib/armv7-m\libg_nano.a(lib_a-memset.o)

.debug_str      0x00000000     0x2c12
 *(.debug_str)
 .debug_str     0x00000000      0x827 .\CortexM3\ARM_GCC_493\Debug\main.o
                                0x910 (size before relaxing)
 .debug_str     0x00000827       0x77 .\CortexM3\ARM_GCC_493\Debug\cymetadata.o
                                0x1d8 (size before relaxing)
 .debug_str     0x0000089e      0x158 .\CortexM3\ARM_GCC_493\Debug\Cm3Start.o
                                0x2ec (size before relaxing)
 .debug_str     0x000009f6      0x1af .\CortexM3\ARM_GCC_493\Debug\Jazzy_Dude.a(cyfitter_cfg.o)
                                0x357 (size before relaxing)
 .debug_str     0x00000ba5      0x7ee .\CortexM3\ARM_GCC_493\Debug\Jazzy_Dude.a(CyLib.o)
                                0xa11 (size before relaxing)
 .debug_str     0x00001393      0x35b .\CortexM3\ARM_GCC_493\Debug\Jazzy_Dude.a(cyPm.o)
                                0x709 (size before relaxing)
 .debug_str     0x000016ee       0x92 .\CortexM3\ARM_GCC_493\Debug\Jazzy_Dude.a(SaxDac.o)
                                0x217 (size before relaxing)
 .debug_str     0x00001780       0xf4 .\CortexM3\ARM_GCC_493\Debug\Jazzy_Dude.a(sax_isr.o)
                                0x2a4 (size before relaxing)
 .debug_str     0x00001874      0x1ae .\CortexM3\ARM_GCC_493\Debug\Jazzy_Dude.a(LCD_Char_1.o)
                                0x3cb (size before relaxing)
 .debug_str     0x00001a22       0x74 .\CortexM3\ARM_GCC_493\Debug\Jazzy_Dude.a(LCD_Char_1_BarGraph.o)
                                0x28f (size before relaxing)
 .debug_str     0x00001a96       0x4e .\CortexM3\ARM_GCC_493\Debug\Jazzy_Dude.a(led1.o)
                                0x1cb (size before relaxing)
 .debug_str     0x00001ae4       0x46 .\CortexM3\ARM_GCC_493\Debug\Jazzy_Dude.a(testy.o)
                                0x1d0 (size before relaxing)
 .debug_str     0x00001b2a       0x96 .\CortexM3\ARM_GCC_493\Debug\Jazzy_Dude.a(PianoDac.o)
                                0x22b (size before relaxing)
 .debug_str     0x00001bc0      0x10e .\CortexM3\ARM_GCC_493\Debug\Jazzy_Dude.a(piano_isr.o)
                                0x2c0 (size before relaxing)
 .debug_str     0x00001cce      0x3f5 .\CortexM3\ARM_GCC_493\Debug\Jazzy_Dude.a(BPM_ADC.o)
                                0x65c (size before relaxing)
 .debug_str     0x000020c3       0x5b .\CortexM3\ARM_GCC_493\Debug\Jazzy_Dude.a(BPM_ADC_INT.o)
                                0x1b6 (size before relaxing)
 .debug_str     0x0000211e       0x71 .\CortexM3\ARM_GCC_493\Debug\Jazzy_Dude.a(BPM_ADC_AMux.o)
                                0x209 (size before relaxing)
 .debug_str     0x0000218f      0x197 .\CortexM3\ARM_GCC_493\Debug\Jazzy_Dude.a(BPM_ADC_Ext_CP_Clk.o)
                                0x360 (size before relaxing)
 .debug_str     0x00002326      0x181 .\CortexM3\ARM_GCC_493\Debug\Jazzy_Dude.a(BPM_ADC_theACLK.o)
                                0x387 (size before relaxing)
 .debug_str     0x000024a7      0x202 .\CortexM3\ARM_GCC_493\Debug\Jazzy_Dude.a(PITCH_ADC.o)
                                0x4ac (size before relaxing)
 .debug_str     0x000026a9       0x37 .\CortexM3\ARM_GCC_493\Debug\Jazzy_Dude.a(PITCH_ADC_INT.o)
                                0x189 (size before relaxing)
 .debug_str     0x000026e0      0x16f .\CortexM3\ARM_GCC_493\Debug\Jazzy_Dude.a(PITCH_ADC_theACLK.o)
                                0x354 (size before relaxing)
 .debug_str     0x0000284f       0x52 .\CortexM3\ARM_GCC_493\Debug\Jazzy_Dude.a(Btn_2.o)
                                0x1d0 (size before relaxing)
 .debug_str     0x000028a1       0x6a .\CortexM3\ARM_GCC_493\Debug\Jazzy_Dude.a(Mode_Switch.o)
                                0x1ee (size before relaxing)
 .debug_str     0x0000290b       0x51 .\CortexM3\ARM_GCC_493\Debug\Jazzy_Dude.a(Out_1.o)
                                0x1d0 (size before relaxing)
 .debug_str     0x0000295c       0x6a .\CortexM3\ARM_GCC_493\Debug\Jazzy_Dude.a(Inst_Switch.o)
                                0x1ee (size before relaxing)
 .debug_str     0x000029c6      0x19e .\CortexM3\ARM_GCC_493\Debug\Jazzy_Dude.a(CyFlash.o)
                                0x383 (size before relaxing)
 .debug_str     0x00002b64       0xae .\CortexM3\ARM_GCC_493\Debug\Jazzy_Dude.a(CySpc.o)
                                0x30c (size before relaxing)

.debug_loc      0x00000000     0x3255
 *(.debug_loc)
 .debug_loc     0x00000000      0x415 .\CortexM3\ARM_GCC_493\Debug\main.o
 .debug_loc     0x00000415      0x144 .\CortexM3\ARM_GCC_493\Debug\Cm3Start.o
 .debug_loc     0x00000559      0x23f .\CortexM3\ARM_GCC_493\Debug\Jazzy_Dude.a(cyfitter_cfg.o)
 .debug_loc     0x00000798      0xa11 .\CortexM3\ARM_GCC_493\Debug\Jazzy_Dude.a(CyLib.o)
 .debug_loc     0x000011a9      0x1e4 .\CortexM3\ARM_GCC_493\Debug\Jazzy_Dude.a(cyPm.o)
 .debug_loc     0x0000138d       0x79 .\CortexM3\ARM_GCC_493\Debug\Jazzy_Dude.a(SaxDac.o)
 .debug_loc     0x00001406       0x56 .\CortexM3\ARM_GCC_493\Debug\Jazzy_Dude.a(sax_isr.o)
 .debug_loc     0x0000145c      0x3c6 .\CortexM3\ARM_GCC_493\Debug\Jazzy_Dude.a(LCD_Char_1.o)
 .debug_loc     0x00001822      0x160 .\CortexM3\ARM_GCC_493\Debug\Jazzy_Dude.a(LCD_Char_1_BarGraph.o)
 .debug_loc     0x00001982       0x42 .\CortexM3\ARM_GCC_493\Debug\Jazzy_Dude.a(led1.o)
 .debug_loc     0x000019c4       0x42 .\CortexM3\ARM_GCC_493\Debug\Jazzy_Dude.a(testy.o)
 .debug_loc     0x00001a06       0x79 .\CortexM3\ARM_GCC_493\Debug\Jazzy_Dude.a(PianoDac.o)
 .debug_loc     0x00001a7f       0x56 .\CortexM3\ARM_GCC_493\Debug\Jazzy_Dude.a(piano_isr.o)
 .debug_loc     0x00001ad5      0x6ab .\CortexM3\ARM_GCC_493\Debug\Jazzy_Dude.a(BPM_ADC.o)
 .debug_loc     0x00002180       0x6c .\CortexM3\ARM_GCC_493\Debug\Jazzy_Dude.a(BPM_ADC_AMux.o)
 .debug_loc     0x000021ec      0x12c .\CortexM3\ARM_GCC_493\Debug\Jazzy_Dude.a(BPM_ADC_Ext_CP_Clk.o)
 .debug_loc     0x00002318      0x14d .\CortexM3\ARM_GCC_493\Debug\Jazzy_Dude.a(BPM_ADC_theACLK.o)
 .debug_loc     0x00002465      0x273 .\CortexM3\ARM_GCC_493\Debug\Jazzy_Dude.a(PITCH_ADC.o)
 .debug_loc     0x000026d8      0x128 .\CortexM3\ARM_GCC_493\Debug\Jazzy_Dude.a(PITCH_ADC_theACLK.o)
 .debug_loc     0x00002800       0x42 .\CortexM3\ARM_GCC_493\Debug\Jazzy_Dude.a(Btn_2.o)
 .debug_loc     0x00002842       0x42 .\CortexM3\ARM_GCC_493\Debug\Jazzy_Dude.a(Mode_Switch.o)
 .debug_loc     0x00002884       0x42 .\CortexM3\ARM_GCC_493\Debug\Jazzy_Dude.a(Out_1.o)
 .debug_loc     0x000028c6       0x42 .\CortexM3\ARM_GCC_493\Debug\Jazzy_Dude.a(Inst_Switch.o)
 .debug_loc     0x00002908      0x300 .\CortexM3\ARM_GCC_493\Debug\Jazzy_Dude.a(CyFlash.o)
 .debug_loc     0x00002c08      0x64d .\CortexM3\ARM_GCC_493\Debug\Jazzy_Dude.a(CySpc.o)

.debug_macinfo
 *(.debug_macinfo)

.debug_ranges   0x00000000      0xae8
 *(.debug_ranges)
 .debug_ranges  0x00000000       0x78 .\CortexM3\ARM_GCC_493\Debug\main.o
 .debug_ranges  0x00000078       0x38 .\CortexM3\ARM_GCC_493\Debug\Cm3Start.o
 .debug_ranges  0x000000b0       0x58 .\CortexM3\ARM_GCC_493\Debug\Jazzy_Dude.a(cyfitter_cfg.o)
 .debug_ranges  0x00000108      0x288 .\CortexM3\ARM_GCC_493\Debug\Jazzy_Dude.a(CyLib.o)
 .debug_ranges  0x00000390       0x88 .\CortexM3\ARM_GCC_493\Debug\Jazzy_Dude.a(cyPm.o)
 .debug_ranges  0x00000418       0x48 .\CortexM3\ARM_GCC_493\Debug\Jazzy_Dude.a(SaxDac.o)
 .debug_ranges  0x00000460       0x70 .\CortexM3\ARM_GCC_493\Debug\Jazzy_Dude.a(sax_isr.o)
 .debug_ranges  0x000004d0       0x88 .\CortexM3\ARM_GCC_493\Debug\Jazzy_Dude.a(LCD_Char_1.o)
 .debug_ranges  0x00000558       0x18 .\CortexM3\ARM_GCC_493\Debug\Jazzy_Dude.a(LCD_Char_1_BarGraph.o)
 .debug_ranges  0x00000570       0x28 .\CortexM3\ARM_GCC_493\Debug\Jazzy_Dude.a(led1.o)
 .debug_ranges  0x00000598       0x28 .\CortexM3\ARM_GCC_493\Debug\Jazzy_Dude.a(testy.o)
 .debug_ranges  0x000005c0       0x48 .\CortexM3\ARM_GCC_493\Debug\Jazzy_Dude.a(PianoDac.o)
 .debug_ranges  0x00000608       0x70 .\CortexM3\ARM_GCC_493\Debug\Jazzy_Dude.a(piano_isr.o)
 .debug_ranges  0x00000678       0xd8 .\CortexM3\ARM_GCC_493\Debug\Jazzy_Dude.a(BPM_ADC.o)
 .debug_ranges  0x00000750       0x28 .\CortexM3\ARM_GCC_493\Debug\Jazzy_Dude.a(BPM_ADC_INT.o)
 .debug_ranges  0x00000778       0x20 .\CortexM3\ARM_GCC_493\Debug\Jazzy_Dude.a(BPM_ADC_AMux.o)
 .debug_ranges  0x00000798       0x60 .\CortexM3\ARM_GCC_493\Debug\Jazzy_Dude.a(BPM_ADC_Ext_CP_Clk.o)
 .debug_ranges  0x000007f8       0x70 .\CortexM3\ARM_GCC_493\Debug\Jazzy_Dude.a(BPM_ADC_theACLK.o)
 .debug_ranges  0x00000868       0x98 .\CortexM3\ARM_GCC_493\Debug\Jazzy_Dude.a(PITCH_ADC.o)
 .debug_ranges  0x00000900       0x10 .\CortexM3\ARM_GCC_493\Debug\Jazzy_Dude.a(PITCH_ADC_INT.o)
 .debug_ranges  0x00000910       0x60 .\CortexM3\ARM_GCC_493\Debug\Jazzy_Dude.a(PITCH_ADC_theACLK.o)
 .debug_ranges  0x00000970       0x28 .\CortexM3\ARM_GCC_493\Debug\Jazzy_Dude.a(Btn_2.o)
 .debug_ranges  0x00000998       0x28 .\CortexM3\ARM_GCC_493\Debug\Jazzy_Dude.a(Mode_Switch.o)
 .debug_ranges  0x000009c0       0x28 .\CortexM3\ARM_GCC_493\Debug\Jazzy_Dude.a(Out_1.o)
 .debug_ranges  0x000009e8       0x28 .\CortexM3\ARM_GCC_493\Debug\Jazzy_Dude.a(Inst_Switch.o)
 .debug_ranges  0x00000a10       0x70 .\CortexM3\ARM_GCC_493\Debug\Jazzy_Dude.a(CyFlash.o)
 .debug_ranges  0x00000a80       0x68 .\CortexM3\ARM_GCC_493\Debug\Jazzy_Dude.a(CySpc.o)

.comment        0x00000000       0x70
 .comment       0x00000000       0x70 .\CortexM3\ARM_GCC_493\Debug\main.o
                                 0x71 (size before relaxing)
 .comment       0x00000000       0x71 .\CortexM3\ARM_GCC_493\Debug\cymetadata.o
 .comment       0x00000000       0x71 .\CortexM3\ARM_GCC_493\Debug\Cm3Start.o
 .comment       0x00000000       0x71 .\CortexM3\ARM_GCC_493\Debug\Jazzy_Dude.a(cyfitter_cfg.o)
 .comment       0x00000000       0x71 .\CortexM3\ARM_GCC_493\Debug\Jazzy_Dude.a(CyLib.o)
 .comment       0x00000000       0x71 .\CortexM3\ARM_GCC_493\Debug\Jazzy_Dude.a(cyPm.o)
 .comment       0x00000000       0x71 .\CortexM3\ARM_GCC_493\Debug\Jazzy_Dude.a(SaxDac.o)
 .comment       0x00000000       0x71 .\CortexM3\ARM_GCC_493\Debug\Jazzy_Dude.a(sax_isr.o)
 .comment       0x00000000       0x71 .\CortexM3\ARM_GCC_493\Debug\Jazzy_Dude.a(LCD_Char_1.o)
 .comment       0x00000000       0x71 .\CortexM3\ARM_GCC_493\Debug\Jazzy_Dude.a(LCD_Char_1_BarGraph.o)
 .comment       0x00000000       0x71 .\CortexM3\ARM_GCC_493\Debug\Jazzy_Dude.a(led1.o)
 .comment       0x00000000       0x71 .\CortexM3\ARM_GCC_493\Debug\Jazzy_Dude.a(testy.o)
 .comment       0x00000000       0x71 .\CortexM3\ARM_GCC_493\Debug\Jazzy_Dude.a(PianoDac.o)
 .comment       0x00000000       0x71 .\CortexM3\ARM_GCC_493\Debug\Jazzy_Dude.a(piano_isr.o)
 .comment       0x00000000       0x71 .\CortexM3\ARM_GCC_493\Debug\Jazzy_Dude.a(BPM_ADC.o)
 .comment       0x00000000       0x71 .\CortexM3\ARM_GCC_493\Debug\Jazzy_Dude.a(BPM_ADC_INT.o)
 .comment       0x00000000       0x71 .\CortexM3\ARM_GCC_493\Debug\Jazzy_Dude.a(BPM_ADC_AMux.o)
 .comment       0x00000000       0x71 .\CortexM3\ARM_GCC_493\Debug\Jazzy_Dude.a(BPM_ADC_Ext_CP_Clk.o)
 .comment       0x00000000       0x71 .\CortexM3\ARM_GCC_493\Debug\Jazzy_Dude.a(BPM_ADC_theACLK.o)
 .comment       0x00000000       0x71 .\CortexM3\ARM_GCC_493\Debug\Jazzy_Dude.a(PITCH_ADC.o)
 .comment       0x00000000       0x71 .\CortexM3\ARM_GCC_493\Debug\Jazzy_Dude.a(PITCH_ADC_INT.o)
 .comment       0x00000000       0x71 .\CortexM3\ARM_GCC_493\Debug\Jazzy_Dude.a(PITCH_ADC_theACLK.o)
 .comment       0x00000000       0x71 .\CortexM3\ARM_GCC_493\Debug\Jazzy_Dude.a(Btn_2.o)
 .comment       0x00000000       0x71 .\CortexM3\ARM_GCC_493\Debug\Jazzy_Dude.a(Mode_Switch.o)
 .comment       0x00000000       0x71 .\CortexM3\ARM_GCC_493\Debug\Jazzy_Dude.a(Out_1.o)
 .comment       0x00000000       0x71 .\CortexM3\ARM_GCC_493\Debug\Jazzy_Dude.a(Inst_Switch.o)
 .comment       0x00000000       0x71 .\CortexM3\ARM_GCC_493\Debug\Jazzy_Dude.a(CyFlash.o)
 .comment       0x00000000       0x71 .\CortexM3\ARM_GCC_493\Debug\Jazzy_Dude.a(CySpc.o)

.debug_weaknames
 *(.debug_weaknames)

.debug_funcnames
 *(.debug_funcnames)

.debug_typenames
 *(.debug_typenames)

.debug_varnames
 *(.debug_varnames)

.note.gnu.arm.ident
 *(.note.gnu.arm.ident)

.ARM.attributes
                0x00000000       0x29
 *(.ARM.attributes)
 .ARM.attributes
                0x00000000       0x1d c:/program files (x86)/cypress/psoc creator/3.3/psoc creator/import/gnu/arm/4.9.3/bin/../lib/gcc/arm-none-eabi/4.9.3/armv7-m/crti.o
 .ARM.attributes
                0x0000001d       0x2d c:/program files (x86)/cypress/psoc creator/3.3/psoc creator/import/gnu/arm/4.9.3/bin/../lib/gcc/arm-none-eabi/4.9.3/armv7-m/crtbegin.o
 .ARM.attributes
                0x0000004a       0x1b c:/program files (x86)/cypress/psoc creator/3.3/psoc creator/import/gnu/arm/4.9.3/bin/../lib/gcc/arm-none-eabi/4.9.3/../../../../arm-none-eabi/lib/armv7-m/crt0.o
 .ARM.attributes
                0x00000065       0x33 .\CortexM3\ARM_GCC_493\Debug\main.o
 .ARM.attributes
                0x00000098       0x33 .\CortexM3\ARM_GCC_493\Debug\cymetadata.o
 .ARM.attributes
                0x000000cb       0x33 .\CortexM3\ARM_GCC_493\Debug\Cm3Start.o
 .ARM.attributes
                0x000000fe       0x33 .\CortexM3\ARM_GCC_493\Debug\Jazzy_Dude.a(cyfitter_cfg.o)
 .ARM.attributes
                0x00000131       0x21 .\CortexM3\ARM_GCC_493\Debug\Jazzy_Dude.a(CyBootAsmGnu.o)
 .ARM.attributes
                0x00000152       0x33 .\CortexM3\ARM_GCC_493\Debug\Jazzy_Dude.a(CyLib.o)
 .ARM.attributes
                0x00000185       0x33 .\CortexM3\ARM_GCC_493\Debug\Jazzy_Dude.a(cyPm.o)
 .ARM.attributes
                0x000001b8       0x33 .\CortexM3\ARM_GCC_493\Debug\Jazzy_Dude.a(SaxDac.o)
 .ARM.attributes
                0x000001eb       0x33 .\CortexM3\ARM_GCC_493\Debug\Jazzy_Dude.a(sax_isr.o)
 .ARM.attributes
                0x0000021e       0x33 .\CortexM3\ARM_GCC_493\Debug\Jazzy_Dude.a(LCD_Char_1.o)
 .ARM.attributes
                0x00000251       0x33 .\CortexM3\ARM_GCC_493\Debug\Jazzy_Dude.a(LCD_Char_1_BarGraph.o)
 .ARM.attributes
                0x00000284       0x33 .\CortexM3\ARM_GCC_493\Debug\Jazzy_Dude.a(led1.o)
 .ARM.attributes
                0x000002b7       0x33 .\CortexM3\ARM_GCC_493\Debug\Jazzy_Dude.a(testy.o)
 .ARM.attributes
                0x000002ea       0x33 .\CortexM3\ARM_GCC_493\Debug\Jazzy_Dude.a(PianoDac.o)
 .ARM.attributes
                0x0000031d       0x33 .\CortexM3\ARM_GCC_493\Debug\Jazzy_Dude.a(piano_isr.o)
 .ARM.attributes
                0x00000350       0x33 .\CortexM3\ARM_GCC_493\Debug\Jazzy_Dude.a(BPM_ADC.o)
 .ARM.attributes
                0x00000383       0x33 .\CortexM3\ARM_GCC_493\Debug\Jazzy_Dude.a(BPM_ADC_INT.o)
 .ARM.attributes
                0x000003b6       0x33 .\CortexM3\ARM_GCC_493\Debug\Jazzy_Dude.a(BPM_ADC_AMux.o)
 .ARM.attributes
                0x000003e9       0x33 .\CortexM3\ARM_GCC_493\Debug\Jazzy_Dude.a(BPM_ADC_Ext_CP_Clk.o)
 .ARM.attributes
                0x0000041c       0x33 .\CortexM3\ARM_GCC_493\Debug\Jazzy_Dude.a(BPM_ADC_theACLK.o)
 .ARM.attributes
                0x0000044f       0x33 .\CortexM3\ARM_GCC_493\Debug\Jazzy_Dude.a(PITCH_ADC.o)
 .ARM.attributes
                0x00000482       0x33 .\CortexM3\ARM_GCC_493\Debug\Jazzy_Dude.a(PITCH_ADC_INT.o)
 .ARM.attributes
                0x000004b5       0x33 .\CortexM3\ARM_GCC_493\Debug\Jazzy_Dude.a(PITCH_ADC_theACLK.o)
 .ARM.attributes
                0x000004e8       0x33 .\CortexM3\ARM_GCC_493\Debug\Jazzy_Dude.a(Btn_2.o)
 .ARM.attributes
                0x0000051b       0x33 .\CortexM3\ARM_GCC_493\Debug\Jazzy_Dude.a(Mode_Switch.o)
 .ARM.attributes
                0x0000054e       0x33 .\CortexM3\ARM_GCC_493\Debug\Jazzy_Dude.a(Out_1.o)
 .ARM.attributes
                0x00000581       0x33 .\CortexM3\ARM_GCC_493\Debug\Jazzy_Dude.a(Inst_Switch.o)
 .ARM.attributes
                0x000005b4       0x33 .\CortexM3\ARM_GCC_493\Debug\Jazzy_Dude.a(CyFlash.o)
 .ARM.attributes
                0x000005e7       0x33 .\CortexM3\ARM_GCC_493\Debug\Jazzy_Dude.a(CySpc.o)
 .ARM.attributes
                0x0000061a       0x1d c:/program files (x86)/cypress/psoc creator/3.3/psoc creator/import/gnu/arm/4.9.3/bin/../lib/gcc/arm-none-eabi/4.9.3/armv7-m\libgcc.a(_arm_addsubdf3.o)
 .ARM.attributes
                0x00000637       0x1d c:/program files (x86)/cypress/psoc creator/3.3/psoc creator/import/gnu/arm/4.9.3/bin/../lib/gcc/arm-none-eabi/4.9.3/armv7-m\libgcc.a(_arm_muldivdf3.o)
 .ARM.attributes
                0x00000654       0x1d c:/program files (x86)/cypress/psoc creator/3.3/psoc creator/import/gnu/arm/4.9.3/bin/../lib/gcc/arm-none-eabi/4.9.3/armv7-m\libgcc.a(_arm_cmpdf2.o)
 .ARM.attributes
                0x00000671       0x1d c:/program files (x86)/cypress/psoc creator/3.3/psoc creator/import/gnu/arm/4.9.3/bin/../lib/gcc/arm-none-eabi/4.9.3/armv7-m\libgcc.a(_arm_fixunsdfsi.o)
 .ARM.attributes
                0x0000068e       0x1d c:/program files (x86)/cypress/psoc creator/3.3/psoc creator/import/gnu/arm/4.9.3/bin/../lib/gcc/arm-none-eabi/4.9.3/armv7-m\libgcc.a(_arm_addsubsf3.o)
 .ARM.attributes
                0x000006ab       0x1d c:/program files (x86)/cypress/psoc creator/3.3/psoc creator/import/gnu/arm/4.9.3/bin/../lib/gcc/arm-none-eabi/4.9.3/armv7-m\libgcc.a(_arm_muldivsf3.o)
 .ARM.attributes
                0x000006c8       0x1d c:/program files (x86)/cypress/psoc creator/3.3/psoc creator/import/gnu/arm/4.9.3/bin/../lib/gcc/arm-none-eabi/4.9.3/armv7-m\libgcc.a(_arm_cmpsf2.o)
 .ARM.attributes
                0x000006e5       0x1d c:/program files (x86)/cypress/psoc creator/3.3/psoc creator/import/gnu/arm/4.9.3/bin/../lib/gcc/arm-none-eabi/4.9.3/armv7-m\libgcc.a(_arm_fixsfsi.o)
 .ARM.attributes
                0x00000702       0x1d c:/program files (x86)/cypress/psoc creator/3.3/psoc creator/import/gnu/arm/4.9.3/bin/../lib/gcc/arm-none-eabi/4.9.3/armv7-m\libgcc.a(_arm_fixunssfsi.o)
 .ARM.attributes
                0x0000071f       0x1d c:/program files (x86)/cypress/psoc creator/3.3/psoc creator/import/gnu/arm/4.9.3/bin/../lib/gcc/arm-none-eabi/4.9.3/armv7-m\libgcc.a(_aeabi_ldivmod.o)
 .ARM.attributes
                0x0000073c       0x2d c:/program files (x86)/cypress/psoc creator/3.3/psoc creator/import/gnu/arm/4.9.3/bin/../lib/gcc/arm-none-eabi/4.9.3/armv7-m\libgcc.a(bpabi.o)
 .ARM.attributes
                0x00000769       0x1d c:/program files (x86)/cypress/psoc creator/3.3/psoc creator/import/gnu/arm/4.9.3/bin/../lib/gcc/arm-none-eabi/4.9.3/armv7-m\libgcc.a(_dvmd_tls.o)
 .ARM.attributes
                0x00000786       0x2d c:/program files (x86)/cypress/psoc creator/3.3/psoc creator/import/gnu/arm/4.9.3/bin/../lib/gcc/arm-none-eabi/4.9.3/armv7-m\libgcc.a(_divdi3.o)
 .ARM.attributes
                0x000007b3       0x2d c:/program files (x86)/cypress/psoc creator/3.3/psoc creator/import/gnu/arm/4.9.3/bin/../lib/gcc/arm-none-eabi/4.9.3/armv7-m\libgcc.a(_udivdi3.o)
 .ARM.attributes
                0x000007e0       0x2d c:/program files (x86)/cypress/psoc creator/3.3/psoc creator/import/gnu/arm/4.9.3/bin/../lib/gcc/arm-none-eabi/4.9.3/../../../../arm-none-eabi/lib/armv7-m\libg_nano.a(lib_a-errno.o)
 .ARM.attributes
                0x0000080d       0x2d c:/program files (x86)/cypress/psoc creator/3.3/psoc creator/import/gnu/arm/4.9.3/bin/../lib/gcc/arm-none-eabi/4.9.3/../../../../arm-none-eabi/lib/armv7-m\libg_nano.a(lib_a-exit.o)
 .ARM.attributes
                0x0000083a       0x2d c:/program files (x86)/cypress/psoc creator/3.3/psoc creator/import/gnu/arm/4.9.3/bin/../lib/gcc/arm-none-eabi/4.9.3/../../../../arm-none-eabi/lib/armv7-m\libg_nano.a(lib_a-impure.o)
 .ARM.attributes
                0x00000867       0x2d c:/program files (x86)/cypress/psoc creator/3.3/psoc creator/import/gnu/arm/4.9.3/bin/../lib/gcc/arm-none-eabi/4.9.3/../../../../arm-none-eabi/lib/armv7-m\libg_nano.a(lib_a-init.o)
 .ARM.attributes
                0x00000894       0x2d c:/program files (x86)/cypress/psoc creator/3.3/psoc creator/import/gnu/arm/4.9.3/bin/../lib/gcc/arm-none-eabi/4.9.3/../../../../arm-none-eabi/lib/armv7-m\libg_nano.a(lib_a-memcpy.o)
 .ARM.attributes
                0x000008c1       0x2d c:/program files (x86)/cypress/psoc creator/3.3/psoc creator/import/gnu/arm/4.9.3/bin/../lib/gcc/arm-none-eabi/4.9.3/../../../../arm-none-eabi/lib/armv7-m\libg_nano.a(lib_a-memset.o)
 .ARM.attributes
                0x000008ee       0x2d c:/program files (x86)/cypress/psoc creator/3.3/psoc creator/import/gnu/arm/4.9.3/bin/../lib/gcc/arm-none-eabi/4.9.3/armv7-m/crtend.o
 .ARM.attributes
                0x0000091b       0x1d c:/program files (x86)/cypress/psoc creator/3.3/psoc creator/import/gnu/arm/4.9.3/bin/../lib/gcc/arm-none-eabi/4.9.3/armv7-m/crtn.o

/DISCARD/
 *(.note.GNU-stack)
OUTPUT(.\CortexM3\ARM_GCC_493\Debug\Jazzy_Dude.elf elf32-littlearm)
