Archive member included because of file (symbol)

.\CortexM3\ARM_GCC_493\Debug\Jazzy_Dude.a(cyfitter_cfg.o)
                              .\CortexM3\ARM_GCC_493\Debug\Cm3Start.o (cyfitter_cfg)
.\CortexM3\ARM_GCC_493\Debug\Jazzy_Dude.a(CyBootAsmGnu.o)
                              .\CortexM3\ARM_GCC_493\Debug\Jazzy_Dude.a(cyfitter_cfg.o) (CyDelayCycles)
.\CortexM3\ARM_GCC_493\Debug\Jazzy_Dude.a(CyLib.o)
                              .\CortexM3\ARM_GCC_493\Debug\Cm3Start.o (CyHalt)
.\CortexM3\ARM_GCC_493\Debug\Jazzy_Dude.a(cyPm.o)
                              .\CortexM3\ARM_GCC_493\Debug\Jazzy_Dude.a(CyLib.o) (CyPmReadStatus)
.\CortexM3\ARM_GCC_493\Debug\Jazzy_Dude.a(SaxDac.o)
                              .\CortexM3\ARM_GCC_493\Debug\main.o (SaxDac_SetValue)
.\CortexM3\ARM_GCC_493\Debug\Jazzy_Dude.a(sax_isr.o)
                              .\CortexM3\ARM_GCC_493\Debug\main.o (sax_isr_StartEx)
.\CortexM3\ARM_GCC_493\Debug\Jazzy_Dude.a(LCD_Char_1.o)
                              .\CortexM3\ARM_GCC_493\Debug\main.o (LCD_Char_1_PrintString)
.\CortexM3\ARM_GCC_493\Debug\Jazzy_Dude.a(lcd_isr.o)
                              .\CortexM3\ARM_GCC_493\Debug\main.o (lcd_isr_StartEx)
.\CortexM3\ARM_GCC_493\Debug\Jazzy_Dude.a(led1.o)
                              .\CortexM3\ARM_GCC_493\Debug\main.o (led1_Write)
.\CortexM3\ARM_GCC_493\Debug\Jazzy_Dude.a(testy.o)
                              .\CortexM3\ARM_GCC_493\Debug\main.o (testy_Write)
.\CortexM3\ARM_GCC_493\Debug\Jazzy_Dude.a(PianoDac.o)
                              .\CortexM3\ARM_GCC_493\Debug\main.o (PianoDac_SetValue)
.\CortexM3\ARM_GCC_493\Debug\Jazzy_Dude.a(piano_isr.o)
                              .\CortexM3\ARM_GCC_493\Debug\main.o (piano_isr_StartEx)
.\CortexM3\ARM_GCC_493\Debug\Jazzy_Dude.a(BPM_ADC.o)
                              .\CortexM3\ARM_GCC_493\Debug\main.o (BPM_ADC_Start)
.\CortexM3\ARM_GCC_493\Debug\Jazzy_Dude.a(BPM_ADC_INT.o)
                              .\CortexM3\ARM_GCC_493\Debug\Jazzy_Dude.a(BPM_ADC.o) (BPM_ADC_ISR1)
.\CortexM3\ARM_GCC_493\Debug\Jazzy_Dude.a(BPM_ADC_AMux.o)
                              .\CortexM3\ARM_GCC_493\Debug\Jazzy_Dude.a(BPM_ADC.o) (BPM_ADC_AMux_Select)
.\CortexM3\ARM_GCC_493\Debug\Jazzy_Dude.a(BPM_ADC_Ext_CP_Clk.o)
                              .\CortexM3\ARM_GCC_493\Debug\Jazzy_Dude.a(BPM_ADC.o) (BPM_ADC_Ext_CP_Clk_SetModeRegister)
.\CortexM3\ARM_GCC_493\Debug\Jazzy_Dude.a(BPM_ADC_theACLK.o)
                              .\CortexM3\ARM_GCC_493\Debug\Jazzy_Dude.a(BPM_ADC.o) (BPM_ADC_theACLK_SetModeRegister)
.\CortexM3\ARM_GCC_493\Debug\Jazzy_Dude.a(PITCH_ADC.o)
                              .\CortexM3\ARM_GCC_493\Debug\main.o (PITCH_ADC_Start)
.\CortexM3\ARM_GCC_493\Debug\Jazzy_Dude.a(PITCH_ADC_INT.o)
                              .\CortexM3\ARM_GCC_493\Debug\Jazzy_Dude.a(PITCH_ADC.o) (PITCH_ADC_ISR)
.\CortexM3\ARM_GCC_493\Debug\Jazzy_Dude.a(PITCH_ADC_theACLK.o)
                              .\CortexM3\ARM_GCC_493\Debug\Jazzy_Dude.a(PITCH_ADC.o) (PITCH_ADC_theACLK_SetModeRegister)
.\CortexM3\ARM_GCC_493\Debug\Jazzy_Dude.a(CyFlash.o)
                              .\CortexM3\ARM_GCC_493\Debug\Jazzy_Dude.a(cyPm.o) (CyFlash_SetWaitCycles)
.\CortexM3\ARM_GCC_493\Debug\Jazzy_Dude.a(CySpc.o)
                              .\CortexM3\ARM_GCC_493\Debug\Jazzy_Dude.a(CyFlash.o) (CySpcStart)
c:/program files (x86)/cypress/psoc creator/3.3/psoc creator/import/gnu/arm/4.9.3/bin/../lib/gcc/arm-none-eabi/4.9.3/armv7-m\libgcc.a(_arm_addsubdf3.o)
                              .\CortexM3\ARM_GCC_493\Debug\main.o (__aeabi_i2d)
c:/program files (x86)/cypress/psoc creator/3.3/psoc creator/import/gnu/arm/4.9.3/bin/../lib/gcc/arm-none-eabi/4.9.3/armv7-m\libgcc.a(_arm_muldivdf3.o)
                              .\CortexM3\ARM_GCC_493\Debug\main.o (__aeabi_dmul)
c:/program files (x86)/cypress/psoc creator/3.3/psoc creator/import/gnu/arm/4.9.3/bin/../lib/gcc/arm-none-eabi/4.9.3/armv7-m\libgcc.a(_arm_cmpdf2.o)
                              .\CortexM3\ARM_GCC_493\Debug\Jazzy_Dude.a(BPM_ADC.o) (__aeabi_dcmpgt)
c:/program files (x86)/cypress/psoc creator/3.3/psoc creator/import/gnu/arm/4.9.3/bin/../lib/gcc/arm-none-eabi/4.9.3/armv7-m\libgcc.a(_arm_fixunsdfsi.o)
                              .\CortexM3\ARM_GCC_493\Debug\main.o (__aeabi_d2uiz)
c:/program files (x86)/cypress/psoc creator/3.3/psoc creator/import/gnu/arm/4.9.3/bin/../lib/gcc/arm-none-eabi/4.9.3/armv7-m\libgcc.a(_arm_addsubsf3.o)
                              .\CortexM3\ARM_GCC_493\Debug\main.o (__aeabi_fsub)
c:/program files (x86)/cypress/psoc creator/3.3/psoc creator/import/gnu/arm/4.9.3/bin/../lib/gcc/arm-none-eabi/4.9.3/armv7-m\libgcc.a(_arm_muldivsf3.o)
                              .\CortexM3\ARM_GCC_493\Debug\main.o (__aeabi_fmul)
c:/program files (x86)/cypress/psoc creator/3.3/psoc creator/import/gnu/arm/4.9.3/bin/../lib/gcc/arm-none-eabi/4.9.3/armv7-m\libgcc.a(_arm_cmpsf2.o)
[...]
Memory Configuration

Name             Origin             Length             Attributes
rom              0x00000000         0x00040000         xr
ram              0x1fff8000         0x00010000         xrw
*default*        0x00000000         0xffffffff

Linker script and memory map

LOAD c:/program files (x86)/cypress/psoc creator/3.3/psoc creator/import/gnu/arm/4.9.3/bin/../lib/gcc/arm-none-eabi/4.9.3/armv7-m/crti.o
LOAD c:/program files (x86)/cypress/psoc creator/3.3/psoc creator/import/gnu/arm/4.9.3/bin/../lib/gcc/arm-none-eabi/4.9.3/armv7-m/crtbegin.o
LOAD c:/program files (x86)/cypress/psoc creator/3.3/psoc creator/import/gnu/arm/4.9.3/bin/../lib/gcc/arm-none-eabi/4.9.3/../../../../arm-none-eabi/lib/armv7-m/crt0.o
START GROUP
LOAD .\CortexM3\ARM_GCC_493\Debug\main.o
LOAD .\CortexM3\ARM_GCC_493\Debug\cymetadata.o
LOAD .\CortexM3\ARM_GCC_493\Debug\Cm3Start.o
LOAD .\CortexM3\ARM_GCC_493\Debug\Jazzy_Dude.a
LOAD C:\Program Files (x86)\Cypress\PSoC Creator\3.3\PSoC Creator\psoc\content\cycomponentlibrary\CyComponentLibrary.cylib\CortexM3\ARM_GCC_493\Debug\CyComponentLibrary.a
END GROUP
START GROUP
LOAD c:/program files (x86)/cypress/psoc creator/3.3/psoc creator/import/gnu/arm/4.9.3/bin/../lib/gcc/arm-none-eabi/4.9.3/armv7-m\libgcc.a
LOAD c:/program files (x86)/cypress/psoc creator/3.3/psoc creator/import/gnu/arm/4.9.3/bin/../lib/gcc/arm-none-eabi/4.9.3/../../../../arm-none-eabi/lib/armv7-m\libg_nano.a
LOAD c:/program files (x86)/cypress/psoc creator/3.3/psoc creator/import/gnu/arm/4.9.3/bin/../lib/gcc/arm-none-eabi/4.9.3/../../../../arm-none-eabi/lib/armv7-m\libc_nano.a
END GROUP
START GROUP
LOAD c:/program files (x86)/cypress/psoc creator/3.3/psoc creator/import/gnu/arm/4.9.3/bin/../lib/gcc/arm-none-eabi/4.9.3/armv7-m\libgcc.a
LOAD c:/program files (x86)/cypress/psoc creator/3.3/psoc creator/import/gnu/arm/4.9.3/bin/../lib/gcc/arm-none-eabi/4.9.3/../../../../arm-none-eabi/lib/armv7-m\libc_nano.a
END GROUP
LOAD c:/program files (x86)/cypress/psoc creator/3.3/psoc creator/import/gnu/arm/4.9.3/bin/../lib/gcc/arm-none-eabi/4.9.3/armv7-m/crtend.o
LOAD c:/program files (x86)/cypress/psoc creator/3.3/psoc creator/import/gnu/arm/4.9.3/bin/../lib/gcc/arm-none-eabi/4.9.3/armv7-m/crtn.o
START GROUP
LOAD c:/program files (x86)/cypress/psoc creator/3.3/psoc creator/import/gnu/arm/4.9.3/bin/../lib/gcc/arm-none-eabi/4.9.3/armv7-m\libgcc.a
LOAD c:/program files (x86)/cypress/psoc creator/3.3/psoc creator/import/gnu/arm/4.9.3/bin/../lib/gcc/arm-none-eabi/4.9.3/../../../../arm-none-eabi/lib/armv7-m\libc.a
LOAD c:/program files (x86)/cypress/psoc creator/3.3/psoc creator/import/gnu/arm/4.9.3/bin/../lib/gcc/arm-none-eabi/4.9.3/../../../../arm-none-eabi/lib/armv7-m\libnosys.a
END GROUP
                0x00000000                CY_APPL_ORIGIN = 0x0
                0x00000100                CY_FLASH_ROW_SIZE = 0x100
                0x00000020                CY_ECC_ROW_SIZE = 0x20
                0x00000000                CY_EE_IN_BTLDR = 0x0
                0x00000000                CY_APPL_LOADABLE = 0x0
                0x00000800                CY_EE_SIZE = 0x800
                0x00000001                CY_APPL_NUM = 0x1
                0x00000001                CY_APPL_MAX = 0x1
                0x00000040                CY_METADATA_SIZE = 0x40
                0x00000000                CY_APPL_LOADABLE = 0x0
                0x00000000                CY_CHECKSUM_EXCLUDE_SIZE = ALIGN (0x0, CY_FLASH_ROW_SIZE)
                0x1fff8b18                PROVIDE (__cy_heap_start, _end)
                0x00000001                PROVIDE (__cy_region_num, ((__cy_regions_end - __cy_regions) / 0x10))
                0x20008000                PROVIDE (__cy_stack, (ORIGIN (ram) + 0x10000))
                0x20007800                PROVIDE (__cy_heap_end, (__cy_stack - 0x800))

.cybootloader   0x00000000        0x0
 *(.cybootloader)
                0x00000000                appl1_start = CY_APPL_ORIGIN?CY_APPL_ORIGIN:ALIGN (CY_FLASH_ROW_SIZE)
                0x0001ff00                appl2_start = (appl1_start + ALIGN ((((0x40000 - appl1_start) - (0x2 * CY_FLASH_ROW_SIZE)) / 0x2), CY_FLASH_ROW_SIZE))
                0x00000000                appl_start = (CY_APPL_NUM == 0x1)?appl1_start:appl2_start
                0x00000000                ecc_offset = ((appl_start / CY_FLASH_ROW_SIZE) * CY_ECC_ROW_SIZE)
                0x00000000                ee_offset = (CY_APPL_LOADABLE && ! (CY_EE_IN_BTLDR))?((CY_EE_SIZE / CY_APPL_MAX) * (CY_APPL_NUM - 0x1)):0x0
                0x00000800                ee_size = (CY_APPL_LOADABLE && ! (CY_EE_IN_BTLDR))?(CY_EE_SIZE / CY_APPL_MAX):CY_EE_SIZE
                0x00000000                PROVIDE (CY_ECC_OFFSET, ecc_offset)

.text           0x00000000     0x2b4a
 CREATE_OBJECT_SYMBOLS
                0x00000000                PROVIDE (__cy_interrupt_vector, RomVectors)
 *(.romvectors)
 .romvectors    0x00000000       0x10 .\CortexM3\ARM_GCC_493\Debug\Cm3Start.o
                0x00000000                RomVectors
                0x00000001                ASSERT ((. != __cy_interrupt_vector), No interrupt vector)
                0x00000001                ASSERT (CY_APPL_ORIGIN?(SIZEOF (.cybootloader) <= CY_APPL_ORIGIN):0x1, Wrong image location)
                0x00000010                PROVIDE (__cy_reset, Reset)
 *(.text.Reset)
 .text.Reset    0x00000010       0x18 .\CortexM3\ARM_GCC_493\Debug\Cm3Start.o
                0x00000010                Reset
                0x00000001                ASSERT ((. != __cy_reset), No reset code)
 *(.dma_init)
                0x00000001                ASSERT ((((appl_start + .) <= 0x10000) || 0x1), DMA Init must be within the first 64k of flash)
 *(.text .text.* .gnu.linkonce.t.*)
 .text          0x00000028       0x5c c:/program files (x86)/cypress/psoc creator/3.3/psoc creator/import/gnu/arm/4.9.3/bin/../lib/gcc/arm-none-eabi/4.9.3/armv7-m/crtbegin.o
 .text.Tick_ISR
                0x00000084       0x1c .\CortexM3\ARM_GCC_493\Debug\main.o
                0x00000084                Tick_ISR
 .text.Lcd_ISR  0x000000a0       0x20 .\CortexM3\ARM_GCC_493\Debug\main.o
                0x000000a0                Lcd_ISR
 .text.Sax_Env_Init
                0x000000c0       0x5c .\CortexM3\ARM_GCC_493\Debug\main.o
                0x000000c0                Sax_Env_Init
 .text.Piano_Env_Init
                0x0000011c       0x5c .\CortexM3\ARM_GCC_493\Debug\main.o
                0x0000011c                Piano_Env_Init
 .text.Envelope_Pressed
                0x00000178        0x8 .\CortexM3\ARM_GCC_493\Debug\main.o
                0x00000178                Envelope_Pressed
 .text.Envelope_Release
                0x00000180        0xc .\CortexM3\ARM_GCC_493\Debug\main.o
                0x00000180                Envelope_Release
 .text.calc_phase
                0x0000018c       0x34 .\CortexM3\ARM_GCC_493\Debug\main.o
                0x0000018c                calc_phase
 .text.Envelope_Process
                0x000001c0       0xa4 .\CortexM3\ARM_GCC_493\Debug\main.o
                0x000001c0                Envelope_Process
 .text.Sax_ISR  0x00000264       0xa4 .\CortexM3\ARM_GCC_493\Debug\main.o
                0x00000264                Sax_ISR
 .text.Piano_ISR
                0x00000308       0xa8 .\CortexM3\ARM_GCC_493\Debug\main.o
                0x00000308                Piano_ISR
 .text.play_sax
                0x000003b0       0x34 .\CortexM3\ARM_GCC_493\Debug\main.o
                0x000003b0                play_sax
 .text.play_piano
                0x000003e4       0x34 .\CortexM3\ARM_GCC_493\Debug\main.o
                0x000003e4                play_piano
 .text.clean_pot
                0x00000418       0x40 .\CortexM3\ARM_GCC_493\Debug\main.o
                0x00000418                clean_pot
 .text.main     0x00000458      0x1f0 .\CortexM3\ARM_GCC_493\Debug\main.o
                0x00000458                main
 .text.IntDefaultHandler
                0x00000648        0x4 .\CortexM3\ARM_GCC_493\Debug\Cm3Start.o
                0x00000648                IntDefaultHandler
 .text.Start_c  0x0000064c       0x4c .\CortexM3\ARM_GCC_493\Debug\Cm3Start.o
                0x0000064c                Start_c
 .text.initialize_psoc
                0x00000698       0x74 .\CortexM3\ARM_GCC_493\Debug\Cm3Start.o
                0x00000698                initialize_psoc
 .text.CyClockStartupError
                0x0000070c        0x4 .\CortexM3\ARM_GCC_493\Debug\Jazzy_Dude.a(cyfitter_cfg.o)
 .text.cfg_write_bytes32
                0x00000710       0x34 .\CortexM3\ARM_GCC_493\Debug\Jazzy_Dude.a(cyfitter_cfg.o)
 .text.CYMEMZERO
                0x00000744        0xc .\CortexM3\ARM_GCC_493\Debug\Jazzy_Dude.a(cyfitter_cfg.o)
 .text.AnalogSetDefault
                0x00000750       0xac .\CortexM3\ARM_GCC_493\Debug\Jazzy_Dude.a(cyfitter_cfg.o)
 .text.CYCONFIGCPY
                0x000007fc        0x8 .\CortexM3\ARM_GCC_493\Debug\Jazzy_Dude.a(cyfitter_cfg.o)
 .text.ClockSetup
                0x00000804      0x110 .\CortexM3\ARM_GCC_493\Debug\Jazzy_Dude.a(cyfitter_cfg.o)
 .text.BPM_ADC_AMux_Set
                0x00000914       0x1c .\CortexM3\ARM_GCC_493\Debug\Jazzy_Dude.a(cyfitter_cfg.o)
                0x00000914                BPM_ADC_AMux_Set
 .text.BPM_ADC_AMux_Unset
                0x00000930       0x1c .\CortexM3\ARM_GCC_493\Debug\Jazzy_Dude.a(cyfitter_cfg.o)
                0x00000930                BPM_ADC_AMux_Unset
 .text.cyfitter_cfg
                0x0000094c      0x104 .\CortexM3\ARM_GCC_493\Debug\Jazzy_Dude.a(cyfitter_cfg.o)
                0x0000094c                cyfitter_cfg
 .text          0x00000a50       0x20 .\CortexM3\ARM_GCC_493\Debug\Jazzy_Dude.a(CyBootAsmGnu.o)
                0x00000a50                CyDelayCycles
                0x00000a60                CyEnterCriticalSection
                0x00000a68                CyExitCriticalSection
 .text.CyHalt   0x00000a70        0x4 .\CortexM3\ARM_GCC_493\Debug\Jazzy_Dude.a(CyLib.o)
                0x00000a70                CyHalt
 .text.CyDelay  0x00000a74       0x2c .\CortexM3\ARM_GCC_493\Debug\Jazzy_Dude.a(CyLib.o)
                0x00000a74                CyDelay
 .text.CyDelayUs
                0x00000aa0       0x14 .\CortexM3\ARM_GCC_493\Debug\Jazzy_Dude.a(CyLib.o)
                0x00000aa0                CyDelayUs
 .text.CyIntSetSysVector
                0x00000ab4       0x28 .\CortexM3\ARM_GCC_493\Debug\Jazzy_Dude.a(CyLib.o)
                0x00000ab4                CyIntSetSysVector
 .text.CyIntSetVector
                0x00000adc       0x28 .\CortexM3\ARM_GCC_493\Debug\Jazzy_Dude.a(CyLib.o)
                0x00000adc                CyIntSetVector
 .text.CyIntSetPriority
                0x00000b04       0x30 .\CortexM3\ARM_GCC_493\Debug\Jazzy_Dude.a(CyLib.o)
                0x00000b04                CyIntSetPriority
 .text.CySysTickEnableInterrupt
                0x00000b34       0x10 .\CortexM3\ARM_GCC_493\Debug\Jazzy_Dude.a(CyLib.o)
                0x00000b34                CySysTickEnableInterrupt
 .text.CySysTickEnable
                0x00000b44       0x18 .\CortexM3\ARM_GCC_493\Debug\Jazzy_Dude.a(CyLib.o)
                0x00000b44                CySysTickEnable
 .text.CySysTickSetReload
                0x00000b5c       0x10 .\CortexM3\ARM_GCC_493\Debug\Jazzy_Dude.a(CyLib.o)
                0x00000b5c                CySysTickSetReload
 .text.CySysTickSetClockSource
                0x00000b6c       0x20 .\CortexM3\ARM_GCC_493\Debug\Jazzy_Dude.a(CyLib.o)
                0x00000b6c                CySysTickSetClockSource
 .text.CySysTickGetCountFlag
                0x00000b8c       0x10 .\CortexM3\ARM_GCC_493\Debug\Jazzy_Dude.a(CyLib.o)
                0x00000b8c                CySysTickGetCountFlag
 .text.CySysTickServiceCallbacks
                0x00000b9c       0x28 .\CortexM3\ARM_GCC_493\Debug\Jazzy_Dude.a(CyLib.o)
 .text.CySysTickClear
                0x00000bc4        0xc .\CortexM3\ARM_GCC_493\Debug\Jazzy_Dude.a(CyLib.o)
                0x00000bc4                CySysTickClear
 .text.CySysTickInit
                0x00000bd0       0x58 .\CortexM3\ARM_GCC_493\Debug\Jazzy_Dude.a(CyLib.o)
                0x00000bd0                CySysTickInit
 .text.CySysTickStart
                0x00000c28       0x1c .\CortexM3\ARM_GCC_493\Debug\Jazzy_Dude.a(CyLib.o)
                0x00000c28                CySysTickStart
 .text.CySysTickSetCallback
                0x00000c44       0x10 .\CortexM3\ARM_GCC_493\Debug\Jazzy_Dude.a(CyLib.o)
                0x00000c44                CySysTickSetCallback
 .text.SaxDac_Enable
                0x00000c54       0x1c .\CortexM3\ARM_GCC_493\Debug\Jazzy_Dude.a(SaxDac.o)
                0x00000c54                SaxDac_Enable
 .text.SaxDac_SetSpeed
                0x00000c70       0x1c .\CortexM3\ARM_GCC_493\Debug\Jazzy_Dude.a(SaxDac.o)
                0x00000c70                SaxDac_SetSpeed
 .text.SaxDac_SetValue
                0x00000c8c        0xc .\CortexM3\ARM_GCC_493\Debug\Jazzy_Dude.a(SaxDac.o)
                0x00000c8c                SaxDac_SetValue
 .text.SaxDac_DacTrim
                0x00000c98       0x24 .\CortexM3\ARM_GCC_493\Debug\Jazzy_Dude.a(SaxDac.o)
                0x00000c98                SaxDac_DacTrim
 .text.SaxDac_SetRange
                0x00000cbc       0x20 .\CortexM3\ARM_GCC_493\Debug\Jazzy_Dude.a(SaxDac.o)
                0x00000cbc                SaxDac_SetRange
 .text.SaxDac_Init
                0x00000cdc       0x1c .\CortexM3\ARM_GCC_493\Debug\Jazzy_Dude.a(SaxDac.o)
                0x00000cdc                SaxDac_Init
 .text.SaxDac_Start
                0x00000cf8       0x24 .\CortexM3\ARM_GCC_493\Debug\Jazzy_Dude.a(SaxDac.o)
                0x00000cf8                SaxDac_Start
 .text.sax_isr_SetVector
                0x00000d1c        0xc .\CortexM3\ARM_GCC_493\Debug\Jazzy_Dude.a(sax_isr.o)
                0x00000d1c                sax_isr_SetVector
 .text.sax_isr_SetPriority
                0x00000d28       0x10 .\CortexM3\ARM_GCC_493\Debug\Jazzy_Dude.a(sax_isr.o)
                0x00000d28                sax_isr_SetPriority
 .text.sax_isr_Enable
                0x00000d38        0xc .\CortexM3\ARM_GCC_493\Debug\Jazzy_Dude.a(sax_isr.o)
                0x00000d38                sax_isr_Enable
 .text.sax_isr_Disable
                0x00000d44        0xc .\CortexM3\ARM_GCC_493\Debug\Jazzy_Dude.a(sax_isr.o)
                0x00000d44                sax_isr_Disable
 .text.sax_isr_StartEx
                0x00000d50       0x1c .\CortexM3\ARM_GCC_493\Debug\Jazzy_Dude.a(sax_isr.o)
                0x00000d50                sax_isr_StartEx
 .text.LCD_Char_1_WrCntrlNib
                0x00000d6c       0x34 .\CortexM3\ARM_GCC_493\Debug\Jazzy_Dude.a(LCD_Char_1.o)
 .text.LCD_Char_1_WrDatNib
                0x00000da0       0x44 .\CortexM3\ARM_GCC_493\Debug\Jazzy_Dude.a(LCD_Char_1.o)
 .text.LCD_Char_1_IsReady
                0x00000de4       0xe4 .\CortexM3\ARM_GCC_493\Debug\Jazzy_Dude.a(LCD_Char_1.o)
                0x00000de4                LCD_Char_1_IsReady
 .text.LCD_Char_1_WriteData
                0x00000ec8       0x18 .\CortexM3\ARM_GCC_493\Debug\Jazzy_Dude.a(LCD_Char_1.o)
                0x00000ec8                LCD_Char_1_WriteData
 .text.LCD_Char_1_PrintString
                0x00000ee0       0x1c .\CortexM3\ARM_GCC_493\Debug\Jazzy_Dude.a(LCD_Char_1.o)
                0x00000ee0                LCD_Char_1_PrintString
 .text.LCD_Char_1_WriteControl
                0x00000efc       0x18 .\CortexM3\ARM_GCC_493\Debug\Jazzy_Dude.a(LCD_Char_1.o)
                0x00000efc                LCD_Char_1_WriteControl
 .text.LCD_Char_1_Init
                0x00000f14       0x6c .\CortexM3\ARM_GCC_493\Debug\Jazzy_Dude.a(LCD_Char_1.o)
                0x00000f14                LCD_Char_1_Init
 .text.LCD_Char_1_Enable
                0x00000f80       0x14 .\CortexM3\ARM_GCC_493\Debug\Jazzy_Dude.a(LCD_Char_1.o)
                0x00000f80                LCD_Char_1_Enable
 .text.LCD_Char_1_Start
                0x00000f94       0x1c .\CortexM3\ARM_GCC_493\Debug\Jazzy_Dude.a(LCD_Char_1.o)
                0x00000f94                LCD_Char_1_Start
 .text.LCD_Char_1_Position
                0x00000fb0       0x3c .\CortexM3\ARM_GCC_493\Debug\Jazzy_Dude.a(LCD_Char_1.o)
                0x00000fb0                LCD_Char_1_Position
 .text.LCD_Char_1_PrintU32Number
                0x00000fec       0x60 .\CortexM3\ARM_GCC_493\Debug\Jazzy_Dude.a(LCD_Char_1.o)
                0x00000fec                LCD_Char_1_PrintU32Number
 .text.lcd_isr_SetVector
                0x0000104c        0xc .\CortexM3\ARM_GCC_493\Debug\Jazzy_Dude.a(lcd_isr.o)
                0x0000104c                lcd_isr_SetVector
 .text.lcd_isr_SetPriority
                0x00001058       0x10 .\CortexM3\ARM_GCC_493\Debug\Jazzy_Dude.a(lcd_isr.o)
                0x00001058                lcd_isr_SetPriority
 .text.lcd_isr_Enable
                0x00001068        0xc .\CortexM3\ARM_GCC_493\Debug\Jazzy_Dude.a(lcd_isr.o)
                0x00001068                lcd_isr_Enable
 .text.lcd_isr_Disable
                0x00001074        0xc .\CortexM3\ARM_GCC_493\Debug\Jazzy_Dude.a(lcd_isr.o)
                0x00001074                lcd_isr_Disable
 .text.lcd_isr_StartEx
                0x00001080       0x1c .\CortexM3\ARM_GCC_493\Debug\Jazzy_Dude.a(lcd_isr.o)
                0x00001080                lcd_isr_StartEx
 .text.led1_Write
                0x0000109c       0x18 .\CortexM3\ARM_GCC_493\Debug\Jazzy_Dude.a(led1.o)
                0x0000109c                led1_Write
 .text.led1_Read
                0x000010b4       0x10 .\CortexM3\ARM_GCC_493\Debug\Jazzy_Dude.a(led1.o)
                0x000010b4                led1_Read
 .text.testy_Write
                0x000010c4       0x18 .\CortexM3\ARM_GCC_493\Debug\Jazzy_Dude.a(testy.o)
                0x000010c4                testy_Write
 .text.testy_Read
                0x000010dc       0x10 .\CortexM3\ARM_GCC_493\Debug\Jazzy_Dude.a(testy.o)
                0x000010dc                testy_Read
 .text.PianoDac_Enable
                0x000010ec       0x1c .\CortexM3\ARM_GCC_493\Debug\Jazzy_Dude.a(PianoDac.o)
                0x000010ec                PianoDac_Enable
 .text.PianoDac_SetSpeed
                0x00001108       0x1c .\CortexM3\ARM_GCC_493\Debug\Jazzy_Dude.a(PianoDac.o)
                0x00001108                PianoDac_SetSpeed
 .text.PianoDac_SetValue
                0x00001124        0xc .\CortexM3\ARM_GCC_493\Debug\Jazzy_Dude.a(PianoDac.o)
                0x00001124                PianoDac_SetValue
 .text.PianoDac_DacTrim
                0x00001130       0x24 .\CortexM3\ARM_GCC_493\Debug\Jazzy_Dude.a(PianoDac.o)
                0x00001130                PianoDac_DacTrim
 .text.PianoDac_SetRange
                0x00001154       0x20 .\CortexM3\ARM_GCC_493\Debug\Jazzy_Dude.a(PianoDac.o)
                0x00001154                PianoDac_SetRange
 .text.PianoDac_Init
                0x00001174       0x1c .\CortexM3\ARM_GCC_493\Debug\Jazzy_Dude.a(PianoDac.o)
                0x00001174                PianoDac_Init
 .text.PianoDac_Start
                0x00001190       0x24 .\CortexM3\ARM_GCC_493\Debug\Jazzy_Dude.a(PianoDac.o)
                0x00001190                PianoDac_Start
 .text.piano_isr_SetVector
                0x000011b4        0xc .\CortexM3\ARM_GCC_493\Debug\Jazzy_Dude.a(piano_isr.o)
                0x000011b4                piano_isr_SetVector
 .text.piano_isr_SetPriority
                0x000011c0       0x10 .\CortexM3\ARM_GCC_493\Debug\Jazzy_Dude.a(piano_isr.o)
                0x000011c0                piano_isr_SetPriority
 .text.piano_isr_Enable
                0x000011d0        0xc .\CortexM3\ARM_GCC_493\Debug\Jazzy_Dude.a(piano_isr.o)
                0x000011d0                piano_isr_Enable
 .text.piano_isr_Disable
                0x000011dc        0xc .\CortexM3\ARM_GCC_493\Debug\Jazzy_Dude.a(piano_isr.o)
                0x000011dc                piano_isr_Disable
 .text.piano_isr_StartEx
                0x000011e8       0x1c .\CortexM3\ARM_GCC_493\Debug\Jazzy_Dude.a(piano_isr.o)
                0x000011e8                piano_isr_StartEx
 .text.BPM_ADC_GainCompensation
                0x00001204       0xd0 .\CortexM3\ARM_GCC_493\Debug\Jazzy_Dude.a(BPM_ADC.o)
 .text.BPM_ADC_SetDSMRef0Reg
                0x000012d4       0x4c .\CortexM3\ARM_GCC_493\Debug\Jazzy_Dude.a(BPM_ADC.o)
 .text.BPM_ADC_InitConfig
                0x00001320      0x328 .\CortexM3\ARM_GCC_493\Debug\Jazzy_Dude.a(BPM_ADC.o)
 .text.BPM_ADC_Init
                0x00001648      0x108 .\CortexM3\ARM_GCC_493\Debug\Jazzy_Dude.a(BPM_ADC.o)
                0x00001648                BPM_ADC_Init
 .text.BPM_ADC_Enable
                0x00001750       0xd8 .\CortexM3\ARM_GCC_493\Debug\Jazzy_Dude.a(BPM_ADC.o)
                0x00001750                BPM_ADC_Enable
 .text.BPM_ADC_Start
                0x00001828       0x28 .\CortexM3\ARM_GCC_493\Debug\Jazzy_Dude.a(BPM_ADC.o)
                0x00001828                BPM_ADC_Start
 .text.BPM_ADC_StartConvert
                0x00001850       0x10 .\CortexM3\ARM_GCC_493\Debug\Jazzy_Dude.a(BPM_ADC.o)
                0x00001850                BPM_ADC_StartConvert
 .text.BPM_ADC_GetResult16
                0x00001860       0x50 .\CortexM3\ARM_GCC_493\Debug\Jazzy_Dude.a(BPM_ADC.o)
                0x00001860                BPM_ADC_GetResult16
 .text.BPM_ADC_ISR1
                0x000018b0        0x4 .\CortexM3\ARM_GCC_493\Debug\Jazzy_Dude.a(BPM_ADC_INT.o)
                0x000018b0                BPM_ADC_ISR1
 .text.BPM_ADC_ISR2
                0x000018b4        0x4 .\CortexM3\ARM_GCC_493\Debug\Jazzy_Dude.a(BPM_ADC_INT.o)
                0x000018b4                BPM_ADC_ISR2
 .text.BPM_ADC_ISR3
                0x000018b8        0x4 .\CortexM3\ARM_GCC_493\Debug\Jazzy_Dude.a(BPM_ADC_INT.o)
                0x000018b8                BPM_ADC_ISR3
 .text.BPM_ADC_ISR4
                0x000018bc        0x4 .\CortexM3\ARM_GCC_493\Debug\Jazzy_Dude.a(BPM_ADC_INT.o)
                0x000018bc                BPM_ADC_ISR4
 .text.BPM_ADC_AMux_Start
                0x000018c0       0x20 .\CortexM3\ARM_GCC_493\Debug\Jazzy_Dude.a(BPM_ADC_AMux.o)
                0x000018c0                BPM_ADC_AMux_Start
 .text.BPM_ADC_AMux_Select
                0x000018e0       0x18 .\CortexM3\ARM_GCC_493\Debug\Jazzy_Dude.a(BPM_ADC_AMux.o)
                0x000018e0                BPM_ADC_AMux_Select
 .text.BPM_ADC_Ext_CP_Clk_GetDividerRegister
                0x000018f8        0xc .\CortexM3\ARM_GCC_493\Debug\Jazzy_Dude.a(BPM_ADC_Ext_CP_Clk.o)
                0x000018f8                BPM_ADC_Ext_CP_Clk_GetDividerRegister
 .text.BPM_ADC_Ext_CP_Clk_SetModeRegister
                0x00001904       0x14 .\CortexM3\ARM_GCC_493\Debug\Jazzy_Dude.a(BPM_ADC_Ext_CP_Clk.o)
                0x00001904                BPM_ADC_Ext_CP_Clk_SetModeRegister
 .text.BPM_ADC_Ext_CP_Clk_GetSourceRegister
                0x00001918       0x10 .\CortexM3\ARM_GCC_493\Debug\Jazzy_Dude.a(BPM_ADC_Ext_CP_Clk.o)
                0x00001918                BPM_ADC_Ext_CP_Clk_GetSourceRegister
 .text.BPM_ADC_Ext_CP_Clk_SetDividerRegister
                0x00001928       0xd8 .\CortexM3\ARM_GCC_493\Debug\Jazzy_Dude.a(BPM_ADC_Ext_CP_Clk.o)
                0x00001928                BPM_ADC_Ext_CP_Clk_SetDividerRegister
 .text.BPM_ADC_theACLK_GetDividerRegister
                0x00001a00        0xc .\CortexM3\ARM_GCC_493\Debug\Jazzy_Dude.a(BPM_ADC_theACLK.o)
                0x00001a00                BPM_ADC_theACLK_GetDividerRegister
 .text.BPM_ADC_theACLK_SetModeRegister
                0x00001a0c       0x14 .\CortexM3\ARM_GCC_493\Debug\Jazzy_Dude.a(BPM_ADC_theACLK.o)
                0x00001a0c                BPM_ADC_theACLK_SetModeRegister
 .text.BPM_ADC_theACLK_GetSourceRegister
                0x00001a20       0x10 .\CortexM3\ARM_GCC_493\Debug\Jazzy_Dude.a(BPM_ADC_theACLK.o)
                0x00001a20                BPM_ADC_theACLK_GetSourceRegister
 .text.BPM_ADC_theACLK_SetDividerRegister
                0x00001a30       0xd8 .\CortexM3\ARM_GCC_493\Debug\Jazzy_Dude.a(BPM_ADC_theACLK.o)
                0x00001a30                BPM_ADC_theACLK_SetDividerRegister
 .text.PITCH_ADC_CalcGain
                0x00001b08       0x64 .\CortexM3\ARM_GCC_493\Debug\Jazzy_Dude.a(PITCH_ADC.o)
 .text.PITCH_ADC_Enable
                0x00001b6c       0x94 .\CortexM3\ARM_GCC_493\Debug\Jazzy_Dude.a(PITCH_ADC.o)
                0x00001b6c                PITCH_ADC_Enable
 .text.PITCH_ADC_SetResolution
                0x00001c00       0x38 .\CortexM3\ARM_GCC_493\Debug\Jazzy_Dude.a(PITCH_ADC.o)
                0x00001c00                PITCH_ADC_SetResolution
 .text.PITCH_ADC_Init
                0x00001c38       0x3c .\CortexM3\ARM_GCC_493\Debug\Jazzy_Dude.a(PITCH_ADC.o)
                0x00001c38                PITCH_ADC_Init
 .text.PITCH_ADC_Start
                0x00001c74       0x1c .\CortexM3\ARM_GCC_493\Debug\Jazzy_Dude.a(PITCH_ADC.o)
                0x00001c74                PITCH_ADC_Start
 .text.PITCH_ADC_StartConvert
                0x00001c90       0x10 .\CortexM3\ARM_GCC_493\Debug\Jazzy_Dude.a(PITCH_ADC.o)
                0x00001c90                PITCH_ADC_StartConvert
 .text.PITCH_ADC_GetResult16
                0x00001ca0       0x18 .\CortexM3\ARM_GCC_493\Debug\Jazzy_Dude.a(PITCH_ADC.o)
                0x00001ca0                PITCH_ADC_GetResult16
 .text.PITCH_ADC_ISR
                0x00001cb8        0x4 .\CortexM3\ARM_GCC_493\Debug\Jazzy_Dude.a(PITCH_ADC_INT.o)
                0x00001cb8                PITCH_ADC_ISR
 .text.PITCH_ADC_theACLK_SetModeRegister
                0x00001cbc       0x14 .\CortexM3\ARM_GCC_493\Debug\Jazzy_Dude.a(PITCH_ADC_theACLK.o)
                0x00001cbc                PITCH_ADC_theACLK_SetModeRegister
 .text          0x00001cd0      0x370 c:/program files (x86)/cypress/psoc creator/3.3/psoc creator/import/gnu/arm/4.9.3/bin/../lib/gcc/arm-none-eabi/4.9.3/armv7-m\libgcc.a(_arm_addsubdf3.o)
                0x00001cd0                __aeabi_drsub
                0x00001cd8                __aeabi_dsub
                0x00001cd8                __subdf3
                0x00001cdc                __aeabi_dadd
                0x00001cdc                __adddf3
                0x00001f54                __floatunsidf
                0x00001f54                __aeabi_ui2d
                0x00001f74                __floatsidf
                0x00001f74                __aeabi_i2d
                0x00001f98                __aeabi_f2d
                0x00001f98                __extendsfdf2
                0x00001fd4                __floatundidf
                0x00001fd4                __aeabi_ul2d
                0x00001fe4                __floatdidf
                0x00001fe4                __aeabi_l2d
 .text          0x00002040      0x424 c:/program files (x86)/cypress/psoc creator/3.3/psoc creator/import/gnu/arm/4.9.3/bin/../lib/gcc/arm-none-eabi/4.9.3/armv7-m\libgcc.a(_arm_muldivdf3.o)
                0x00002040                __aeabi_dmul
                0x00002040                __muldf3
                0x00002294                __divdf3
                0x00002294                __aeabi_ddiv
 .text          0x00002464       0x40 c:/program files (x86)/cypress/psoc creator/3.3/psoc creator/import/gnu/arm/4.9.3/bin/../lib/gcc/arm-none-eabi/4.9.3/armv7-m\libgcc.a(_arm_fixunsdfsi.o)
                0x00002464                __aeabi_d2uiz
                0x00002464                __fixunsdfsi
 .text          0x000024a4      0x21c c:/program files (x86)/cypress/psoc creator/3.3/psoc creator/import/gnu/arm/4.9.3/bin/../lib/gcc/arm-none-eabi/4.9.3/armv7-m\libgcc.a(_arm_addsubsf3.o)
                0x000024a4                __aeabi_frsub
                0x000024ac                __subsf3
                0x000024ac                __aeabi_fsub
                0x000024b0                __aeabi_fadd
                0x000024b0                __addsf3
                0x00002610                __aeabi_ui2f
                0x00002610                __floatunsisf
                0x00002618                __aeabi_i2f
                0x00002618                __floatsisf
                0x00002634                __aeabi_ul2f
                0x00002634                __floatundisf
                0x00002644                __aeabi_l2f
                0x00002644                __floatdisf
 .text          0x000026c0      0x2a0 c:/program files (x86)/cypress/psoc creator/3.3/psoc creator/import/gnu/arm/4.9.3/bin/../lib/gcc/arm-none-eabi/4.9.3/armv7-m\libgcc.a(_arm_muldivsf3.o)
                0x000026c0                __mulsf3
                0x000026c0                __aeabi_fmul
                0x00002828                __aeabi_fdiv
                0x00002828                __divsf3
 .text          0x00002960       0xec c:/program files (x86)/cypress/psoc creator/3.3/psoc creator/import/gnu/arm/4.9.3/bin/../lib/gcc/arm-none-eabi/4.9.3/armv7-m\libgcc.a(_arm_cmpsf2.o)
                0x00002960                __gesf2
                0x00002960                __gtsf2
                0x00002968                __lesf2
                0x00002968                __ltsf2
                0x00002970                __nesf2
                0x00002970                __eqsf2
                0x00002970                __cmpsf2
                0x000029d0                __aeabi_cfrcmple
                0x000029d8                __aeabi_cfcmpeq
                0x000029d8                __aeabi_cfcmple
                0x000029e8                __aeabi_fcmpeq
                0x000029fc                __aeabi_fcmplt
                0x00002a10                __aeabi_fcmple
                0x00002a24                __aeabi_fcmpge
                0x00002a38                __aeabi_fcmpgt
 .text          0x00002a4c       0x4c c:/program files (x86)/cypress/psoc creator/3.3/psoc creator/import/gnu/arm/4.9.3/bin/../lib/gcc/arm-none-eabi/4.9.3/armv7-m\libgcc.a(_arm_fixsfsi.o)
                0x00002a4c                __aeabi_f2iz
                0x00002a4c                __fixsfsi
 .text          0x00002a98       0x40 c:/program files (x86)/cypress/psoc creator/3.3/psoc creator/import/gnu/arm/4.9.3/bin/../lib/gcc/arm-none-eabi/4.9.3/armv7-m\libgcc.a(_arm_fixunssfsi.o)
                0x00002a98                __fixunssfsi
                0x00002a98                __aeabi_f2uiz
 .text.__libc_init_array
                0x00002ad8       0x4c c:/program files (x86)/cypress/psoc creator/3.3/psoc creator/import/gnu/arm/4.9.3/bin/../lib/gcc/arm-none-eabi/4.9.3/../../../../arm-none-eabi/lib/armv7-m\libg_nano.a(lib_a-init.o)
                0x00002ad8                __libc_init_array
 .text.memcpy   0x00002b24       0x16 c:/program files (x86)/cypress/psoc creator/3.3/psoc creator/import/gnu/arm/4.9.3/bin/../lib/gcc/arm-none-eabi/4.9.3/../../../../arm-none-eabi/lib/armv7-m\libg_nano.a(lib_a-memcpy.o)
                0x00002b24                memcpy
 .text.memset   0x00002b3a       0x10 c:/program files (x86)/cypress/psoc creator/3.3/psoc creator/import/gnu/arm/4.9.3/bin/../lib/gcc/arm-none-eabi/4.9.3/../../../../arm-none-eabi/lib/armv7-m\libg_nano.a(lib_a-memset.o)
                0x00002b3a                memset
 *(.plt)
 *(.gnu.warning)
 *(.glue_7t)
 .glue_7t       0x00000000        0x0 linker stubs
 *(.glue_7)
 .glue_7        0x00000000        0x0 linker stubs
 *(.vfp11_veneer)
 .vfp11_veneer  0x00000000        0x0 linker stubs
 *(.bootloader)
 *(.ARM.extab* .gnu.linkonce.armextab.*)
 *(.gcc_except_table)

.v4_bx          0x00002b4c        0x0
 .v4_bx         0x00000000        0x0 linker stubs

.iplt           0x00002b4c        0x0
 .iplt          0x00000000        0x0 c:/program files (x86)/cypress/psoc creator/3.3/psoc creator/import/gnu/arm/4.9.3/bin/../lib/gcc/arm-none-eabi/4.9.3/armv7-m/crtbegin.o

.eh_frame_hdr
 *(.eh_frame_hdr)

.eh_frame       0x00002b4c        0x4
 *(.eh_frame)
 .eh_frame      0x00002b4c        0x0 c:/program files (x86)/cypress/psoc creator/3.3/psoc creator/import/gnu/arm/4.9.3/bin/../lib/gcc/arm-none-eabi/4.9.3/armv7-m/crtbegin.o
 .eh_frame      0x00002b4c        0x4 c:/program files (x86)/cypress/psoc creator/3.3/psoc creator/import/gnu/arm/4.9.3/bin/../lib/gcc/arm-none-eabi/4.9.3/armv7-m/crtend.o
                0x00002b50                PROVIDE (__exidx_start, .)

.ARM.exidx
 *(.ARM.exidx* .gnu.linkonce.armexidx.*)
                0x00002b50                __exidx_end = .

.rodata         0x00002b50      0x180
 *(.rodata .rodata.* .gnu.linkonce.r.*)
 .rodata        0x00002b50       0xfc .\CortexM3\ARM_GCC_493\Debug\main.o
                0x00002b50                SaxTable
                0x00002b90                PianoTable
                0x00002bd0                SaxFreq
                0x00002c00                PianoFreq
 .rodata.str1.4
                0x00002c4c        0x8 .\CortexM3\ARM_GCC_493\Debug\main.o
 .rodata        0x00002c54       0x44 .\CortexM3\ARM_GCC_493\Debug\Jazzy_Dude.a(cyfitter_cfg.o)
                0x00002c54                BPM_ADC_AMux__addrTable
                0x00002c5c                BPM_ADC_AMux__maskTable
                0x00002c98                . = ALIGN (0x4)
 *(.init)
 .init          0x00002c98        0x4 c:/program files (x86)/cypress/psoc creator/3.3/psoc creator/import/gnu/arm/4.9.3/bin/../lib/gcc/arm-none-eabi/4.9.3/armv7-m/crti.o
                0x00002c98                _init
 .init          0x00002c9c        0x8 c:/program files (x86)/cypress/psoc creator/3.3/psoc creator/import/gnu/arm/4.9.3/bin/../lib/gcc/arm-none-eabi/4.9.3/armv7-m/crtn.o
                0x00002ca4                . = ALIGN (0x4)
                0x00002ca4                __preinit_array_start = .
 *(.preinit_array)
                0x00002ca4                __preinit_array_end = .
                0x00002ca4                . = ALIGN (0x4)
                0x00002ca4                __init_array_start = .
 *(SORT(.init_array.*))
 *(.init_array)
 .init_array    0x00002ca4        0x4 c:/program files (x86)/cypress/psoc creator/3.3/psoc creator/import/gnu/arm/4.9.3/bin/../lib/gcc/arm-none-eabi/4.9.3/armv7-m/crtbegin.o
 .init_array    0x00002ca8        0x4 .\CortexM3\ARM_GCC_493\Debug\Cm3Start.o
                0x00002cac                __init_array_end = .
                0x00002cac                . = ALIGN (0x4)
 *(.fini)
 .fini          0x00002cac        0x4 c:/program files (x86)/cypress/psoc creator/3.3/psoc creator/import/gnu/arm/4.9.3/bin/../lib/gcc/arm-none-eabi/4.9.3/armv7-m/crti.o
                0x00002cac                _fini
 .fini          0x00002cb0        0x8 c:/program files (x86)/cypress/psoc creator/3.3/psoc creator/import/gnu/arm/4.9.3/bin/../lib/gcc/arm-none-eabi/4.9.3/armv7-m/crtn.o
                0x00002cb8                . = ALIGN (0x4)
                0x00002cb8                __fini_array_start = .
 *(.fini_array)
 .fini_array    0x00002cb8        0x4 c:/program files (x86)/cypress/psoc creator/3.3/psoc creator/import/gnu/arm/4.9.3/bin/../lib/gcc/arm-none-eabi/4.9.3/armv7-m/crtbegin.o
 *(SORT(.fini_array.*))
                0x00002cbc                __fini_array_end = .
                0x00002cbc                . = ALIGN (0x4)
 *crtbegin.o(.ctors)
 *(EXCLUDE_FILE(*crtend.o) .ctors)
 *(SORT(.ctors.*))
 *crtend.o(.ctors)
                0x00002cbc                . = ALIGN (0x4)
 *crtbegin.o(.dtors)
 *(EXCLUDE_FILE(*crtend.o) .dtors)
 *(SORT(.dtors.*))
 *crtend.o(.dtors)
                0x00002cbc                . = ALIGN (0x4)
                0x00002cbc                __cy_regions = .
                0x00002cbc        0x4 LONG 0x2cd0 __cy_region_init_ram
                0x00002cc0        0x4 LONG 0x1fff8108 __cy_region_start_data
                0x00002cc4        0x4 LONG 0x940 __cy_region_init_size_ram
                0x00002cc8        0x4 LONG 0xd0 __cy_region_zero_size_ram
                0x00002ccc                __cy_regions_end = .
                0x00002cd0                . = ALIGN (0x8)
 *fill*         0x00002ccc        0x4 
                0x00002cd0                _etext = .

.cy_checksum_exclude
                0x00002cd0        0x0
 *(.cy_checksum_exclude)

.ramvectors     0x1fff8000      0x100
                0x1fff8000                __cy_region_start_ram = .
 *(.ramvectors)
 .ramvectors    0x1fff8000      0x100 .\CortexM3\ARM_GCC_493\Debug\Cm3Start.o
                0x1fff8000                CyRamVectors

.noinit         0x1fff8100        0x5
 *(.noinit)
 .noinit        0x1fff8100        0x4 .\CortexM3\ARM_GCC_493\Debug\Cm3Start.o
 .noinit        0x1fff8104        0x1 .\CortexM3\ARM_GCC_493\Debug\Jazzy_Dude.a(CyLib.o)
                0x1fff8104                CyResetStatus

.data           0x1fff8108      0x940 load address 0x00002cd0
                0x1fff8108                __cy_region_start_data = .
 *(.jcr)
 .jcr           0x1fff8108        0x0 c:/program files (x86)/cypress/psoc creator/3.3/psoc creator/import/gnu/arm/4.9.3/bin/../lib/gcc/arm-none-eabi/4.9.3/armv7-m/crtbegin.o
 .jcr           0x1fff8108        0x4 c:/program files (x86)/cypress/psoc creator/3.3/psoc creator/import/gnu/arm/4.9.3/bin/../lib/gcc/arm-none-eabi/4.9.3/armv7-m/crtend.o
 *(.got.plt)
 *(.got)
 *(.shdata)
 *(.data .data.* .gnu.linkonce.d.*)
 .data          0x1fff810c      0x924 .\CortexM3\ARM_GCC_493\Debug\main.o
                0x1fff810c                SAX_ATTACK_TIME
                0x1fff8110                SAX_SUSTAIN_LEVEL
                0x1fff8114                SAX_DECAY_TIME
                0x1fff8118                SAX_RELEASE_TIME
                0x1fff811c                PIANO_ATTACK_TIME
                0x1fff8120                PIANO_SUSTAIN_LEVEL
                0x1fff8124                PIANO_DECAY_TIME
                0x1fff8128                PIANO_RELEASE_TIME
                0x1fff812c                mode
                0x1fff8130                straight_no_chaser
                0x1fff82b0                piano_harmony
                0x1fff8430                bossa_melody
                0x1fff85b0                nop_chart
                0x1fff8730                bad_megalovania
                0x1fff88b0                good_megalovania
 .data          0x1fff8a30       0x10 .\CortexM3\ARM_GCC_493\Debug\Jazzy_Dude.a(CyLib.o)
                0x1fff8a30                cydelay_32k_ms
                0x1fff8a34                cydelay_freq_khz
                0x1fff8a38                cydelay_freq_mhz
                0x1fff8a3c                cydelay_freq_hz
 .data          0x1fff8a40        0x1 .\CortexM3\ARM_GCC_493\Debug\Jazzy_Dude.a(BPM_ADC.o)
                0x1fff8a40                BPM_ADC_Config
 .data          0x1fff8a41        0x1 .\CortexM3\ARM_GCC_493\Debug\Jazzy_Dude.a(BPM_ADC_AMux.o)
                0x1fff8a48                . = ALIGN (0x8)
 *fill*         0x1fff8a42        0x6 
 *(.ram)
                0x1fff8a48                _edata = .

.igot.plt       0x1fff8a48        0x0 load address 0x00003610
 .igot.plt      0x00000000        0x0 c:/program files (x86)/cypress/psoc creator/3.3/psoc creator/import/gnu/arm/4.9.3/bin/../lib/gcc/arm-none-eabi/4.9.3/armv7-m/crtbegin.o

.bss            0x1fff8a48       0xd0 load address 0x00003610
                0x1fff8a48                PROVIDE (__bss_start__, .)
 *(.shbss)
 *(.bss .bss.* .gnu.linkonce.b.*)
 .bss           0x1fff8a48       0x1c c:/program files (x86)/cypress/psoc creator/3.3/psoc creator/import/gnu/arm/4.9.3/bin/../lib/gcc/arm-none-eabi/4.9.3/armv7-m/crtbegin.o
 .bss           0x1fff8a64       0x1c .\CortexM3\ARM_GCC_493\Debug\Jazzy_Dude.a(CyLib.o)
                0x1fff8a7c                CySysTickInitVar
 .bss           0x1fff8a80        0x1 .\CortexM3\ARM_GCC_493\Debug\Jazzy_Dude.a(SaxDac.o)
                0x1fff8a80                SaxDac_initVar
 .bss           0x1fff8a81        0x2 .\CortexM3\ARM_GCC_493\Debug\Jazzy_Dude.a(LCD_Char_1.o)
                0x1fff8a81                LCD_Char_1_enableState
                0x1fff8a82                LCD_Char_1_initVar
 .bss           0x1fff8a83        0x1 .\CortexM3\ARM_GCC_493\Debug\Jazzy_Dude.a(PianoDac.o)
                0x1fff8a83                PianoDac_initVar
 .bss           0x1fff8a84       0x14 .\CortexM3\ARM_GCC_493\Debug\Jazzy_Dude.a(BPM_ADC.o)
                0x1fff8a94                BPM_ADC_stopConversion
                0x1fff8a95                BPM_ADC_convDone
                0x1fff8a96                BPM_ADC_initVar
                0x1fff8a97                BPM_ADC_started
 .bss           0x1fff8a98        0x1 .\CortexM3\ARM_GCC_493\Debug\Jazzy_Dude.a(PITCH_ADC.o)
                0x1fff8a98                PITCH_ADC_initVar
 *(COMMON)
 *fill*         0x1fff8a99        0x3 
 COMMON         0x1fff8a9c       0x65 .\CortexM3\ARM_GCC_493\Debug\main.o
                0x1fff8a9c                sax_env_lvl
                0x1fff8aa0                piano_release_rate
                0x1fff8aa4                piano_decay_rate
                0x1fff8aa8                piano_env_out
                0x1fff8aac                sax_sample
                0x1fff8aad                prev_mode
                0x1fff8ab0                piano_atk_rate
                0x1fff8ab4                piano_current_note_freq
                0x1fff8ab8                piano_zero_centered
                0x1fff8abc                piano_phase
                0x1fff8ac0                piano_phase_inc
                0x1fff8ac4                bpm
                0x1fff8ac5                chard_idx
                0x1fff8ac6                piano_env_state
                0x1fff8ac8                pot1_value
                0x1fff8aca                sax_env_state
                0x1fff8acc                sax_phase
                0x1fff8ad0                sax_current_note_freq
                0x1fff8ad4                piano_env_lvl
                0x1fff8ad8                sax_env_out
                0x1fff8adc                sax_atk_rate
                0x1fff8ae0                piano_enveloped_note
                0x1fff8ae4                msTicks
                0x1fff8ae8                pot2_value
                0x1fff8aea                sax_zero_centered
                0x1fff8aec                sax_phase_inc
                0x1fff8af0                sax_enveloped_note
                0x1fff8af4                sax_release_rate
                0x1fff8af8                bar_idx
                0x1fff8afc                sax_decay_rate
                0x1fff8b00                piano_sample
 *fill*         0x1fff8b01        0x3 
 COMMON         0x1fff8b04        0x8 .\CortexM3\ARM_GCC_493\Debug\Jazzy_Dude.a(BPM_ADC.o)
                0x1fff8b04                BPM_ADC_CountsPerVolt
                0x1fff8b08                BPM_ADC_Offset
 COMMON         0x1fff8b0c        0xc .\CortexM3\ARM_GCC_493\Debug\Jazzy_Dude.a(PITCH_ADC.o)
                0x1fff8b0c                PITCH_ADC_countsPerVolt
                0x1fff8b10                PITCH_ADC_countsPer10Volt
                0x1fff8b14                PITCH_ADC_shift
                0x1fff8b16                PITCH_ADC_offset
                0x1fff8b18                . = ALIGN (0x8)
 *(.ram.b)
                0x1fff8b18                _end = .
                0x1fff8b18                __end = .
                0x1fff8b18                PROVIDE (end, .)
                0x1fff8b18                PROVIDE (__bss_end__, .)
                0x00002cd0                __cy_region_init_ram = LOADADDR (.data)
                0x00000940                __cy_region_init_size_ram = (_edata - ADDR (.data))
                0x000000d0                __cy_region_zero_size_ram = (_end - _edata)

.heap           0x1fff8b18       0x80 load address 0x00003610
                0x1fff8b18                . = _end
                0x1fff8b98                . = (. + 0x80)
 *fill*         0x1fff8b18       0x80 
                0x1fff8b98                __cy_heap_limit = .

.stack          0x20007800      0x800
                0x20007800                __cy_stack_limit = .
                0x20008000                . = (. + 0x800)
 *fill*         0x20007800      0x800 
                0x00000001                ASSERT ((__cy_stack_limit >= __cy_heap_limit), region RAM overflowed with stack)
                0x00000000                cy_checksum_exclude_size = (CY_APPL_LOADABLE == 0x1)?SIZEOF (.cy_checksum_exclude):0x0
                0x00000001                ASSERT ((cy_checksum_exclude_size <= CY_CHECKSUM_EXCLUDE_SIZE), CY_BOOT: Section .cy_checksum_exclude size exceedes specified limit.)

.cyloadermeta
 *(.cyloadermeta)

.cyloadablemeta
 *(.cyloadablemeta)

.cyconfigecc    0x80000000       0xf0
 *(.cyconfigecc)
 .cyconfigecc   0x80000000       0xf0 .\CortexM3\ARM_GCC_493\Debug\cymetadata.o
                0x80000000                cy_meta_configecc

.cycustnvl      0x90000000        0x4
 *(.cycustnvl)
 .cycustnvl     0x90000000        0x4 .\CortexM3\ARM_GCC_493\Debug\cymetadata.o
                0x90000000                cy_meta_custnvl

.cywolatch      0x90100000        0x4
 *(.cywolatch)
 .cywolatch     0x90100000        0x4 .\CortexM3\ARM_GCC_493\Debug\cymetadata.o
                0x90100000                cy_meta_wonvl

.cyeeprom       0x90200000        0x0
 *(.cyeeprom)
                0x00000001                ASSERT ((. <= ((0x90200000 + ee_offset) + ee_size)), .cyeeprom data will not fit in EEPROM)

.cyflashprotect
                0x90400000      0x100
 *(.cyflashprotect)
 .cyflashprotect
                0x90400000      0x100 .\CortexM3\ARM_GCC_493\Debug\cymetadata.o
                0x90400000                cy_meta_flashprotect

.cymeta         0x90500000        0xc
 *(.cymeta)
 .cymeta        0x90500000        0xc .\CortexM3\ARM_GCC_493\Debug\cymetadata.o
                0x90500000                cy_metadata

.rel.dyn        0x00003610        0x0 load address 0x9050000c
 .rel.iplt      0x00000000        0x0 c:/program files (x86)/cypress/psoc creator/3.3/psoc creator/import/gnu/arm/4.9.3/bin/../lib/gcc/arm-none-eabi/4.9.3/armv7-m/crtbegin.o

.stab
 *(.stab)

.stabstr
 *(.stabstr)

.debug
 *(.debug)

.line
 *(.line)

.debug_srcinfo
 *(.debug_srcinfo)

.debug_sfnames
 *(.debug_sfnames)

.debug_aranges  0x00000000      0xc48
 *(.debug_aranges)
 .debug_aranges
                0x00000000       0x88 .\CortexM3\ARM_GCC_493\Debug\main.o
 .debug_aranges
                0x00000088       0x18 .\CortexM3\ARM_GCC_493\Debug\cymetadata.o
 .debug_aranges
                0x000000a0       0x48 .\CortexM3\ARM_GCC_493\Debug\Cm3Start.o
 .debug_aranges
                0x000000e8       0x68 .\CortexM3\ARM_GCC_493\Debug\Jazzy_Dude.a(cyfitter_cfg.o)
 .debug_aranges
                0x00000150       0x20 .\CortexM3\ARM_GCC_493\Debug\Jazzy_Dude.a(CyBootAsmGnu.o)
 .debug_aranges
                0x00000170      0x298 .\CortexM3\ARM_GCC_493\Debug\Jazzy_Dude.a(CyLib.o)
 .debug_aranges
                0x00000408       0x98 .\CortexM3\ARM_GCC_493\Debug\Jazzy_Dude.a(cyPm.o)
 .debug_aranges
                0x000004a0       0x58 .\CortexM3\ARM_GCC_493\Debug\Jazzy_Dude.a(SaxDac.o)
 .debug_aranges
                0x000004f8       0x80 .\CortexM3\ARM_GCC_493\Debug\Jazzy_Dude.a(sax_isr.o)
 .debug_aranges
                0x00000578       0x98 .\CortexM3\ARM_GCC_493\Debug\Jazzy_Dude.a(LCD_Char_1.o)
 .debug_aranges
                0x00000610       0x80 .\CortexM3\ARM_GCC_493\Debug\Jazzy_Dude.a(lcd_isr.o)
 .debug_aranges
                0x00000690       0x38 .\CortexM3\ARM_GCC_493\Debug\Jazzy_Dude.a(led1.o)
 .debug_aranges
                0x000006c8       0x38 .\CortexM3\ARM_GCC_493\Debug\Jazzy_Dude.a(testy.o)
 .debug_aranges
                0x00000700       0x58 .\CortexM3\ARM_GCC_493\Debug\Jazzy_Dude.a(PianoDac.o)
 .debug_aranges
                0x00000758       0x80 .\CortexM3\ARM_GCC_493\Debug\Jazzy_Dude.a(piano_isr.o)
 .debug_aranges
                0x000007d8       0xe8 .\CortexM3\ARM_GCC_493\Debug\Jazzy_Dude.a(BPM_ADC.o)
 .debug_aranges
                0x000008c0       0x38 .\CortexM3\ARM_GCC_493\Debug\Jazzy_Dude.a(BPM_ADC_INT.o)
 .debug_aranges
                0x000008f8       0x30 .\CortexM3\ARM_GCC_493\Debug\Jazzy_Dude.a(BPM_ADC_AMux.o)
 .debug_aranges
                0x00000928       0x70 .\CortexM3\ARM_GCC_493\Debug\Jazzy_Dude.a(BPM_ADC_Ext_CP_Clk.o)
 .debug_aranges
                0x00000998       0x80 .\CortexM3\ARM_GCC_493\Debug\Jazzy_Dude.a(BPM_ADC_theACLK.o)
 .debug_aranges
                0x00000a18       0xa8 .\CortexM3\ARM_GCC_493\Debug\Jazzy_Dude.a(PITCH_ADC.o)
 .debug_aranges
                0x00000ac0       0x20 .\CortexM3\ARM_GCC_493\Debug\Jazzy_Dude.a(PITCH_ADC_INT.o)
 .debug_aranges
                0x00000ae0       0x70 .\CortexM3\ARM_GCC_493\Debug\Jazzy_Dude.a(PITCH_ADC_theACLK.o)
 .debug_aranges
                0x00000b50       0x80 .\CortexM3\ARM_GCC_493\Debug\Jazzy_Dude.a(CyFlash.o)
 .debug_aranges
                0x00000bd0       0x78 .\CortexM3\ARM_GCC_493\Debug\Jazzy_Dude.a(CySpc.o)

.debug_pubnames
 *(.debug_pubnames)

.debug_info     0x00000000     0x73f6
 *(.debug_info .gnu.linkonce.wi.*)
 .debug_info    0x00000000      0xd9e .\CortexM3\ARM_GCC_493\Debug\main.o
 .debug_info    0x00000d9e      0x13a .\CortexM3\ARM_GCC_493\Debug\cymetadata.o
 .debug_info    0x00000ed8      0x39f .\CortexM3\ARM_GCC_493\Debug\Cm3Start.o
 .debug_info    0x00001277      0x5ff .\CortexM3\ARM_GCC_493\Debug\Jazzy_Dude.a(cyfitter_cfg.o)
 .debug_info    0x00001876       0x7e .\CortexM3\ARM_GCC_493\Debug\Jazzy_Dude.a(CyBootAsmGnu.o)
 .debug_info    0x000018f4     0x136f .\CortexM3\ARM_GCC_493\Debug\Jazzy_Dude.a(CyLib.o)
 .debug_info    0x00002c63      0xa57 .\CortexM3\ARM_GCC_493\Debug\Jazzy_Dude.a(cyPm.o)
 .debug_info    0x000036ba      0x1de .\CortexM3\ARM_GCC_493\Debug\Jazzy_Dude.a(SaxDac.o)
 .debug_info    0x00003898      0x2cb .\CortexM3\ARM_GCC_493\Debug\Jazzy_Dude.a(sax_isr.o)
 .debug_info    0x00003b63      0x716 .\CortexM3\ARM_GCC_493\Debug\Jazzy_Dude.a(LCD_Char_1.o)
 .debug_info    0x00004279      0x2cb .\CortexM3\ARM_GCC_493\Debug\Jazzy_Dude.a(lcd_isr.o)
 .debug_info    0x00004544      0x11f .\CortexM3\ARM_GCC_493\Debug\Jazzy_Dude.a(led1.o)
 .debug_info    0x00004663      0x11f .\CortexM3\ARM_GCC_493\Debug\Jazzy_Dude.a(testy.o)
 .debug_info    0x00004782      0x1de .\CortexM3\ARM_GCC_493\Debug\Jazzy_Dude.a(PianoDac.o)
 .debug_info    0x00004960      0x2cb .\CortexM3\ARM_GCC_493\Debug\Jazzy_Dude.a(piano_isr.o)
 .debug_info    0x00004c2b      0xc4c .\CortexM3\ARM_GCC_493\Debug\Jazzy_Dude.a(BPM_ADC.o)
 .debug_info    0x00005877       0xcc .\CortexM3\ARM_GCC_493\Debug\Jazzy_Dude.a(BPM_ADC_INT.o)
 .debug_info    0x00005943      0x16d .\CortexM3\ARM_GCC_493\Debug\Jazzy_Dude.a(BPM_ADC_AMux.o)
 .debug_info    0x00005ab0      0x283 .\CortexM3\ARM_GCC_493\Debug\Jazzy_Dude.a(BPM_ADC_Ext_CP_Clk.o)
 .debug_info    0x00005d33      0x2c4 .\CortexM3\ARM_GCC_493\Debug\Jazzy_Dude.a(BPM_ADC_theACLK.o)
 .debug_info    0x00005ff7      0x5f8 .\CortexM3\ARM_GCC_493\Debug\Jazzy_Dude.a(PITCH_ADC.o)
 .debug_info    0x000065ef       0x92 .\CortexM3\ARM_GCC_493\Debug\Jazzy_Dude.a(PITCH_ADC_INT.o)
 .debug_info    0x00006681      0x283 .\CortexM3\ARM_GCC_493\Debug\Jazzy_Dude.a(PITCH_ADC_theACLK.o)
 .debug_info    0x00006904      0x608 .\CortexM3\ARM_GCC_493\Debug\Jazzy_Dude.a(CyFlash.o)
 .debug_info    0x00006f0c      0x4ea .\CortexM3\ARM_GCC_493\Debug\Jazzy_Dude.a(CySpc.o)

.debug_abbrev   0x00000000     0x2101
 *(.debug_abbrev)
 .debug_abbrev  0x00000000      0x278 .\CortexM3\ARM_GCC_493\Debug\main.o
 .debug_abbrev  0x00000278       0x5d .\CortexM3\ARM_GCC_493\Debug\cymetadata.o
 .debug_abbrev  0x000002d5      0x200 .\CortexM3\ARM_GCC_493\Debug\Cm3Start.o
 .debug_abbrev  0x000004d5      0x223 .\CortexM3\ARM_GCC_493\Debug\Jazzy_Dude.a(cyfitter_cfg.o)
 .debug_abbrev  0x000006f8       0x14 .\CortexM3\ARM_GCC_493\Debug\Jazzy_Dude.a(CyBootAsmGnu.o)
 .debug_abbrev  0x0000070c      0x296 .\CortexM3\ARM_GCC_493\Debug\Jazzy_Dude.a(CyLib.o)
 .debug_abbrev  0x000009a2      0x1ed .\CortexM3\ARM_GCC_493\Debug\Jazzy_Dude.a(cyPm.o)
 .debug_abbrev  0x00000b8f       0xf7 .\CortexM3\ARM_GCC_493\Debug\Jazzy_Dude.a(SaxDac.o)
 .debug_abbrev  0x00000c86      0x173 .\CortexM3\ARM_GCC_493\Debug\Jazzy_Dude.a(sax_isr.o)
 .debug_abbrev  0x00000df9      0x171 .\CortexM3\ARM_GCC_493\Debug\Jazzy_Dude.a(LCD_Char_1.o)
 .debug_abbrev  0x00000f6a      0x173 .\CortexM3\ARM_GCC_493\Debug\Jazzy_Dude.a(lcd_isr.o)
 .debug_abbrev  0x000010dd       0x90 .\CortexM3\ARM_GCC_493\Debug\Jazzy_Dude.a(led1.o)
 .debug_abbrev  0x0000116d       0x90 .\CortexM3\ARM_GCC_493\Debug\Jazzy_Dude.a(testy.o)
 .debug_abbrev  0x000011fd       0xf7 .\CortexM3\ARM_GCC_493\Debug\Jazzy_Dude.a(PianoDac.o)
 .debug_abbrev  0x000012f4      0x173 .\CortexM3\ARM_GCC_493\Debug\Jazzy_Dude.a(piano_isr.o)
 .debug_abbrev  0x00001467      0x21f .\CortexM3\ARM_GCC_493\Debug\Jazzy_Dude.a(BPM_ADC.o)
 .debug_abbrev  0x00001686       0x42 .\CortexM3\ARM_GCC_493\Debug\Jazzy_Dude.a(BPM_ADC_INT.o)
 .debug_abbrev  0x000016c8       0xcb .\CortexM3\ARM_GCC_493\Debug\Jazzy_Dude.a(BPM_ADC_AMux.o)
 .debug_abbrev  0x00001793      0x139 .\CortexM3\ARM_GCC_493\Debug\Jazzy_Dude.a(BPM_ADC_Ext_CP_Clk.o)
 .debug_abbrev  0x000018cc      0x121 .\CortexM3\ARM_GCC_493\Debug\Jazzy_Dude.a(BPM_ADC_theACLK.o)
 .debug_abbrev  0x000019ed      0x1eb .\CortexM3\ARM_GCC_493\Debug\Jazzy_Dude.a(PITCH_ADC.o)
 .debug_abbrev  0x00001bd8       0x42 .\CortexM3\ARM_GCC_493\Debug\Jazzy_Dude.a(PITCH_ADC_INT.o)
 .debug_abbrev  0x00001c1a      0x139 .\CortexM3\ARM_GCC_493\Debug\Jazzy_Dude.a(PITCH_ADC_theACLK.o)
 .debug_abbrev  0x00001d53      0x1ed .\CortexM3\ARM_GCC_493\Debug\Jazzy_Dude.a(CyFlash.o)
 .debug_abbrev  0x00001f40      0x1c1 .\CortexM3\ARM_GCC_493\Debug\Jazzy_Dude.a(CySpc.o)

.debug_line     0x00000000     0x2d4a
 *(.debug_line)
 .debug_line    0x00000000      0x344 .\CortexM3\ARM_GCC_493\Debug\main.o
 .debug_line    0x00000344       0x53 .\CortexM3\ARM_GCC_493\Debug\cymetadata.o
 .debug_line    0x00000397      0x249 .\CortexM3\ARM_GCC_493\Debug\Cm3Start.o
 .debug_line    0x000005e0      0x223 .\CortexM3\ARM_GCC_493\Debug\Jazzy_Dude.a(cyfitter_cfg.o)
 .debug_line    0x00000803       0x68 .\CortexM3\ARM_GCC_493\Debug\Jazzy_Dude.a(CyBootAsmGnu.o)
 .debug_line    0x0000086b      0x806 .\CortexM3\ARM_GCC_493\Debug\Jazzy_Dude.a(CyLib.o)
 .debug_line    0x00001071      0x366 .\CortexM3\ARM_GCC_493\Debug\Jazzy_Dude.a(cyPm.o)
 .debug_line    0x000013d7       0xe5 .\CortexM3\ARM_GCC_493\Debug\Jazzy_Dude.a(SaxDac.o)
 .debug_line    0x000014bc      0x14d .\CortexM3\ARM_GCC_493\Debug\Jazzy_Dude.a(sax_isr.o)
 .debug_line    0x00001609      0x1e5 .\CortexM3\ARM_GCC_493\Debug\Jazzy_Dude.a(LCD_Char_1.o)
 .debug_line    0x000017ee      0x14d .\CortexM3\ARM_GCC_493\Debug\Jazzy_Dude.a(lcd_isr.o)
 .debug_line    0x0000193b       0x93 .\CortexM3\ARM_GCC_493\Debug\Jazzy_Dude.a(led1.o)
 .debug_line    0x000019ce       0x94 .\CortexM3\ARM_GCC_493\Debug\Jazzy_Dude.a(testy.o)
 .debug_line    0x00001a62       0xe7 .\CortexM3\ARM_GCC_493\Debug\Jazzy_Dude.a(PianoDac.o)
 .debug_line    0x00001b49      0x14f .\CortexM3\ARM_GCC_493\Debug\Jazzy_Dude.a(piano_isr.o)
 .debug_line    0x00001c98      0x3ea .\CortexM3\ARM_GCC_493\Debug\Jazzy_Dude.a(BPM_ADC.o)
 .debug_line    0x00002082       0x86 .\CortexM3\ARM_GCC_493\Debug\Jazzy_Dude.a(BPM_ADC_INT.o)
 .debug_line    0x00002108       0xb2 .\CortexM3\ARM_GCC_493\Debug\Jazzy_Dude.a(BPM_ADC_AMux.o)
 .debug_line    0x000021ba      0x19a .\CortexM3\ARM_GCC_493\Debug\Jazzy_Dude.a(BPM_ADC_Ext_CP_Clk.o)
 .debug_line    0x00002354      0x1ba .\CortexM3\ARM_GCC_493\Debug\Jazzy_Dude.a(BPM_ADC_theACLK.o)
 .debug_line    0x0000250e      0x221 .\CortexM3\ARM_GCC_493\Debug\Jazzy_Dude.a(PITCH_ADC.o)
 .debug_line    0x0000272f       0x58 .\CortexM3\ARM_GCC_493\Debug\Jazzy_Dude.a(PITCH_ADC_INT.o)
 .debug_line    0x00002787      0x199 .\CortexM3\ARM_GCC_493\Debug\Jazzy_Dude.a(PITCH_ADC_theACLK.o)
 .debug_line    0x00002920      0x1ec .\CortexM3\ARM_GCC_493\Debug\Jazzy_Dude.a(CyFlash.o)
 .debug_line    0x00002b0c      0x23e .\CortexM3\ARM_GCC_493\Debug\Jazzy_Dude.a(CySpc.o)

.debug_frame    0x00000000     0x1fe4
 *(.debug_frame)
 .debug_frame   0x00000000      0x1c8 .\CortexM3\ARM_GCC_493\Debug\main.o
 .debug_frame   0x000001c8       0xac .\CortexM3\ARM_GCC_493\Debug\Cm3Start.o
 .debug_frame   0x00000274      0x11c .\CortexM3\ARM_GCC_493\Debug\Jazzy_Dude.a(cyfitter_cfg.o)
 .debug_frame   0x00000390      0x728 .\CortexM3\ARM_GCC_493\Debug\Jazzy_Dude.a(CyLib.o)
 .debug_frame   0x00000ab8      0x1f8 .\CortexM3\ARM_GCC_493\Debug\Jazzy_Dude.a(cyPm.o)
 .debug_frame   0x00000cb0       0xb4 .\CortexM3\ARM_GCC_493\Debug\Jazzy_Dude.a(SaxDac.o)
 .debug_frame   0x00000d64      0x104 .\CortexM3\ARM_GCC_493\Debug\Jazzy_Dude.a(sax_isr.o)
 .debug_frame   0x00000e68      0x1e4 .\CortexM3\ARM_GCC_493\Debug\Jazzy_Dude.a(LCD_Char_1.o)
 .debug_frame   0x0000104c      0x104 .\CortexM3\ARM_GCC_493\Debug\Jazzy_Dude.a(lcd_isr.o)
 .debug_frame   0x00001150       0x50 .\CortexM3\ARM_GCC_493\Debug\Jazzy_Dude.a(led1.o)
 .debug_frame   0x000011a0       0x50 .\CortexM3\ARM_GCC_493\Debug\Jazzy_Dude.a(testy.o)
 .debug_frame   0x000011f0       0xb4 .\CortexM3\ARM_GCC_493\Debug\Jazzy_Dude.a(PianoDac.o)
 .debug_frame   0x000012a4      0x104 .\CortexM3\ARM_GCC_493\Debug\Jazzy_Dude.a(piano_isr.o)
 .debug_frame   0x000013a8      0x290 .\CortexM3\ARM_GCC_493\Debug\Jazzy_Dude.a(BPM_ADC.o)
 .debug_frame   0x00001638       0x50 .\CortexM3\ARM_GCC_493\Debug\Jazzy_Dude.a(BPM_ADC_INT.o)
 .debug_frame   0x00001688       0x64 .\CortexM3\ARM_GCC_493\Debug\Jazzy_Dude.a(BPM_ADC_AMux.o)
 .debug_frame   0x000016ec       0xe0 .\CortexM3\ARM_GCC_493\Debug\Jazzy_Dude.a(BPM_ADC_Ext_CP_Clk.o)
 .debug_frame   0x000017cc      0x100 .\CortexM3\ARM_GCC_493\Debug\Jazzy_Dude.a(BPM_ADC_theACLK.o)
 .debug_frame   0x000018cc      0x1a4 .\CortexM3\ARM_GCC_493\Debug\Jazzy_Dude.a(PITCH_ADC.o)
 .debug_frame   0x00001a70       0x20 .\CortexM3\ARM_GCC_493\Debug\Jazzy_Dude.a(PITCH_ADC_INT.o)
 .debug_frame   0x00001a90       0xe0 .\CortexM3\ARM_GCC_493\Debug\Jazzy_Dude.a(PITCH_ADC_theACLK.o)
 .debug_frame   0x00001b70      0x174 .\CortexM3\ARM_GCC_493\Debug\Jazzy_Dude.a(CyFlash.o)
 .debug_frame   0x00001ce4      0x160 .\CortexM3\ARM_GCC_493\Debug\Jazzy_Dude.a(CySpc.o)
 .debug_frame   0x00001e44       0x28 c:/program files (x86)/cypress/psoc creator/3.3/psoc creator/import/gnu/arm/4.9.3/bin/../lib/gcc/arm-none-eabi/4.9.3/armv7-m\libgcc.a(_aeabi_ldivmod.o)
 .debug_frame   0x00001e6c       0x54 c:/program files (x86)/cypress/psoc creator/3.3/psoc creator/import/gnu/arm/4.9.3/bin/../lib/gcc/arm-none-eabi/4.9.3/armv7-m\libgcc.a(bpabi.o)
 .debug_frame   0x00001ec0       0x34 c:/program files (x86)/cypress/psoc creator/3.3/psoc creator/import/gnu/arm/4.9.3/bin/../lib/gcc/arm-none-eabi/4.9.3/armv7-m\libgcc.a(_divdi3.o)
 .debug_frame   0x00001ef4       0x34 c:/program files (x86)/cypress/psoc creator/3.3/psoc creator/import/gnu/arm/4.9.3/bin/../lib/gcc/arm-none-eabi/4.9.3/armv7-m\libgcc.a(_udivdi3.o)
 .debug_frame   0x00001f28       0x20 c:/program files (x86)/cypress/psoc creator/3.3/psoc creator/import/gnu/arm/4.9.3/bin/../lib/gcc/arm-none-eabi/4.9.3/../../../../arm-none-eabi/lib/armv7-m\libg_nano.a(lib_a-errno.o)
 .debug_frame   0x00001f48       0x28 c:/program files (x86)/cypress/psoc creator/3.3/psoc creator/import/gnu/arm/4.9.3/bin/../lib/gcc/arm-none-eabi/4.9.3/../../../../arm-none-eabi/lib/armv7-m\libg_nano.a(lib_a-exit.o)
 .debug_frame   0x00001f70       0x2c c:/program files (x86)/cypress/psoc creator/3.3/psoc creator/import/gnu/arm/4.9.3/bin/../lib/gcc/arm-none-eabi/4.9.3/../../../../arm-none-eabi/lib/armv7-m\libg_nano.a(lib_a-init.o)
 .debug_frame   0x00001f9c       0x28 c:/program files (x86)/cypress/psoc creator/3.3/psoc creator/import/gnu/arm/4.9.3/bin/../lib/gcc/arm-none-eabi/4.9.3/../../../../arm-none-eabi/lib/armv7-m\libg_nano.a(lib_a-memcpy.o)
 .debug_frame   0x00001fc4       0x20 c:/program files (x86)/cypress/psoc creator/3.3/psoc creator/import/gnu/arm/4.9.3/bin/../lib/gcc/arm-none-eabi/4.9.3/../../../../arm-none-eabi/lib/armv7-m\libg_nano.a(lib_a-memset.o)

.debug_str      0x00000000     0x2a7b
 *(.debug_str)
 .debug_str     0x00000000      0x7b9 .\CortexM3\ARM_GCC_493\Debug\main.o
                                0x8a2 (size before relaxing)
 .debug_str     0x000007b9       0x77 .\CortexM3\ARM_GCC_493\Debug\cymetadata.o
                                0x1d8 (size before relaxing)
 .debug_str     0x00000830      0x158 .\CortexM3\ARM_GCC_493\Debug\Cm3Start.o
                                0x2ec (size before relaxing)
 .debug_str     0x00000988      0x1af .\CortexM3\ARM_GCC_493\Debug\Jazzy_Dude.a(cyfitter_cfg.o)
                                0x357 (size before relaxing)
 .debug_str     0x00000b37      0x7ee .\CortexM3\ARM_GCC_493\Debug\Jazzy_Dude.a(CyLib.o)
                                0xa11 (size before relaxing)
 .debug_str     0x00001325      0x35b .\CortexM3\ARM_GCC_493\Debug\Jazzy_Dude.a(cyPm.o)
                                0x709 (size before relaxing)
 .debug_str     0x00001680       0x92 .\CortexM3\ARM_GCC_493\Debug\Jazzy_Dude.a(SaxDac.o)
                                0x217 (size before relaxing)
 .debug_str     0x00001712       0xf4 .\CortexM3\ARM_GCC_493\Debug\Jazzy_Dude.a(sax_isr.o)
                                0x2a4 (size before relaxing)
 .debug_str     0x00001806      0x17c .\CortexM3\ARM_GCC_493\Debug\Jazzy_Dude.a(LCD_Char_1.o)
                                0x399 (size before relaxing)
 .debug_str     0x00001982       0xf4 .\CortexM3\ARM_GCC_493\Debug\Jazzy_Dude.a(lcd_isr.o)
                                0x2a4 (size before relaxing)
 .debug_str     0x00001a76       0x4e .\CortexM3\ARM_GCC_493\Debug\Jazzy_Dude.a(led1.o)
                                0x1cb (size before relaxing)
 .debug_str     0x00001ac4       0x46 .\CortexM3\ARM_GCC_493\Debug\Jazzy_Dude.a(testy.o)
                                0x1d0 (size before relaxing)
 .debug_str     0x00001b0a       0x96 .\CortexM3\ARM_GCC_493\Debug\Jazzy_Dude.a(PianoDac.o)
                                0x22b (size before relaxing)
 .debug_str     0x00001ba0      0x10e .\CortexM3\ARM_GCC_493\Debug\Jazzy_Dude.a(piano_isr.o)
                                0x2c0 (size before relaxing)
 .debug_str     0x00001cae      0x3f5 .\CortexM3\ARM_GCC_493\Debug\Jazzy_Dude.a(BPM_ADC.o)
                                0x65c (size before relaxing)
 .debug_str     0x000020a3       0x5b .\CortexM3\ARM_GCC_493\Debug\Jazzy_Dude.a(BPM_ADC_INT.o)
                                0x1b6 (size before relaxing)
 .debug_str     0x000020fe       0x71 .\CortexM3\ARM_GCC_493\Debug\Jazzy_Dude.a(BPM_ADC_AMux.o)
                                0x209 (size before relaxing)
 .debug_str     0x0000216f      0x197 .\CortexM3\ARM_GCC_493\Debug\Jazzy_Dude.a(BPM_ADC_Ext_CP_Clk.o)
                                0x360 (size before relaxing)
 .debug_str     0x00002306      0x181 .\CortexM3\ARM_GCC_493\Debug\Jazzy_Dude.a(BPM_ADC_theACLK.o)
                                0x387 (size before relaxing)
 .debug_str     0x00002487      0x202 .\CortexM3\ARM_GCC_493\Debug\Jazzy_Dude.a(PITCH_ADC.o)
                                0x4ac (size before relaxing)
 .debug_str     0x00002689       0x37 .\CortexM3\ARM_GCC_493\Debug\Jazzy_Dude.a(PITCH_ADC_INT.o)
                                0x189 (size before relaxing)
 .debug_str     0x000026c0      0x16f .\CortexM3\ARM_GCC_493\Debug\Jazzy_Dude.a(PITCH_ADC_theACLK.o)
                                0x354 (size before relaxing)
 .debug_str     0x0000282f      0x19e .\CortexM3\ARM_GCC_493\Debug\Jazzy_Dude.a(CyFlash.o)
                                0x383 (size before relaxing)
 .debug_str     0x000029cd       0xae .\CortexM3\ARM_GCC_493\Debug\Jazzy_Dude.a(CySpc.o)
                                0x30c (size before relaxing)

.debug_loc      0x00000000     0x2fbd
 *(.debug_loc)
 .debug_loc     0x00000000      0x38f .\CortexM3\ARM_GCC_493\Debug\main.o
 .debug_loc     0x0000038f      0x144 .\CortexM3\ARM_GCC_493\Debug\Cm3Start.o
 .debug_loc     0x000004d3      0x23f .\CortexM3\ARM_GCC_493\Debug\Jazzy_Dude.a(cyfitter_cfg.o)
 .debug_loc     0x00000712      0xa11 .\CortexM3\ARM_GCC_493\Debug\Jazzy_Dude.a(CyLib.o)
 .debug_loc     0x00001123      0x1e4 .\CortexM3\ARM_GCC_493\Debug\Jazzy_Dude.a(cyPm.o)
 .debug_loc     0x00001307       0x79 .\CortexM3\ARM_GCC_493\Debug\Jazzy_Dude.a(SaxDac.o)
 .debug_loc     0x00001380       0x56 .\CortexM3\ARM_GCC_493\Debug\Jazzy_Dude.a(sax_isr.o)
 .debug_loc     0x000013d6      0x3c6 .\CortexM3\ARM_GCC_493\Debug\Jazzy_Dude.a(LCD_Char_1.o)
 .debug_loc     0x0000179c       0x56 .\CortexM3\ARM_GCC_493\Debug\Jazzy_Dude.a(lcd_isr.o)
 .debug_loc     0x000017f2       0x42 .\CortexM3\ARM_GCC_493\Debug\Jazzy_Dude.a(led1.o)
 .debug_loc     0x00001834       0x42 .\CortexM3\ARM_GCC_493\Debug\Jazzy_Dude.a(testy.o)
 .debug_loc     0x00001876       0x79 .\CortexM3\ARM_GCC_493\Debug\Jazzy_Dude.a(PianoDac.o)
 .debug_loc     0x000018ef       0x56 .\CortexM3\ARM_GCC_493\Debug\Jazzy_Dude.a(piano_isr.o)
 .debug_loc     0x00001945      0x6ab .\CortexM3\ARM_GCC_493\Debug\Jazzy_Dude.a(BPM_ADC.o)
 .debug_loc     0x00001ff0       0x6c .\CortexM3\ARM_GCC_493\Debug\Jazzy_Dude.a(BPM_ADC_AMux.o)
 .debug_loc     0x0000205c      0x12c .\CortexM3\ARM_GCC_493\Debug\Jazzy_Dude.a(BPM_ADC_Ext_CP_Clk.o)
 .debug_loc     0x00002188      0x14d .\CortexM3\ARM_GCC_493\Debug\Jazzy_Dude.a(BPM_ADC_theACLK.o)
 .debug_loc     0x000022d5      0x273 .\CortexM3\ARM_GCC_493\Debug\Jazzy_Dude.a(PITCH_ADC.o)
 .debug_loc     0x00002548      0x128 .\CortexM3\ARM_GCC_493\Debug\Jazzy_Dude.a(PITCH_ADC_theACLK.o)
 .debug_loc     0x00002670      0x300 .\CortexM3\ARM_GCC_493\Debug\Jazzy_Dude.a(CyFlash.o)
 .debug_loc     0x00002970      0x64d .\CortexM3\ARM_GCC_493\Debug\Jazzy_Dude.a(CySpc.o)

.debug_macinfo
 *(.debug_macinfo)

.debug_ranges   0x00000000      0xaa0
 *(.debug_ranges)
 .debug_ranges  0x00000000       0x78 .\CortexM3\ARM_GCC_493\Debug\main.o
 .debug_ranges  0x00000078       0x38 .\CortexM3\ARM_GCC_493\Debug\Cm3Start.o
 .debug_ranges  0x000000b0       0x58 .\CortexM3\ARM_GCC_493\Debug\Jazzy_Dude.a(cyfitter_cfg.o)
 .debug_ranges  0x00000108      0x288 .\CortexM3\ARM_GCC_493\Debug\Jazzy_Dude.a(CyLib.o)
 .debug_ranges  0x00000390       0x88 .\CortexM3\ARM_GCC_493\Debug\Jazzy_Dude.a(cyPm.o)
 .debug_ranges  0x00000418       0x48 .\CortexM3\ARM_GCC_493\Debug\Jazzy_Dude.a(SaxDac.o)
 .debug_ranges  0x00000460       0x70 .\CortexM3\ARM_GCC_493\Debug\Jazzy_Dude.a(sax_isr.o)
 .debug_ranges  0x000004d0       0x88 .\CortexM3\ARM_GCC_493\Debug\Jazzy_Dude.a(LCD_Char_1.o)
 .debug_ranges  0x00000558       0x70 .\CortexM3\ARM_GCC_493\Debug\Jazzy_Dude.a(lcd_isr.o)
 .debug_ranges  0x000005c8       0x28 .\CortexM3\ARM_GCC_493\Debug\Jazzy_Dude.a(led1.o)
 .debug_ranges  0x000005f0       0x28 .\CortexM3\ARM_GCC_493\Debug\Jazzy_Dude.a(testy.o)
 .debug_ranges  0x00000618       0x48 .\CortexM3\ARM_GCC_493\Debug\Jazzy_Dude.a(PianoDac.o)
 .debug_ranges  0x00000660       0x70 .\CortexM3\ARM_GCC_493\Debug\Jazzy_Dude.a(piano_isr.o)
 .debug_ranges  0x000006d0       0xd8 .\CortexM3\ARM_GCC_493\Debug\Jazzy_Dude.a(BPM_ADC.o)
 .debug_ranges  0x000007a8       0x28 .\CortexM3\ARM_GCC_493\Debug\Jazzy_Dude.a(BPM_ADC_INT.o)
 .debug_ranges  0x000007d0       0x20 .\CortexM3\ARM_GCC_493\Debug\Jazzy_Dude.a(BPM_ADC_AMux.o)
 .debug_ranges  0x000007f0       0x60 .\CortexM3\ARM_GCC_493\Debug\Jazzy_Dude.a(BPM_ADC_Ext_CP_Clk.o)
 .debug_ranges  0x00000850       0x70 .\CortexM3\ARM_GCC_493\Debug\Jazzy_Dude.a(BPM_ADC_theACLK.o)
 .debug_ranges  0x000008c0       0x98 .\CortexM3\ARM_GCC_493\Debug\Jazzy_Dude.a(PITCH_ADC.o)
 .debug_ranges  0x00000958       0x10 .\CortexM3\ARM_GCC_493\Debug\Jazzy_Dude.a(PITCH_ADC_INT.o)
 .debug_ranges  0x00000968       0x60 .\CortexM3\ARM_GCC_493\Debug\Jazzy_Dude.a(PITCH_ADC_theACLK.o)
 .debug_ranges  0x000009c8       0x70 .\CortexM3\ARM_GCC_493\Debug\Jazzy_Dude.a(CyFlash.o)
 .debug_ranges  0x00000a38       0x68 .\CortexM3\ARM_GCC_493\Debug\Jazzy_Dude.a(CySpc.o)

.comment        0x00000000       0x70
 .comment       0x00000000       0x70 .\CortexM3\ARM_GCC_493\Debug\main.o
                                 0x71 (size before relaxing)
 .comment       0x00000000       0x71 .\CortexM3\ARM_GCC_493\Debug\cymetadata.o
 .comment       0x00000000       0x71 .\CortexM3\ARM_GCC_493\Debug\Cm3Start.o
 .comment       0x00000000       0x71 .\CortexM3\ARM_GCC_493\Debug\Jazzy_Dude.a(cyfitter_cfg.o)
 .comment       0x00000000       0x71 .\CortexM3\ARM_GCC_493\Debug\Jazzy_Dude.a(CyLib.o)
 .comment       0x00000000       0x71 .\CortexM3\ARM_GCC_493\Debug\Jazzy_Dude.a(cyPm.o)
 .comment       0x00000000       0x71 .\CortexM3\ARM_GCC_493\Debug\Jazzy_Dude.a(SaxDac.o)
 .comment       0x00000000       0x71 .\CortexM3\ARM_GCC_493\Debug\Jazzy_Dude.a(sax_isr.o)
 .comment       0x00000000       0x71 .\CortexM3\ARM_GCC_493\Debug\Jazzy_Dude.a(LCD_Char_1.o)
 .comment       0x00000000       0x71 .\CortexM3\ARM_GCC_493\Debug\Jazzy_Dude.a(lcd_isr.o)
 .comment       0x00000000       0x71 .\CortexM3\ARM_GCC_493\Debug\Jazzy_Dude.a(led1.o)
 .comment       0x00000000       0x71 .\CortexM3\ARM_GCC_493\Debug\Jazzy_Dude.a(testy.o)
 .comment       0x00000000       0x71 .\CortexM3\ARM_GCC_493\Debug\Jazzy_Dude.a(PianoDac.o)
 .comment       0x00000000       0x71 .\CortexM3\ARM_GCC_493\Debug\Jazzy_Dude.a(piano_isr.o)
 .comment       0x00000000       0x71 .\CortexM3\ARM_GCC_493\Debug\Jazzy_Dude.a(BPM_ADC.o)
 .comment       0x00000000       0x71 .\CortexM3\ARM_GCC_493\Debug\Jazzy_Dude.a(BPM_ADC_INT.o)
 .comment       0x00000000       0x71 .\CortexM3\ARM_GCC_493\Debug\Jazzy_Dude.a(BPM_ADC_AMux.o)
 .comment       0x00000000       0x71 .\CortexM3\ARM_GCC_493\Debug\Jazzy_Dude.a(BPM_ADC_Ext_CP_Clk.o)
 .comment       0x00000000       0x71 .\CortexM3\ARM_GCC_493\Debug\Jazzy_Dude.a(BPM_ADC_theACLK.o)
 .comment       0x00000000       0x71 .\CortexM3\ARM_GCC_493\Debug\Jazzy_Dude.a(PITCH_ADC.o)
 .comment       0x00000000       0x71 .\CortexM3\ARM_GCC_493\Debug\Jazzy_Dude.a(PITCH_ADC_INT.o)
 .comment       0x00000000       0x71 .\CortexM3\ARM_GCC_493\Debug\Jazzy_Dude.a(PITCH_ADC_theACLK.o)
 .comment       0x00000000       0x71 .\CortexM3\ARM_GCC_493\Debug\Jazzy_Dude.a(CyFlash.o)
 .comment       0x00000000       0x71 .\CortexM3\ARM_GCC_493\Debug\Jazzy_Dude.a(CySpc.o)

.debug_weaknames
 *(.debug_weaknames)

.debug_funcnames
 *(.debug_funcnames)

.debug_typenames
 *(.debug_typenames)

.debug_varnames
 *(.debug_varnames)

.note.gnu.arm.ident
 *(.note.gnu.arm.ident)

.ARM.attributes
                0x00000000       0x29
 *(.ARM.attributes)
 .ARM.attributes
                0x00000000       0x1d c:/program files (x86)/cypress/psoc creator/3.3/psoc creator/import/gnu/arm/4.9.3/bin/../lib/gcc/arm-none-eabi/4.9.3/armv7-m/crti.o
 .ARM.attributes
                0x0000001d       0x2d c:/program files (x86)/cypress/psoc creator/3.3/psoc creator/import/gnu/arm/4.9.3/bin/../lib/gcc/arm-none-eabi/4.9.3/armv7-m/crtbegin.o
 .ARM.attributes
                0x0000004a       0x1b c:/program files (x86)/cypress/psoc creator/3.3/psoc creator/import/gnu/arm/4.9.3/bin/../lib/gcc/arm-none-eabi/4.9.3/../../../../arm-none-eabi/lib/armv7-m/crt0.o
 .ARM.attributes
                0x00000065       0x33 .\CortexM3\ARM_GCC_493\Debug\main.o
 .ARM.attributes
                0x00000098       0x33 .\CortexM3\ARM_GCC_493\Debug\cymetadata.o
 .ARM.attributes
                0x000000cb       0x33 .\CortexM3\ARM_GCC_493\Debug\Cm3Start.o
 .ARM.attributes
                0x000000fe       0x33 .\CortexM3\ARM_GCC_493\Debug\Jazzy_Dude.a(cyfitter_cfg.o)
 .ARM.attributes
                0x00000131       0x21 .\CortexM3\ARM_GCC_493\Debug\Jazzy_Dude.a(CyBootAsmGnu.o)
 .ARM.attributes
                0x00000152       0x33 .\CortexM3\ARM_GCC_493\Debug\Jazzy_Dude.a(CyLib.o)
 .ARM.attributes
                0x00000185       0x33 .\CortexM3\ARM_GCC_493\Debug\Jazzy_Dude.a(cyPm.o)
 .ARM.attributes
                0x000001b8       0x33 .\CortexM3\ARM_GCC_493\Debug\Jazzy_Dude.a(SaxDac.o)
 .ARM.attributes
                0x000001eb       0x33 .\CortexM3\ARM_GCC_493\Debug\Jazzy_Dude.a(sax_isr.o)
 .ARM.attributes
                0x0000021e       0x33 .\CortexM3\ARM_GCC_493\Debug\Jazzy_Dude.a(LCD_Char_1.o)
 .ARM.attributes
                0x00000251       0x33 .\CortexM3\ARM_GCC_493\Debug\Jazzy_Dude.a(lcd_isr.o)
 .ARM.attributes
                0x00000284       0x33 .\CortexM3\ARM_GCC_493\Debug\Jazzy_Dude.a(led1.o)
 .ARM.attributes
                0x000002b7       0x33 .\CortexM3\ARM_GCC_493\Debug\Jazzy_Dude.a(testy.o)
 .ARM.attributes
                0x000002ea       0x33 .\CortexM3\ARM_GCC_493\Debug\Jazzy_Dude.a(PianoDac.o)
 .ARM.attributes
                0x0000031d       0x33 .\CortexM3\ARM_GCC_493\Debug\Jazzy_Dude.a(piano_isr.o)
 .ARM.attributes
                0x00000350       0x33 .\CortexM3\ARM_GCC_493\Debug\Jazzy_Dude.a(BPM_ADC.o)
 .ARM.attributes
                0x00000383       0x33 .\CortexM3\ARM_GCC_493\Debug\Jazzy_Dude.a(BPM_ADC_INT.o)
 .ARM.attributes
                0x000003b6       0x33 .\CortexM3\ARM_GCC_493\Debug\Jazzy_Dude.a(BPM_ADC_AMux.o)
 .ARM.attributes
                0x000003e9       0x33 .\CortexM3\ARM_GCC_493\Debug\Jazzy_Dude.a(BPM_ADC_Ext_CP_Clk.o)
 .ARM.attributes
                0x0000041c       0x33 .\CortexM3\ARM_GCC_493\Debug\Jazzy_Dude.a(BPM_ADC_theACLK.o)
 .ARM.attributes
                0x0000044f       0x33 .\CortexM3\ARM_GCC_493\Debug\Jazzy_Dude.a(PITCH_ADC.o)
 .ARM.attributes
                0x00000482       0x33 .\CortexM3\ARM_GCC_493\Debug\Jazzy_Dude.a(PITCH_ADC_INT.o)
 .ARM.attributes
                0x000004b5       0x33 .\CortexM3\ARM_GCC_493\Debug\Jazzy_Dude.a(PITCH_ADC_theACLK.o)
 .ARM.attributes
                0x000004e8       0x33 .\CortexM3\ARM_GCC_493\Debug\Jazzy_Dude.a(CyFlash.o)
 .ARM.attributes
                0x0000051b       0x33 .\CortexM3\ARM_GCC_493\Debug\Jazzy_Dude.a(CySpc.o)
 .ARM.attributes
                0x0000054e       0x1d c:/program files (x86)/cypress/psoc creator/3.3/psoc creator/import/gnu/arm/4.9.3/bin/../lib/gcc/arm-none-eabi/4.9.3/armv7-m\libgcc.a(_arm_addsubdf3.o)
 .ARM.attributes
                0x0000056b       0x1d c:/program files (x86)/cypress/psoc creator/3.3/psoc creator/import/gnu/arm/4.9.3/bin/../lib/gcc/arm-none-eabi/4.9.3/armv7-m\libgcc.a(_arm_muldivdf3.o)
 .ARM.attributes
                0x00000588       0x1d c:/program files (x86)/cypress/psoc creator/3.3/psoc creator/import/gnu/arm/4.9.3/bin/../lib/gcc/arm-none-eabi/4.9.3/armv7-m\libgcc.a(_arm_cmpdf2.o)
 .ARM.attributes
                0x000005a5       0x1d c:/program files (x86)/cypress/psoc creator/3.3/psoc creator/import/gnu/arm/4.9.3/bin/../lib/gcc/arm-none-eabi/4.9.3/armv7-m\libgcc.a(_arm_fixunsdfsi.o)
 .ARM.attributes
                0x000005c2       0x1d c:/program files (x86)/cypress/psoc creator/3.3/psoc creator/import/gnu/arm/4.9.3/bin/../lib/gcc/arm-none-eabi/4.9.3/armv7-m\libgcc.a(_arm_addsubsf3.o)
 .ARM.attributes
                0x000005df       0x1d c:/program files (x86)/cypress/psoc creator/3.3/psoc creator/import/gnu/arm/4.9.3/bin/../lib/gcc/arm-none-eabi/4.9.3/armv7-m\libgcc.a(_arm_muldivsf3.o)
 .ARM.attributes
                0x000005fc       0x1d c:/program files (x86)/cypress/psoc creator/3.3/psoc creator/import/gnu/arm/4.9.3/bin/../lib/gcc/arm-none-eabi/4.9.3/armv7-m\libgcc.a(_arm_cmpsf2.o)
 .ARM.attributes
                0x00000619       0x1d c:/program files (x86)/cypress/psoc creator/3.3/psoc creator/import/gnu/arm/4.9.3/bin/../lib/gcc/arm-none-eabi/4.9.3/armv7-m\libgcc.a(_arm_fixsfsi.o)
 .ARM.attributes
                0x00000636       0x1d c:/program files (x86)/cypress/psoc creator/3.3/psoc creator/import/gnu/arm/4.9.3/bin/../lib/gcc/arm-none-eabi/4.9.3/armv7-m\libgcc.a(_arm_fixunssfsi.o)
 .ARM.attributes
                0x00000653       0x1d c:/program files (x86)/cypress/psoc creator/3.3/psoc creator/import/gnu/arm/4.9.3/bin/../lib/gcc/arm-none-eabi/4.9.3/armv7-m\libgcc.a(_aeabi_ldivmod.o)
 .ARM.attributes
                0x00000670       0x2d c:/program files (x86)/cypress/psoc creator/3.3/psoc creator/import/gnu/arm/4.9.3/bin/../lib/gcc/arm-none-eabi/4.9.3/armv7-m\libgcc.a(bpabi.o)
 .ARM.attributes
                0x0000069d       0x1d c:/program files (x86)/cypress/psoc creator/3.3/psoc creator/import/gnu/arm/4.9.3/bin/../lib/gcc/arm-none-eabi/4.9.3/armv7-m\libgcc.a(_dvmd_tls.o)
 .ARM.attributes
                0x000006ba       0x2d c:/program files (x86)/cypress/psoc creator/3.3/psoc creator/import/gnu/arm/4.9.3/bin/../lib/gcc/arm-none-eabi/4.9.3/armv7-m\libgcc.a(_divdi3.o)
 .ARM.attributes
                0x000006e7       0x2d c:/program files (x86)/cypress/psoc creator/3.3/psoc creator/import/gnu/arm/4.9.3/bin/../lib/gcc/arm-none-eabi/4.9.3/armv7-m\libgcc.a(_udivdi3.o)
 .ARM.attributes
                0x00000714       0x2d c:/program files (x86)/cypress/psoc creator/3.3/psoc creator/import/gnu/arm/4.9.3/bin/../lib/gcc/arm-none-eabi/4.9.3/../../../../arm-none-eabi/lib/armv7-m\libg_nano.a(lib_a-errno.o)
 .ARM.attributes
                0x00000741       0x2d c:/program files (x86)/cypress/psoc creator/3.3/psoc creator/import/gnu/arm/4.9.3/bin/../lib/gcc/arm-none-eabi/4.9.3/../../../../arm-none-eabi/lib/armv7-m\libg_nano.a(lib_a-exit.o)
 .ARM.attributes
                0x0000076e       0x2d c:/program files (x86)/cypress/psoc creator/3.3/psoc creator/import/gnu/arm/4.9.3/bin/../lib/gcc/arm-none-eabi/4.9.3/../../../../arm-none-eabi/lib/armv7-m\libg_nano.a(lib_a-impure.o)
 .ARM.attributes
                0x0000079b       0x2d c:/program files (x86)/cypress/psoc creator/3.3/psoc creator/import/gnu/arm/4.9.3/bin/../lib/gcc/arm-none-eabi/4.9.3/../../../../arm-none-eabi/lib/armv7-m\libg_nano.a(lib_a-init.o)
 .ARM.attributes
                0x000007c8       0x2d c:/program files (x86)/cypress/psoc creator/3.3/psoc creator/import/gnu/arm/4.9.3/bin/../lib/gcc/arm-none-eabi/4.9.3/../../../../arm-none-eabi/lib/armv7-m\libg_nano.a(lib_a-memcpy.o)
 .ARM.attributes
                0x000007f5       0x2d c:/program files (x86)/cypress/psoc creator/3.3/psoc creator/import/gnu/arm/4.9.3/bin/../lib/gcc/arm-none-eabi/4.9.3/../../../../arm-none-eabi/lib/armv7-m\libg_nano.a(lib_a-memset.o)
 .ARM.attributes
                0x00000822       0x2d c:/program files (x86)/cypress/psoc creator/3.3/psoc creator/import/gnu/arm/4.9.3/bin/../lib/gcc/arm-none-eabi/4.9.3/armv7-m/crtend.o
 .ARM.attributes
                0x0000084f       0x1d c:/program files (x86)/cypress/psoc creator/3.3/psoc creator/import/gnu/arm/4.9.3/bin/../lib/gcc/arm-none-eabi/4.9.3/armv7-m/crtn.o

/DISCARD/
 *(.note.GNU-stack)
OUTPUT(.\CortexM3\ARM_GCC_493\Debug\Jazzy_Dude.elf elf32-littlearm)
