Archive member included because of file (symbol)

.\CortexM3\ARM_GCC_493\Debug\Jazzy_Dude.a(cyfitter_cfg.o)
                              .\CortexM3\ARM_GCC_493\Debug\Cm3Start.o (cyfitter_cfg)
.\CortexM3\ARM_GCC_493\Debug\Jazzy_Dude.a(CyBootAsmGnu.o)
                              .\CortexM3\ARM_GCC_493\Debug\Jazzy_Dude.a(cyfitter_cfg.o) (CyDelayCycles)
.\CortexM3\ARM_GCC_493\Debug\Jazzy_Dude.a(CyLib.o)
                              .\CortexM3\ARM_GCC_493\Debug\Cm3Start.o (CyHalt)
.\CortexM3\ARM_GCC_493\Debug\Jazzy_Dude.a(cyPm.o)
                              .\CortexM3\ARM_GCC_493\Debug\Jazzy_Dude.a(CyLib.o) (CyPmReadStatus)
.\CortexM3\ARM_GCC_493\Debug\Jazzy_Dude.a(SaxDac.o)
                              .\CortexM3\ARM_GCC_493\Debug\main.o (SaxDac_SetValue)
.\CortexM3\ARM_GCC_493\Debug\Jazzy_Dude.a(sax_isr.o)
                              .\CortexM3\ARM_GCC_493\Debug\main.o (sax_isr_StartEx)
.\CortexM3\ARM_GCC_493\Debug\Jazzy_Dude.a(LCD_Char_1.o)
                              .\CortexM3\ARM_GCC_493\Debug\main.o (LCD_Char_1_PrintString)
.\CortexM3\ARM_GCC_493\Debug\Jazzy_Dude.a(lcd_isr.o)
                              .\CortexM3\ARM_GCC_493\Debug\main.o (lcd_isr_StartEx)
.\CortexM3\ARM_GCC_493\Debug\Jazzy_Dude.a(led.o)
                              .\CortexM3\ARM_GCC_493\Debug\main.o (led_Write)
.\CortexM3\ARM_GCC_493\Debug\Jazzy_Dude.a(led1.o)
                              .\CortexM3\ARM_GCC_493\Debug\main.o (led1_Write)
.\CortexM3\ARM_GCC_493\Debug\Jazzy_Dude.a(testy.o)
                              .\CortexM3\ARM_GCC_493\Debug\main.o (testy_Write)
.\CortexM3\ARM_GCC_493\Debug\Jazzy_Dude.a(CyFlash.o)
                              .\CortexM3\ARM_GCC_493\Debug\Jazzy_Dude.a(cyPm.o) (CyFlash_SetWaitCycles)
.\CortexM3\ARM_GCC_493\Debug\Jazzy_Dude.a(CySpc.o)
                              .\CortexM3\ARM_GCC_493\Debug\Jazzy_Dude.a(CyFlash.o) (CySpcStart)
c:/program files (x86)/cypress/psoc creator/3.3/psoc creator/import/gnu/arm/4.9.3/bin/../lib/gcc/arm-none-eabi/4.9.3/armv7-m\libgcc.a(_arm_addsubdf3.o)
                              .\CortexM3\ARM_GCC_493\Debug\main.o (__aeabi_ui2d)
c:/program files (x86)/cypress/psoc creator/3.3/psoc creator/import/gnu/arm/4.9.3/bin/../lib/gcc/arm-none-eabi/4.9.3/armv7-m\libgcc.a(_arm_muldivdf3.o)
                              .\CortexM3\ARM_GCC_493\Debug\main.o (__aeabi_ddiv)
c:/program files (x86)/cypress/psoc creator/3.3/psoc creator/import/gnu/arm/4.9.3/bin/../lib/gcc/arm-none-eabi/4.9.3/armv7-m\libgcc.a(_arm_fixunsdfsi.o)
                              .\CortexM3\ARM_GCC_493\Debug\main.o (__aeabi_d2uiz)
c:/program files (x86)/cypress/psoc creator/3.3/psoc creator/import/gnu/arm/4.9.3/bin/../lib/gcc/arm-none-eabi/4.9.3/armv7-m\libgcc.a(_arm_addsubsf3.o)
                              .\CortexM3\ARM_GCC_493\Debug\main.o (__aeabi_fsub)
c:/program files (x86)/cypress/psoc creator/3.3/psoc creator/import/gnu/arm/4.9.3/bin/../lib/gcc/arm-none-eabi/4.9.3/armv7-m\libgcc.a(_arm_muldivsf3.o)
                              .\CortexM3\ARM_GCC_493\Debug\main.o (__aeabi_fmul)
c:/program files (x86)/cypress/psoc creator/3.3/psoc creator/import/gnu/arm/4.9.3/bin/../lib/gcc/arm-none-eabi/4.9.3/armv7-m\libgcc.a(_arm_cmpsf2.o)
                              .\CortexM3\ARM_GCC_493\Debug\main.o (__aeabi_fcmple)
c:/program files (x86)/cypress/psoc creator/3.3/psoc creator/import/gnu/arm/4.9.3/bin/../lib/gcc/arm-none-eabi/4.9.3/armv7-m\libgcc.a(_arm_fixunssfsi.o)
                              .\CortexM3\ARM_GCC_493\Debug\main.o (__aeabi_f2uiz)
c:/program files (x86)/cypress/psoc creator/3.3/psoc creator/import/gnu/arm/4.9.3/bin/../lib/gcc/arm-none-eabi/4.9.3/../../../../arm-none-eabi/lib/armv7-m\libg_nano.a(lib_a-errno.o)
                              .\CortexM3\ARM_GCC_493\Debug\Cm3Start.o (__errno)
c:/program files (x86)/cypress/psoc creator/3.3/psoc creator/import/gnu/arm/4.9.3/bin/../lib/gcc/arm-none-eabi/4.9.3/../../../../arm-none-eabi/lib/armv7-m\libg_nano.a(lib_a-exit.o)
                              c:/program files (x86)/cypress/psoc creator/3.3/psoc creator/import/gnu/arm/4.9.3/bin/../lib/gcc/arm-none-eabi/4.9.3/../../../../arm-none-eabi/lib/armv7-m/crt0.o (exit)
c:/program files (x86)/cypress/psoc creator/3.3/psoc creator/import/gnu/arm/4.9.3/bin/../lib/gcc/arm-none-eabi/4.9.3/../../../../arm-none-eabi/lib/armv7-m\libg_nano.a(lib_a-impure.o)
                              c:/program files (x86)/cypress/psoc creator/3.3/psoc creator/import/gnu/arm/4.9.3/bin/../lib/gcc/arm-none-eabi/4.9.3/../../../../arm-none-eabi/lib/armv7-m\libg_nano.a(lib_a-exit.o) (_global_impure_ptr)
c:/program files (x86)/cypress/psoc creator/3.3/psoc creator/import/gnu/arm/4.9.3/bin/../lib/gcc/arm-none-eabi/4.9.3/../../../../arm-none-eabi/lib/armv7-m\libg_nano.a(lib_a-init.o)
                              c:/program files (x86)/cypress/psoc creator/3.3/psoc creator/import/gnu/arm/4.9.3/bin/../lib/gcc/arm-none-eabi/4.9.3/../../../../arm-none-eabi/lib/armv7-m/crt0.o (__libc_init_array)
c:/program files (x86)/cypress/psoc creator/3.3/psoc creator/import/gnu/arm/4.9.3/bin/../lib/gcc/arm-none-eabi/4.9.3/../../../../arm-none-eabi/lib/armv7-m\libg_nano.a(lib_a-memcpy.o)
                              .\CortexM3\ARM_GCC_493\Debug\Jazzy_Dude.a(cyfitter_cfg.o) (memcpy)
c:/program files (x86)/cypress/psoc creator/3.3/psoc creator/import/gnu/arm/4.9.3/bin/../lib/gcc/arm-none-eabi/4.9.3/../../../../arm-none-eabi/lib/armv7-m\libg_nano.a(lib_a-memset.o)
                              c:/program files (x86)/cypress/psoc creator/3.3/psoc creator/import/gnu/arm/4.9.3/bin/../lib/gcc/arm-none-eabi/4.9.3/../../../../arm-none-eabi/lib/armv7-m/crt0.o (memset)

Allocating common symbols
Common symbol       size              file

sax_env_lvl         0x4               .\CortexM3\ARM_GCC_493\Debug\main.o
sax_sample          0x1               .\CortexM3\ARM_GCC_493\Debug\main.o
time_scale          0x4               .\CortexM3\ARM_GCC_493\Debug\main.o
new_idx             0x1               .\CortexM3\ARM_GCC_493\Debug\main.o
duration            0x4               .\CortexM3\ARM_GCC_493\Debug\main.o
sax_env_state       0x1               .\CortexM3\ARM_GCC_493\Debug\main.o
sax_phase           0x4               .\CortexM3\ARM_GCC_493\Debug\main.o
sax_env_out         0x4               .\CortexM3\ARM_GCC_493\Debug\main.o
sax_atk_rate        0x4               .\CortexM3\ARM_GCC_493\Debug\main.o
sax_zero_centered   0x2               .\CortexM3\ARM_GCC_493\Debug\main.o
sax_phase_inc       0x4               .\CortexM3\ARM_GCC_493\Debug\main.o
sax_enveloped_note  0x1               .\CortexM3\ARM_GCC_493\Debug\main.o
dt                  0x4               .\CortexM3\ARM_GCC_493\Debug\main.o
dieTemperature      0x2               .\CortexM3\ARM_GCC_493\Debug\Jazzy_Dude.a(CyFlash.o)
sax_release_rate    0x4               .\CortexM3\ARM_GCC_493\Debug\main.o
sax_decay_rate      0x4               .\CortexM3\ARM_GCC_493\Debug\main.o

Discarded input sections

 .text          0x00000000        0x0 c:/program files (x86)/cypress/psoc creator/3.3/psoc creator/import/gnu/arm/4.9.3/bin/../lib/gcc/arm-none-eabi/4.9.3/armv7-m/crti.o
 .data          0x00000000        0x0 c:/program files (x86)/cypress/psoc creator/3.3/psoc creator/import/gnu/arm/4.9.3/bin/../lib/gcc/arm-none-eabi/4.9.3/armv7-m/crti.o
 .bss           0x00000000        0x0 c:/program files (x86)/cypress/psoc creator/3.3/psoc creator/import/gnu/arm/4.9.3/bin/../lib/gcc/arm-none-eabi/4.9.3/armv7-m/crti.o
 .data          0x00000000        0x4 c:/program files (x86)/cypress/psoc creator/3.3/psoc creator/import/gnu/arm/4.9.3/bin/../lib/gcc/arm-none-eabi/4.9.3/armv7-m/crtbegin.o
 .text          0x00000000       0x74 c:/program files (x86)/cypress/psoc creator/3.3/psoc creator/import/gnu/arm/4.9.3/bin/../lib/gcc/arm-none-eabi/4.9.3/../../../../arm-none-eabi/lib/armv7-m/crt0.o
 .data          0x00000000        0x0 c:/program files (x86)/cypress/psoc creator/3.3/psoc creator/import/gnu/arm/4.9.3/bin/../lib/gcc/arm-none-eabi/4.9.3/../../../../arm-none-eabi/lib/armv7-m/crt0.o
 .bss           0x00000000        0x0 c:/program files (x86)/cypress/psoc creator/3.3/psoc creator/import/gnu/arm/4.9.3/bin/../lib/gcc/arm-none-eabi/4.9.3/../../../../arm-none-eabi/lib/armv7-m/crt0.o
 .ARM.extab     0x00000000        0x0 c:/program files (x86)/cypress/psoc creator/3.3/psoc creator/import/gnu/arm/4.9.3/bin/../lib/gcc/arm-none-eabi/4.9.3/../../../../arm-none-eabi/lib/armv7-m/crt0.o
 .ARM.exidx     0x00000000        0x8 c:/program files (x86)/cypress/psoc creator/3.3/psoc creator/import/gnu/arm/4.9.3/bin/../lib/gcc/arm-none-eabi/4.9.3/../../../../arm-none-eabi/lib/armv7-m/crt0.o
 .text          0x00000000        0x0 .\CortexM3\ARM_GCC_493\Debug\main.o
 .bss           0x00000000        0x0 .\CortexM3\ARM_GCC_493\Debug\main.o
 .text          0x00000000        0x0 .\CortexM3\ARM_GCC_493\Debug\cymetadata.o
 .data          0x00000000        0x0 .\CortexM3\ARM_GCC_493\Debug\cymetadata.o
 .bss           0x00000000        0x0 .\CortexM3\ARM_GCC_493\Debug\cymetadata.o
 .text          0x00000000        0x0 .\CortexM3\ARM_GCC_493\Debug\Cm3Start.o
 .data          0x00000000        0x4 .\CortexM3\ARM_GCC_493\Debug\Cm3Start.o
 .bss           0x00000000        0x0 .\CortexM3\ARM_GCC_493\Debug\Cm3Start.o
 .text._exit    0x00000000        0xc .\CortexM3\ARM_GCC_493\Debug\Cm3Start.o
 .text._sbrk    0x00000000       0x30 .\CortexM3\ARM_GCC_493\Debug\Cm3Start.o
 .text          0x00000000        0x0 .\CortexM3\ARM_GCC_493\Debug\Jazzy_Dude.a(cyfitter_cfg.o)
 .data          0x00000000        0x0 .\CortexM3\ARM_GCC_493\Debug\Jazzy_Dude.a(cyfitter_cfg.o)
 .bss           0x00000000        0x0 .\CortexM3\ARM_GCC_493\Debug\Jazzy_Dude.a(cyfitter_cfg.o)
 .text.SetAnalogRoutingPumps
                0x00000000       0x1c .\CortexM3\ARM_GCC_493\Debug\Jazzy_Dude.a(cyfitter_cfg.o)
 .data          0x00000000        0x0 .\CortexM3\ARM_GCC_493\Debug\Jazzy_Dude.a(CyBootAsmGnu.o)
 .bss           0x00000000        0x0 .\CortexM3\ARM_GCC_493\Debug\Jazzy_Dude.a(CyBootAsmGnu.o)
 .text          0x00000000        0x0 .\CortexM3\ARM_GCC_493\Debug\Jazzy_Dude.a(CyLib.o)
 .bss           0x00000000       0x1c .\CortexM3\ARM_GCC_493\Debug\Jazzy_Dude.a(CyLib.o)
 .text.CyUSB_PowerOnCheck
                0x00000000       0x48 .\CortexM3\ARM_GCC_493\Debug\Jazzy_Dude.a(CyLib.o)
 .text.CyBusClk_Internal_SetDivider
                0x00000000       0x48 .\CortexM3\ARM_GCC_493\Debug\Jazzy_Dude.a(CyLib.o)
 .text.CyPLL_OUT_Stop
                0x00000000       0x10 .\CortexM3\ARM_GCC_493\Debug\Jazzy_Dude.a(CyLib.o)
 .text.CyIMO_Stop
                0x00000000       0x1c .\CortexM3\ARM_GCC_493\Debug\Jazzy_Dude.a(CyLib.o)
 .text.CyIMO_EnableDoubler
                0x00000000       0x10 .\CortexM3\ARM_GCC_493\Debug\Jazzy_Dude.a(CyLib.o)
 .text.CyIMO_DisableDoubler
                0x00000000       0x10 .\CortexM3\ARM_GCC_493\Debug\Jazzy_Dude.a(CyLib.o)
 .text.CyMasterClk_SetSource
                0x00000000       0x18 .\CortexM3\ARM_GCC_493\Debug\Jazzy_Dude.a(CyLib.o)
 .text.CyMasterClk_SetDivider
                0x00000000        0xc .\CortexM3\ARM_GCC_493\Debug\Jazzy_Dude.a(CyLib.o)
 .text.CyBusClk_SetDivider
                0x00000000       0x70 .\CortexM3\ARM_GCC_493\Debug\Jazzy_Dude.a(CyLib.o)
 .text.CyUsbClk_SetSource
                0x00000000       0x18 .\CortexM3\ARM_GCC_493\Debug\Jazzy_Dude.a(CyLib.o)
 .text.CyILO_Start1K
                0x00000000       0x10 .\CortexM3\ARM_GCC_493\Debug\Jazzy_Dude.a(CyLib.o)
 .text.CyILO_Stop1K
                0x00000000       0x10 .\CortexM3\ARM_GCC_493\Debug\Jazzy_Dude.a(CyLib.o)
 .text.CyILO_Start100K
                0x00000000       0x10 .\CortexM3\ARM_GCC_493\Debug\Jazzy_Dude.a(CyLib.o)
 .text.CyILO_Stop100K
                0x00000000       0x10 .\CortexM3\ARM_GCC_493\Debug\Jazzy_Dude.a(CyLib.o)
 .text.CyPLL_OUT_Start
                0x00000000       0x78 .\CortexM3\ARM_GCC_493\Debug\Jazzy_Dude.a(CyLib.o)
 .text.CyIMO_Start
                0x00000000       0x60 .\CortexM3\ARM_GCC_493\Debug\Jazzy_Dude.a(CyLib.o)
 .text.CyILO_Enable33K
                0x00000000       0x10 .\CortexM3\ARM_GCC_493\Debug\Jazzy_Dude.a(CyLib.o)
 .text.CyILO_Disable33K
                0x00000000       0x10 .\CortexM3\ARM_GCC_493\Debug\Jazzy_Dude.a(CyLib.o)
 .text.CyILO_SetSource
                0x00000000       0x18 .\CortexM3\ARM_GCC_493\Debug\Jazzy_Dude.a(CyLib.o)
 .text.CyILO_SetPowerMode
                0x00000000       0x24 .\CortexM3\ARM_GCC_493\Debug\Jazzy_Dude.a(CyLib.o)
 .text.CyXTAL_32KHZ_Stop
                0x00000000       0x30 .\CortexM3\ARM_GCC_493\Debug\Jazzy_Dude.a(CyLib.o)
 .text.CyXTAL_32KHZ_ReadStatus
                0x00000000       0x10 .\CortexM3\ARM_GCC_493\Debug\Jazzy_Dude.a(CyLib.o)
 .text.CyXTAL_Start
                0x00000000       0xac .\CortexM3\ARM_GCC_493\Debug\Jazzy_Dude.a(CyLib.o)
 .text.CyXTAL_Stop
                0x00000000       0x10 .\CortexM3\ARM_GCC_493\Debug\Jazzy_Dude.a(CyLib.o)
 .text.CyXTAL_EnableErrStatus
                0x00000000       0x10 .\CortexM3\ARM_GCC_493\Debug\Jazzy_Dude.a(CyLib.o)
 .text.CyXTAL_DisableErrStatus
                0x00000000       0x10 .\CortexM3\ARM_GCC_493\Debug\Jazzy_Dude.a(CyLib.o)
 .text.CyXTAL_ReadStatus
                0x00000000       0x18 .\CortexM3\ARM_GCC_493\Debug\Jazzy_Dude.a(CyLib.o)
 .text.CyXTAL_EnableFaultRecovery
                0x00000000       0x10 .\CortexM3\ARM_GCC_493\Debug\Jazzy_Dude.a(CyLib.o)
 .text.CyXTAL_DisableFaultRecovery
                0x00000000       0x10 .\CortexM3\ARM_GCC_493\Debug\Jazzy_Dude.a(CyLib.o)
 .text.CyXTAL_SetStartup
                0x00000000       0x18 .\CortexM3\ARM_GCC_493\Debug\Jazzy_Dude.a(CyLib.o)
 .text.CyXTAL_SetFbVoltage
                0x00000000       0x18 .\CortexM3\ARM_GCC_493\Debug\Jazzy_Dude.a(CyLib.o)
 .text.CyXTAL_SetWdVoltage
                0x00000000       0x18 .\CortexM3\ARM_GCC_493\Debug\Jazzy_Dude.a(CyLib.o)
 .text.CyHalt   0x00000000        0x4 .\CortexM3\ARM_GCC_493\Debug\Jazzy_Dude.a(CyLib.o)
 .text.CyPLL_OUT_SetPQ
                0x00000000       0x60 .\CortexM3\ARM_GCC_493\Debug\Jazzy_Dude.a(CyLib.o)
 .text.CyPLL_OUT_SetSource
                0x00000000       0x34 .\CortexM3\ARM_GCC_493\Debug\Jazzy_Dude.a(CyLib.o)
 .text.CyIMO_SetTrimValue
                0x00000000       0xcc .\CortexM3\ARM_GCC_493\Debug\Jazzy_Dude.a(CyLib.o)
 .text.CyIMO_SetFreq
                0x00000000       0xf4 .\CortexM3\ARM_GCC_493\Debug\Jazzy_Dude.a(CyLib.o)
 .text.CyIMO_SetSource
                0x00000000       0x58 .\CortexM3\ARM_GCC_493\Debug\Jazzy_Dude.a(CyLib.o)
 .text.CySoftwareReset
                0x00000000       0x10 .\CortexM3\ARM_GCC_493\Debug\Jazzy_Dude.a(CyLib.o)
 .text.CyXTAL_32KHZ_SetPowerMode
                0x00000000       0x84 .\CortexM3\ARM_GCC_493\Debug\Jazzy_Dude.a(CyLib.o)
 .text.CyXTAL_32KHZ_Start
                0x00000000       0x70 .\CortexM3\ARM_GCC_493\Debug\Jazzy_Dude.a(CyLib.o)
 .text.CyDelayFreq
                0x00000000       0x4c .\CortexM3\ARM_GCC_493\Debug\Jazzy_Dude.a(CyLib.o)
 .text.CyWdtStart
                0x00000000       0x40 .\CortexM3\ARM_GCC_493\Debug\Jazzy_Dude.a(CyLib.o)
 .text.CyWdtClear
                0x00000000        0xc .\CortexM3\ARM_GCC_493\Debug\Jazzy_Dude.a(CyLib.o)
 .text.CyVdStickyStatus
                0x00000000       0x2c .\CortexM3\ARM_GCC_493\Debug\Jazzy_Dude.a(CyLib.o)
 .text.CyVdLvDigitEnable
                0x00000000       0x84 .\CortexM3\ARM_GCC_493\Debug\Jazzy_Dude.a(CyLib.o)
 .text.CyVdLvAnalogEnable
                0x00000000       0x80 .\CortexM3\ARM_GCC_493\Debug\Jazzy_Dude.a(CyLib.o)
 .text.CyVdLvDigitDisable
                0x00000000       0x30 .\CortexM3\ARM_GCC_493\Debug\Jazzy_Dude.a(CyLib.o)
 .text.CyVdLvAnalogDisable
                0x00000000       0x28 .\CortexM3\ARM_GCC_493\Debug\Jazzy_Dude.a(CyLib.o)
 .text.CyVdHvAnalogEnable
                0x00000000       0x54 .\CortexM3\ARM_GCC_493\Debug\Jazzy_Dude.a(CyLib.o)
 .text.CyVdHvAnalogDisable
                0x00000000       0x20 .\CortexM3\ARM_GCC_493\Debug\Jazzy_Dude.a(CyLib.o)
 .text.CyVdRealTimeStatus
                0x00000000       0x1c .\CortexM3\ARM_GCC_493\Debug\Jazzy_Dude.a(CyLib.o)
 .text.CyDisableInts
                0x00000000       0x1c .\CortexM3\ARM_GCC_493\Debug\Jazzy_Dude.a(CyLib.o)
 .text.CyEnableInts
                0x00000000       0x18 .\CortexM3\ARM_GCC_493\Debug\Jazzy_Dude.a(CyLib.o)
 .text.CyFlushCache
                0x00000000       0x44 .\CortexM3\ARM_GCC_493\Debug\Jazzy_Dude.a(CyLib.o)
 .text.CyIntSetSysVector
                0x00000000       0x28 .\CortexM3\ARM_GCC_493\Debug\Jazzy_Dude.a(CyLib.o)
 .text.CyIntGetSysVector
                0x00000000       0x20 .\CortexM3\ARM_GCC_493\Debug\Jazzy_Dude.a(CyLib.o)
 .text.CyIntSetVector
                0x00000000       0x28 .\CortexM3\ARM_GCC_493\Debug\Jazzy_Dude.a(CyLib.o)
 .text.CyIntGetVector
                0x00000000       0x24 .\CortexM3\ARM_GCC_493\Debug\Jazzy_Dude.a(CyLib.o)
 .text.CyIntSetPriority
                0x00000000       0x30 .\CortexM3\ARM_GCC_493\Debug\Jazzy_Dude.a(CyLib.o)
 .text.CyIntGetPriority
                0x00000000       0x20 .\CortexM3\ARM_GCC_493\Debug\Jazzy_Dude.a(CyLib.o)
 .text.CyIntGetState
                0x00000000       0x24 .\CortexM3\ARM_GCC_493\Debug\Jazzy_Dude.a(CyLib.o)
 .text.CySysTickStop
                0x00000000       0x10 .\CortexM3\ARM_GCC_493\Debug\Jazzy_Dude.a(CyLib.o)
 .text.CySysTickEnableInterrupt
                0x00000000       0x10 .\CortexM3\ARM_GCC_493\Debug\Jazzy_Dude.a(CyLib.o)
 .text.CySysTickEnable
                0x00000000       0x18 .\CortexM3\ARM_GCC_493\Debug\Jazzy_Dude.a(CyLib.o)
 .text.CySysTickDisableInterrupt
                0x00000000       0x10 .\CortexM3\ARM_GCC_493\Debug\Jazzy_Dude.a(CyLib.o)
 .text.CySysTickSetReload
                0x00000000       0x10 .\CortexM3\ARM_GCC_493\Debug\Jazzy_Dude.a(CyLib.o)
 .text.CySysTickGetReload
                0x00000000       0x10 .\CortexM3\ARM_GCC_493\Debug\Jazzy_Dude.a(CyLib.o)
 .text.CySysTickGetValue
                0x00000000       0x10 .\CortexM3\ARM_GCC_493\Debug\Jazzy_Dude.a(CyLib.o)
 .text.CySysTickSetClockSource
                0x00000000       0x20 .\CortexM3\ARM_GCC_493\Debug\Jazzy_Dude.a(CyLib.o)
 .text.CySysTickGetCountFlag
                0x00000000       0x10 .\CortexM3\ARM_GCC_493\Debug\Jazzy_Dude.a(CyLib.o)
 .text.CySysTickServiceCallbacks
                0x00000000       0x28 .\CortexM3\ARM_GCC_493\Debug\Jazzy_Dude.a(CyLib.o)
 .text.CySysTickClear
                0x00000000        0xc .\CortexM3\ARM_GCC_493\Debug\Jazzy_Dude.a(CyLib.o)
 .text.CySysTickInit
                0x00000000       0x58 .\CortexM3\ARM_GCC_493\Debug\Jazzy_Dude.a(CyLib.o)
 .text.CySysTickStart
                0x00000000       0x1c .\CortexM3\ARM_GCC_493\Debug\Jazzy_Dude.a(CyLib.o)
 .text.CySysTickSetCallback
                0x00000000       0x10 .\CortexM3\ARM_GCC_493\Debug\Jazzy_Dude.a(CyLib.o)
 .text.CySysTickGetCallback
                0x00000000       0x10 .\CortexM3\ARM_GCC_493\Debug\Jazzy_Dude.a(CyLib.o)
 .text.CyGetUniqueId
                0x00000000       0x70 .\CortexM3\ARM_GCC_493\Debug\Jazzy_Dude.a(CyLib.o)
 .text          0x00000000        0x0 .\CortexM3\ARM_GCC_493\Debug\Jazzy_Dude.a(cyPm.o)
 .data          0x00000000        0x0 .\CortexM3\ARM_GCC_493\Debug\Jazzy_Dude.a(cyPm.o)
 .bss           0x00000000       0x44 .\CortexM3\ARM_GCC_493\Debug\Jazzy_Dude.a(cyPm.o)
 .text.CyPmHibSlpSaveSet
                0x00000000      0x1dc .\CortexM3\ARM_GCC_493\Debug\Jazzy_Dude.a(cyPm.o)
 .text.CyPmHibSlpRestore
                0x00000000       0xd4 .\CortexM3\ARM_GCC_493\Debug\Jazzy_Dude.a(cyPm.o)
 .text.CyPmHviLviSaveDisable
                0x00000000       0xa0 .\CortexM3\ARM_GCC_493\Debug\Jazzy_Dude.a(cyPm.o)
 .text.CyPmHibSaveSet
                0x00000000       0x8c .\CortexM3\ARM_GCC_493\Debug\Jazzy_Dude.a(cyPm.o)
 .text.CyPmHviLviRestore
                0x00000000       0x48 .\CortexM3\ARM_GCC_493\Debug\Jazzy_Dude.a(cyPm.o)
 .text.CyPmHibRestore
                0x00000000       0x58 .\CortexM3\ARM_GCC_493\Debug\Jazzy_Dude.a(cyPm.o)
 .text.CyPmSaveClocks
                0x00000000      0x218 .\CortexM3\ARM_GCC_493\Debug\Jazzy_Dude.a(cyPm.o)
 .text.CyPmRestoreClocks
                0x00000000      0x24c .\CortexM3\ARM_GCC_493\Debug\Jazzy_Dude.a(cyPm.o)
 .text.CyPmAltAct
                0x00000000       0x6c .\CortexM3\ARM_GCC_493\Debug\Jazzy_Dude.a(cyPm.o)
 .text.CyPmSleep
                0x00000000       0xf4 .\CortexM3\ARM_GCC_493\Debug\Jazzy_Dude.a(cyPm.o)
 .text.CyPmHibernateEx
                0x00000000       0xf4 .\CortexM3\ARM_GCC_493\Debug\Jazzy_Dude.a(cyPm.o)
 .text.CyPmHibernate
                0x00000000        0xc .\CortexM3\ARM_GCC_493\Debug\Jazzy_Dude.a(cyPm.o)
 .text.CyPmReadStatus
                0x00000000       0x30 .\CortexM3\ARM_GCC_493\Debug\Jazzy_Dude.a(cyPm.o)
 .text.CyPmCtwSetInterval
                0x00000000       0x5c .\CortexM3\ARM_GCC_493\Debug\Jazzy_Dude.a(cyPm.o)
 .text.CyPmOppsSet
                0x00000000       0x2c .\CortexM3\ARM_GCC_493\Debug\Jazzy_Dude.a(cyPm.o)
 .text.CyPmFtwSetInterval
                0x00000000       0x5c .\CortexM3\ARM_GCC_493\Debug\Jazzy_Dude.a(cyPm.o)
 .rodata        0x00000000       0x10 .\CortexM3\ARM_GCC_493\Debug\Jazzy_Dude.a(cyPm.o)
 .text          0x00000000        0x0 .\CortexM3\ARM_GCC_493\Debug\Jazzy_Dude.a(SaxDac.o)
 .data          0x00000000        0x0 .\CortexM3\ARM_GCC_493\Debug\Jazzy_Dude.a(SaxDac.o)
 .text.SaxDac_Stop
                0x00000000       0x1c .\CortexM3\ARM_GCC_493\Debug\Jazzy_Dude.a(SaxDac.o)
 .text          0x00000000        0x0 .\CortexM3\ARM_GCC_493\Debug\Jazzy_Dude.a(sax_isr.o)
 .data          0x00000000        0x0 .\CortexM3\ARM_GCC_493\Debug\Jazzy_Dude.a(sax_isr.o)
 .bss           0x00000000        0x0 .\CortexM3\ARM_GCC_493\Debug\Jazzy_Dude.a(sax_isr.o)
 .text.sax_isr_Interrupt
                0x00000000        0x4 .\CortexM3\ARM_GCC_493\Debug\Jazzy_Dude.a(sax_isr.o)
 .text.sax_isr_GetVector
                0x00000000        0xc .\CortexM3\ARM_GCC_493\Debug\Jazzy_Dude.a(sax_isr.o)
 .text.sax_isr_GetPriority
                0x00000000        0xc .\CortexM3\ARM_GCC_493\Debug\Jazzy_Dude.a(sax_isr.o)
 .text.sax_isr_GetState
                0x00000000       0x18 .\CortexM3\ARM_GCC_493\Debug\Jazzy_Dude.a(sax_isr.o)
 .text.sax_isr_Start
                0x00000000       0x1c .\CortexM3\ARM_GCC_493\Debug\Jazzy_Dude.a(sax_isr.o)
 .text.sax_isr_Stop
                0x00000000       0x14 .\CortexM3\ARM_GCC_493\Debug\Jazzy_Dude.a(sax_isr.o)
 .text.sax_isr_SetPending
                0x00000000        0xc .\CortexM3\ARM_GCC_493\Debug\Jazzy_Dude.a(sax_isr.o)
 .text.sax_isr_ClearPending
                0x00000000        0xc .\CortexM3\ARM_GCC_493\Debug\Jazzy_Dude.a(sax_isr.o)
 .text          0x00000000        0x0 .\CortexM3\ARM_GCC_493\Debug\Jazzy_Dude.a(LCD_Char_1.o)
 .data          0x00000000        0x0 .\CortexM3\ARM_GCC_493\Debug\Jazzy_Dude.a(LCD_Char_1.o)
 .text.LCD_Char_1_PutChar
                0x00000000        0x8 .\CortexM3\ARM_GCC_493\Debug\Jazzy_Dude.a(LCD_Char_1.o)
 .text.LCD_Char_1_Stop
                0x00000000       0x14 .\CortexM3\ARM_GCC_493\Debug\Jazzy_Dude.a(LCD_Char_1.o)
 .text.LCD_Char_1_PrintInt8
                0x00000000       0x20 .\CortexM3\ARM_GCC_493\Debug\Jazzy_Dude.a(LCD_Char_1.o)
 .text.LCD_Char_1_PrintInt16
                0x00000000       0x14 .\CortexM3\ARM_GCC_493\Debug\Jazzy_Dude.a(LCD_Char_1.o)
 .text.LCD_Char_1_PrintInt32
                0x00000000       0x1c .\CortexM3\ARM_GCC_493\Debug\Jazzy_Dude.a(LCD_Char_1.o)
 .rodata        0x00000000       0x10 .\CortexM3\ARM_GCC_493\Debug\Jazzy_Dude.a(LCD_Char_1.o)
 .text          0x00000000        0x0 .\CortexM3\ARM_GCC_493\Debug\Jazzy_Dude.a(lcd_isr.o)
 .data          0x00000000        0x0 .\CortexM3\ARM_GCC_493\Debug\Jazzy_Dude.a(lcd_isr.o)
 .bss           0x00000000        0x0 .\CortexM3\ARM_GCC_493\Debug\Jazzy_Dude.a(lcd_isr.o)
 .text.lcd_isr_Interrupt
                0x00000000        0x4 .\CortexM3\ARM_GCC_493\Debug\Jazzy_Dude.a(lcd_isr.o)
 .text.lcd_isr_GetVector
                0x00000000        0xc .\CortexM3\ARM_GCC_493\Debug\Jazzy_Dude.a(lcd_isr.o)
 .text.lcd_isr_GetPriority
                0x00000000        0xc .\CortexM3\ARM_GCC_493\Debug\Jazzy_Dude.a(lcd_isr.o)
 .text.lcd_isr_GetState
                0x00000000       0x10 .\CortexM3\ARM_GCC_493\Debug\Jazzy_Dude.a(lcd_isr.o)
 .text.lcd_isr_Start
                0x00000000       0x1c .\CortexM3\ARM_GCC_493\Debug\Jazzy_Dude.a(lcd_isr.o)
 .text.lcd_isr_Stop
                0x00000000       0x14 .\CortexM3\ARM_GCC_493\Debug\Jazzy_Dude.a(lcd_isr.o)
 .text.lcd_isr_SetPending
                0x00000000        0xc .\CortexM3\ARM_GCC_493\Debug\Jazzy_Dude.a(lcd_isr.o)
 .text.lcd_isr_ClearPending
                0x00000000        0xc .\CortexM3\ARM_GCC_493\Debug\Jazzy_Dude.a(lcd_isr.o)
 .text          0x00000000        0x0 .\CortexM3\ARM_GCC_493\Debug\Jazzy_Dude.a(led.o)
 .data          0x00000000        0x0 .\CortexM3\ARM_GCC_493\Debug\Jazzy_Dude.a(led.o)
 .bss           0x00000000        0x0 .\CortexM3\ARM_GCC_493\Debug\Jazzy_Dude.a(led.o)
 .text.led_SetDriveMode
                0x00000000       0x18 .\CortexM3\ARM_GCC_493\Debug\Jazzy_Dude.a(led.o)
 .text.led_ReadDataReg
                0x00000000       0x10 .\CortexM3\ARM_GCC_493\Debug\Jazzy_Dude.a(led.o)
 .text          0x00000000        0x0 .\CortexM3\ARM_GCC_493\Debug\Jazzy_Dude.a(led1.o)
 .data          0x00000000        0x0 .\CortexM3\ARM_GCC_493\Debug\Jazzy_Dude.a(led1.o)
 .bss           0x00000000        0x0 .\CortexM3\ARM_GCC_493\Debug\Jazzy_Dude.a(led1.o)
 .text.led1_SetDriveMode
                0x00000000       0x18 .\CortexM3\ARM_GCC_493\Debug\Jazzy_Dude.a(led1.o)
 .text.led1_ReadDataReg
                0x00000000       0x10 .\CortexM3\ARM_GCC_493\Debug\Jazzy_Dude.a(led1.o)
 .text          0x00000000        0x0 .\CortexM3\ARM_GCC_493\Debug\Jazzy_Dude.a(testy.o)
 .data          0x00000000        0x0 .\CortexM3\ARM_GCC_493\Debug\Jazzy_Dude.a(testy.o)
 .bss           0x00000000        0x0 .\CortexM3\ARM_GCC_493\Debug\Jazzy_Dude.a(testy.o)
 .text.testy_SetDriveMode
                0x00000000       0x18 .\CortexM3\ARM_GCC_493\Debug\Jazzy_Dude.a(testy.o)
 .text.testy_ReadDataReg
                0x00000000       0x10 .\CortexM3\ARM_GCC_493\Debug\Jazzy_Dude.a(testy.o)
 .text          0x00000000        0x0 .\CortexM3\ARM_GCC_493\Debug\Jazzy_Dude.a(CyFlash.o)
 .data          0x00000000        0x0 .\CortexM3\ARM_GCC_493\Debug\Jazzy_Dude.a(CyFlash.o)
 .bss           0x00000000        0x4 .\CortexM3\ARM_GCC_493\Debug\Jazzy_Dude.a(CyFlash.o)
 .text.CyFlashGetSpcAlgorithm
                0x00000000       0x4c .\CortexM3\ARM_GCC_493\Debug\Jazzy_Dude.a(CyFlash.o)
 .text.CySetTempInt
                0x00000000       0x60 .\CortexM3\ARM_GCC_493\Debug\Jazzy_Dude.a(CyFlash.o)
 .text.CyFlash_Start
                0x00000000       0x54 .\CortexM3\ARM_GCC_493\Debug\Jazzy_Dude.a(CyFlash.o)
 .text.CyFlash_Stop
                0x00000000       0x24 .\CortexM3\ARM_GCC_493\Debug\Jazzy_Dude.a(CyFlash.o)
 .text.CySetTemp
                0x00000000       0x14 .\CortexM3\ARM_GCC_493\Debug\Jazzy_Dude.a(CyFlash.o)
 .text.CySetFlashEEBuffer
                0x00000000       0x28 .\CortexM3\ARM_GCC_493\Debug\Jazzy_Dude.a(CyFlash.o)
 .text.CyWriteRowFull
                0x00000000       0xf8 .\CortexM3\ARM_GCC_493\Debug\Jazzy_Dude.a(CyFlash.o)
 .text.CyWriteRowData
                0x00000000       0x14 .\CortexM3\ARM_GCC_493\Debug\Jazzy_Dude.a(CyFlash.o)
 .text.CyFlash_SetWaitCycles
                0x00000000       0x7c .\CortexM3\ARM_GCC_493\Debug\Jazzy_Dude.a(CyFlash.o)
 .text.CyEEPROM_Start
                0x00000000       0x54 .\CortexM3\ARM_GCC_493\Debug\Jazzy_Dude.a(CyFlash.o)
 .text.CyEEPROM_Stop
                0x00000000       0x24 .\CortexM3\ARM_GCC_493\Debug\Jazzy_Dude.a(CyFlash.o)
 .text.CyEEPROM_ReadReserve
                0x00000000       0x1c .\CortexM3\ARM_GCC_493\Debug\Jazzy_Dude.a(CyFlash.o)
 .text.CyEEPROM_ReadRelease
                0x00000000       0x10 .\CortexM3\ARM_GCC_493\Debug\Jazzy_Dude.a(CyFlash.o)
 COMMON         0x00000000        0x2 .\CortexM3\ARM_GCC_493\Debug\Jazzy_Dude.a(CyFlash.o)
 .text          0x00000000        0x0 .\CortexM3\ARM_GCC_493\Debug\Jazzy_Dude.a(CySpc.o)
 .data          0x00000000        0x0 .\CortexM3\ARM_GCC_493\Debug\Jazzy_Dude.a(CySpc.o)
 .bss           0x00000000        0x8 .\CortexM3\ARM_GCC_493\Debug\Jazzy_Dude.a(CySpc.o)
 .text.CySpcStart
                0x00000000       0x24 .\CortexM3\ARM_GCC_493\Debug\Jazzy_Dude.a(CySpc.o)
 .text.CySpcStop
                0x00000000       0x24 .\CortexM3\ARM_GCC_493\Debug\Jazzy_Dude.a(CySpc.o)
 .text.CySpcReadData
                0x00000000       0x34 .\CortexM3\ARM_GCC_493\Debug\Jazzy_Dude.a(CySpc.o)
 .text.CySpcLoadMultiByte
                0x00000000       0x78 .\CortexM3\ARM_GCC_493\Debug\Jazzy_Dude.a(CySpc.o)
 .text.CySpcLoadRow
                0x00000000       0x54 .\CortexM3\ARM_GCC_493\Debug\Jazzy_Dude.a(CySpc.o)
 .text.CySpcLoadRowFull
                0x00000000       0x80 .\CortexM3\ARM_GCC_493\Debug\Jazzy_Dude.a(CySpc.o)
 .text.CySpcWriteRow
                0x00000000       0x4c .\CortexM3\ARM_GCC_493\Debug\Jazzy_Dude.a(CySpc.o)
 .text.CySpcEraseSector
                0x00000000       0x3c .\CortexM3\ARM_GCC_493\Debug\Jazzy_Dude.a(CySpc.o)
 .text.CySpcGetTemp
                0x00000000       0x3c .\CortexM3\ARM_GCC_493\Debug\Jazzy_Dude.a(CySpc.o)
 .text.CySpcLock
                0x00000000       0x4c .\CortexM3\ARM_GCC_493\Debug\Jazzy_Dude.a(CySpc.o)
 .text.CySpcUnlock
                0x00000000       0x38 .\CortexM3\ARM_GCC_493\Debug\Jazzy_Dude.a(CySpc.o)
 .text.CySpcGetAlgorithm
                0x00000000       0x28 .\CortexM3\ARM_GCC_493\Debug\Jazzy_Dude.a(CySpc.o)
 .data          0x00000000        0x0 c:/program files (x86)/cypress/psoc creator/3.3/psoc creator/import/gnu/arm/4.9.3/bin/../lib/gcc/arm-none-eabi/4.9.3/armv7-m\libgcc.a(_arm_addsubdf3.o)
 .bss           0x00000000        0x0 c:/program files (x86)/cypress/psoc creator/3.3/psoc creator/import/gnu/arm/4.9.3/bin/../lib/gcc/arm-none-eabi/4.9.3/armv7-m\libgcc.a(_arm_addsubdf3.o)
 .data          0x00000000        0x0 c:/program files (x86)/cypress/psoc creator/3.3/psoc creator/import/gnu/arm/4.9.3/bin/../lib/gcc/arm-none-eabi/4.9.3/armv7-m\libgcc.a(_arm_muldivdf3.o)
 .bss           0x00000000        0x0 c:/program files (x86)/cypress/psoc creator/3.3/psoc creator/import/gnu/arm/4.9.3/bin/../lib/gcc/arm-none-eabi/4.9.3/armv7-m\libgcc.a(_arm_muldivdf3.o)
 .data          0x00000000        0x0 c:/program files (x86)/cypress/psoc creator/3.3/psoc creator/import/gnu/arm/4.9.3/bin/../lib/gcc/arm-none-eabi/4.9.3/armv7-m\libgcc.a(_arm_fixunsdfsi.o)
 .bss           0x00000000        0x0 c:/program files (x86)/cypress/psoc creator/3.3/psoc creator/import/gnu/arm/4.9.3/bin/../lib/gcc/arm-none-eabi/4.9.3/armv7-m\libgcc.a(_arm_fixunsdfsi.o)
 .data          0x00000000        0x0 c:/program files (x86)/cypress/psoc creator/3.3/psoc creator/import/gnu/arm/4.9.3/bin/../lib/gcc/arm-none-eabi/4.9.3/armv7-m\libgcc.a(_arm_addsubsf3.o)
 .bss           0x00000000        0x0 c:/program files (x86)/cypress/psoc creator/3.3/psoc creator/import/gnu/arm/4.9.3/bin/../lib/gcc/arm-none-eabi/4.9.3/armv7-m\libgcc.a(_arm_addsubsf3.o)
 .data          0x00000000        0x0 c:/program files (x86)/cypress/psoc creator/3.3/psoc creator/import/gnu/arm/4.9.3/bin/../lib/gcc/arm-none-eabi/4.9.3/armv7-m\libgcc.a(_arm_muldivsf3.o)
 .bss           0x00000000        0x0 c:/program files (x86)/cypress/psoc creator/3.3/psoc creator/import/gnu/arm/4.9.3/bin/../lib/gcc/arm-none-eabi/4.9.3/armv7-m\libgcc.a(_arm_muldivsf3.o)
 .data          0x00000000        0x0 c:/program files (x86)/cypress/psoc creator/3.3/psoc creator/import/gnu/arm/4.9.3/bin/../lib/gcc/arm-none-eabi/4.9.3/armv7-m\libgcc.a(_arm_cmpsf2.o)
 .bss           0x00000000        0x0 c:/program files (x86)/cypress/psoc creator/3.3/psoc creator/import/gnu/arm/4.9.3/bin/../lib/gcc/arm-none-eabi/4.9.3/armv7-m\libgcc.a(_arm_cmpsf2.o)
 .data          0x00000000        0x0 c:/program files (x86)/cypress/psoc creator/3.3/psoc creator/import/gnu/arm/4.9.3/bin/../lib/gcc/arm-none-eabi/4.9.3/armv7-m\libgcc.a(_arm_fixunssfsi.o)
 .bss           0x00000000        0x0 c:/program files (x86)/cypress/psoc creator/3.3/psoc creator/import/gnu/arm/4.9.3/bin/../lib/gcc/arm-none-eabi/4.9.3/armv7-m\libgcc.a(_arm_fixunssfsi.o)
 .text          0x00000000        0x0 c:/program files (x86)/cypress/psoc creator/3.3/psoc creator/import/gnu/arm/4.9.3/bin/../lib/gcc/arm-none-eabi/4.9.3/../../../../arm-none-eabi/lib/armv7-m\libg_nano.a(lib_a-errno.o)
 .data          0x00000000        0x0 c:/program files (x86)/cypress/psoc creator/3.3/psoc creator/import/gnu/arm/4.9.3/bin/../lib/gcc/arm-none-eabi/4.9.3/../../../../arm-none-eabi/lib/armv7-m\libg_nano.a(lib_a-errno.o)
 .bss           0x00000000        0x0 c:/program files (x86)/cypress/psoc creator/3.3/psoc creator/import/gnu/arm/4.9.3/bin/../lib/gcc/arm-none-eabi/4.9.3/../../../../arm-none-eabi/lib/armv7-m\libg_nano.a(lib_a-errno.o)
 .text.__errno  0x00000000        0xc c:/program files (x86)/cypress/psoc creator/3.3/psoc creator/import/gnu/arm/4.9.3/bin/../lib/gcc/arm-none-eabi/4.9.3/../../../../arm-none-eabi/lib/armv7-m\libg_nano.a(lib_a-errno.o)
 .text          0x00000000        0x0 c:/program files (x86)/cypress/psoc creator/3.3/psoc creator/import/gnu/arm/4.9.3/bin/../lib/gcc/arm-none-eabi/4.9.3/../../../../arm-none-eabi/lib/armv7-m\libg_nano.a(lib_a-exit.o)
 .data          0x00000000        0x0 c:/program files (x86)/cypress/psoc creator/3.3/psoc creator/import/gnu/arm/4.9.3/bin/../lib/gcc/arm-none-eabi/4.9.3/../../../../arm-none-eabi/lib/armv7-m\libg_nano.a(lib_a-exit.o)
 .bss           0x00000000        0x0 c:/program files (x86)/cypress/psoc creator/3.3/psoc creator/import/gnu/arm/4.9.3/bin/../lib/gcc/arm-none-eabi/4.9.3/../../../../arm-none-eabi/lib/armv7-m\libg_nano.a(lib_a-exit.o)
 .text.exit     0x00000000       0x28 c:/program files (x86)/cypress/psoc creator/3.3/psoc creator/import/gnu/arm/4.9.3/bin/../lib/gcc/arm-none-eabi/4.9.3/../../../../arm-none-eabi/lib/armv7-m\libg_nano.a(lib_a-exit.o)
 .text          0x00000000        0x0 c:/program files (x86)/cypress/psoc creator/3.3/psoc creator/import/gnu/arm/4.9.3/bin/../lib/gcc/arm-none-eabi/4.9.3/../../../../arm-none-eabi/lib/armv7-m\libg_nano.a(lib_a-impure.o)
 .data          0x00000000        0x0 c:/program files (x86)/cypress/psoc creator/3.3/psoc creator/import/gnu/arm/4.9.3/bin/../lib/gcc/arm-none-eabi/4.9.3/../../../../arm-none-eabi/lib/armv7-m\libg_nano.a(lib_a-impure.o)
 .bss           0x00000000        0x0 c:/program files (x86)/cypress/psoc creator/3.3/psoc creator/import/gnu/arm/4.9.3/bin/../lib/gcc/arm-none-eabi/4.9.3/../../../../arm-none-eabi/lib/armv7-m\libg_nano.a(lib_a-impure.o)
 .data.impure_data
                0x00000000       0x60 c:/program files (x86)/cypress/psoc creator/3.3/psoc creator/import/gnu/arm/4.9.3/bin/../lib/gcc/arm-none-eabi/4.9.3/../../../../arm-none-eabi/lib/armv7-m\libg_nano.a(lib_a-impure.o)
 .data._impure_ptr
                0x00000000        0x4 c:/program files (x86)/cypress/psoc creator/3.3/psoc creator/import/gnu/arm/4.9.3/bin/../lib/gcc/arm-none-eabi/4.9.3/../../../../arm-none-eabi/lib/armv7-m\libg_nano.a(lib_a-impure.o)
 .rodata.str1.1
                0x00000000        0x2 c:/program files (x86)/cypress/psoc creator/3.3/psoc creator/import/gnu/arm/4.9.3/bin/../lib/gcc/arm-none-eabi/4.9.3/../../../../arm-none-eabi/lib/armv7-m\libg_nano.a(lib_a-impure.o)
 .rodata._global_impure_ptr
                0x00000000        0x4 c:/program files (x86)/cypress/psoc creator/3.3/psoc creator/import/gnu/arm/4.9.3/bin/../lib/gcc/arm-none-eabi/4.9.3/../../../../arm-none-eabi/lib/armv7-m\libg_nano.a(lib_a-impure.o)
 .text          0x00000000        0x0 c:/program files (x86)/cypress/psoc creator/3.3/psoc creator/import/gnu/arm/4.9.3/bin/../lib/gcc/arm-none-eabi/4.9.3/../../../../arm-none-eabi/lib/armv7-m\libg_nano.a(lib_a-init.o)
 .data          0x00000000        0x0 c:/program files (x86)/cypress/psoc creator/3.3/psoc creator/import/gnu/arm/4.9.3/bin/../lib/gcc/arm-none-eabi/4.9.3/../../../../arm-none-eabi/lib/armv7-m\libg_nano.a(lib_a-init.o)
 .bss           0x00000000        0x0 c:/program files (x86)/cypress/psoc creator/3.3/psoc creator/import/gnu/arm/4.9.3/bin/../lib/gcc/arm-none-eabi/4.9.3/../../../../arm-none-eabi/lib/armv7-m\libg_nano.a(lib_a-init.o)
 .text          0x00000000        0x0 c:/program files (x86)/cypress/psoc creator/3.3/psoc creator/import/gnu/arm/4.9.3/bin/../lib/gcc/arm-none-eabi/4.9.3/../../../../arm-none-eabi/lib/armv7-m\libg_nano.a(lib_a-memcpy.o)
 .data          0x00000000        0x0 c:/program files (x86)/cypress/psoc creator/3.3/psoc creator/import/gnu/arm/4.9.3/bin/../lib/gcc/arm-none-eabi/4.9.3/../../../../arm-none-eabi/lib/armv7-m\libg_nano.a(lib_a-memcpy.o)
 .bss           0x00000000        0x0 c:/program files (x86)/cypress/psoc creator/3.3/psoc creator/import/gnu/arm/4.9.3/bin/../lib/gcc/arm-none-eabi/4.9.3/../../../../arm-none-eabi/lib/armv7-m\libg_nano.a(lib_a-memcpy.o)
 .text          0x00000000        0x0 c:/program files (x86)/cypress/psoc creator/3.3/psoc creator/import/gnu/arm/4.9.3/bin/../lib/gcc/arm-none-eabi/4.9.3/../../../../arm-none-eabi/lib/armv7-m\libg_nano.a(lib_a-memset.o)
 .data          0x00000000        0x0 c:/program files (x86)/cypress/psoc creator/3.3/psoc creator/import/gnu/arm/4.9.3/bin/../lib/gcc/arm-none-eabi/4.9.3/../../../../arm-none-eabi/lib/armv7-m\libg_nano.a(lib_a-memset.o)
 .bss           0x00000000        0x0 c:/program files (x86)/cypress/psoc creator/3.3/psoc creator/import/gnu/arm/4.9.3/bin/../lib/gcc/arm-none-eabi/4.9.3/../../../../arm-none-eabi/lib/armv7-m\libg_nano.a(lib_a-memset.o)
 .text          0x00000000        0x0 c:/program files (x86)/cypress/psoc creator/3.3/psoc creator/import/gnu/arm/4.9.3/bin/../lib/gcc/arm-none-eabi/4.9.3/armv7-m/crtend.o
 .data          0x00000000        0x0 c:/program files (x86)/cypress/psoc creator/3.3/psoc creator/import/gnu/arm/4.9.3/bin/../lib/gcc/arm-none-eabi/4.9.3/armv7-m/crtend.o
 .bss           0x00000000        0x0 c:/program files (x86)/cypress/psoc creator/3.3/psoc creator/import/gnu/arm/4.9.3/bin/../lib/gcc/arm-none-eabi/4.9.3/armv7-m/crtend.o
 .text          0x00000000        0x0 c:/program files (x86)/cypress/psoc creator/3.3/psoc creator/import/gnu/arm/4.9.3/bin/../lib/gcc/arm-none-eabi/4.9.3/armv7-m/crtn.o
 .data          0x00000000        0x0 c:/program files (x86)/cypress/psoc creator/3.3/psoc creator/import/gnu/arm/4.9.3/bin/../lib/gcc/arm-none-eabi/4.9.3/armv7-m/crtn.o
 .bss           0x00000000        0x0 c:/program files (x86)/cypress/psoc creator/3.3/psoc creator/import/gnu/arm/4.9.3/bin/../lib/gcc/arm-none-eabi/4.9.3/armv7-m/crtn.o

Memory Configuration

Name             Origin             Length             Attributes
rom              0x00000000         0x00040000         xr
ram              0x1fff8000         0x00010000         xrw
*default*        0x00000000         0xffffffff

Linker script and memory map

LOAD c:/program files (x86)/cypress/psoc creator/3.3/psoc creator/import/gnu/arm/4.9.3/bin/../lib/gcc/arm-none-eabi/4.9.3/armv7-m/crti.o
LOAD c:/program files (x86)/cypress/psoc creator/3.3/psoc creator/import/gnu/arm/4.9.3/bin/../lib/gcc/arm-none-eabi/4.9.3/armv7-m/crtbegin.o
LOAD c:/program files (x86)/cypress/psoc creator/3.3/psoc creator/import/gnu/arm/4.9.3/bin/../lib/gcc/arm-none-eabi/4.9.3/../../../../arm-none-eabi/lib/armv7-m/crt0.o
START GROUP
LOAD .\CortexM3\ARM_GCC_493\Debug\main.o
LOAD .\CortexM3\ARM_GCC_493\Debug\cymetadata.o
LOAD .\CortexM3\ARM_GCC_493\Debug\Cm3Start.o
LOAD .\CortexM3\ARM_GCC_493\Debug\Jazzy_Dude.a
LOAD C:\Program Files (x86)\Cypress\PSoC Creator\3.3\PSoC Creator\psoc\content\cycomponentlibrary\CyComponentLibrary.cylib\CortexM3\ARM_GCC_493\Debug\CyComponentLibrary.a
END GROUP
START GROUP
LOAD c:/program files (x86)/cypress/psoc creator/3.3/psoc creator/import/gnu/arm/4.9.3/bin/../lib/gcc/arm-none-eabi/4.9.3/armv7-m\libgcc.a
LOAD c:/program files (x86)/cypress/psoc creator/3.3/psoc creator/import/gnu/arm/4.9.3/bin/../lib/gcc/arm-none-eabi/4.9.3/../../../../arm-none-eabi/lib/armv7-m\libg_nano.a
LOAD c:/program files (x86)/cypress/psoc creator/3.3/psoc creator/import/gnu/arm/4.9.3/bin/../lib/gcc/arm-none-eabi/4.9.3/../../../../arm-none-eabi/lib/armv7-m\libc_nano.a
END GROUP
START GROUP
LOAD c:/program files (x86)/cypress/psoc creator/3.3/psoc creator/import/gnu/arm/4.9.3/bin/../lib/gcc/arm-none-eabi/4.9.3/armv7-m\libgcc.a
LOAD c:/program files (x86)/cypress/psoc creator/3.3/psoc creator/import/gnu/arm/4.9.3/bin/../lib/gcc/arm-none-eabi/4.9.3/../../../../arm-none-eabi/lib/armv7-m\libc_nano.a
END GROUP
LOAD c:/program files (x86)/cypress/psoc creator/3.3/psoc creator/import/gnu/arm/4.9.3/bin/../lib/gcc/arm-none-eabi/4.9.3/armv7-m/crtend.o
LOAD c:/program files (x86)/cypress/psoc creator/3.3/psoc creator/import/gnu/arm/4.9.3/bin/../lib/gcc/arm-none-eabi/4.9.3/armv7-m/crtn.o
START GROUP
LOAD c:/program files (x86)/cypress/psoc creator/3.3/psoc creator/import/gnu/arm/4.9.3/bin/../lib/gcc/arm-none-eabi/4.9.3/armv7-m\libgcc.a
LOAD c:/program files (x86)/cypress/psoc creator/3.3/psoc creator/import/gnu/arm/4.9.3/bin/../lib/gcc/arm-none-eabi/4.9.3/../../../../arm-none-eabi/lib/armv7-m\libc.a
LOAD c:/program files (x86)/cypress/psoc creator/3.3/psoc creator/import/gnu/arm/4.9.3/bin/../lib/gcc/arm-none-eabi/4.9.3/../../../../arm-none-eabi/lib/armv7-m\libnosys.a
END GROUP
                0x00000000                CY_APPL_ORIGIN = 0x0
                0x00000100                CY_FLASH_ROW_SIZE = 0x100
                0x00000020                CY_ECC_ROW_SIZE = 0x20
                0x00000000                CY_EE_IN_BTLDR = 0x0
                0x00000000                CY_APPL_LOADABLE = 0x0
                0x00000800                CY_EE_SIZE = 0x800
                0x00000001                CY_APPL_NUM = 0x1
                0x00000001                CY_APPL_MAX = 0x1
                0x00000040                CY_METADATA_SIZE = 0x40
                0x00000000                CY_APPL_LOADABLE = 0x0
                0x00000000                CY_CHECKSUM_EXCLUDE_SIZE = ALIGN (0x0, CY_FLASH_ROW_SIZE)
                0x1fff8190                PROVIDE (__cy_heap_start, _end)
                0x00000001                PROVIDE (__cy_region_num, ((__cy_regions_end - __cy_regions) / 0x10))
                0x20008000                PROVIDE (__cy_stack, (ORIGIN (ram) + 0x10000))
                0x20007800                PROVIDE (__cy_heap_end, (__cy_stack - 0x800))

.cybootloader   0x00000000        0x0
 *(.cybootloader)
                0x00000000                appl1_start = CY_APPL_ORIGIN?CY_APPL_ORIGIN:ALIGN (CY_FLASH_ROW_SIZE)
                0x0001ff00                appl2_start = (appl1_start + ALIGN ((((0x40000 - appl1_start) - (0x2 * CY_FLASH_ROW_SIZE)) / 0x2), CY_FLASH_ROW_SIZE))
                0x00000000                appl_start = (CY_APPL_NUM == 0x1)?appl1_start:appl2_start
                0x00000000                ecc_offset = ((appl_start / CY_FLASH_ROW_SIZE) * CY_ECC_ROW_SIZE)
                0x00000000                ee_offset = (CY_APPL_LOADABLE && ! (CY_EE_IN_BTLDR))?((CY_EE_SIZE / CY_APPL_MAX) * (CY_APPL_NUM - 0x1)):0x0
                0x00000800                ee_size = (CY_APPL_LOADABLE && ! (CY_EE_IN_BTLDR))?(CY_EE_SIZE / CY_APPL_MAX):CY_EE_SIZE
                0x00000000                PROVIDE (CY_ECC_OFFSET, ecc_offset)

.text           0x00000000     0x1a36
 CREATE_OBJECT_SYMBOLS
                0x00000000                PROVIDE (__cy_interrupt_vector, RomVectors)
 *(.romvectors)
 .romvectors    0x00000000       0x10 .\CortexM3\ARM_GCC_493\Debug\Cm3Start.o
                0x00000000                RomVectors
                0x00000001                ASSERT ((. != __cy_interrupt_vector), No interrupt vector)
                0x00000001                ASSERT (CY_APPL_ORIGIN?(SIZEOF (.cybootloader) <= CY_APPL_ORIGIN):0x1, Wrong image location)
                0x00000010                PROVIDE (__cy_reset, Reset)
 *(.text.Reset)
 .text.Reset    0x00000010       0x18 .\CortexM3\ARM_GCC_493\Debug\Cm3Start.o
                0x00000010                Reset
                0x00000001                ASSERT ((. != __cy_reset), No reset code)
 *(.dma_init)
                0x00000001                ASSERT ((((appl_start + .) <= 0x10000) || 0x1), DMA Init must be within the first 64k of flash)
 *(.text .text.* .gnu.linkonce.t.*)
 .text          0x00000028       0x5c c:/program files (x86)/cypress/psoc creator/3.3/psoc creator/import/gnu/arm/4.9.3/bin/../lib/gcc/arm-none-eabi/4.9.3/armv7-m/crtbegin.o
 .text.Lcd_ISR  0x00000084       0x18 .\CortexM3\ARM_GCC_493\Debug\main.o
                0x00000084                Lcd_ISR
 .text.Sax_Env_Init
                0x0000009c       0x5c .\CortexM3\ARM_GCC_493\Debug\main.o
                0x0000009c                Sax_Env_Init
 .text.Envelope_Pressed
                0x000000f8       0x14 .\CortexM3\ARM_GCC_493\Debug\main.o
                0x000000f8                Envelope_Pressed
 .text.Envelope_Release
                0x0000010c        0xc .\CortexM3\ARM_GCC_493\Debug\main.o
                0x0000010c                Envelope_Release
 .text.calc_phase
                0x00000118       0x30 .\CortexM3\ARM_GCC_493\Debug\main.o
                0x00000118                calc_phase
 .text.Envelope_Process
                0x00000148       0xa4 .\CortexM3\ARM_GCC_493\Debug\main.o
                0x00000148                Envelope_Process
 .text.Sax_ISR  0x000001ec       0xac .\CortexM3\ARM_GCC_493\Debug\main.o
                0x000001ec                Sax_ISR
 .text.play_sax
                0x00000298       0xb0 .\CortexM3\ARM_GCC_493\Debug\main.o
                0x00000298                play_sax
 .text.main     0x00000348       0xb8 .\CortexM3\ARM_GCC_493\Debug\main.o
                0x00000348                main
 .text.IntDefaultHandler
                0x00000400        0x4 .\CortexM3\ARM_GCC_493\Debug\Cm3Start.o
                0x00000400                IntDefaultHandler
 .text.Start_c  0x00000404       0x4c .\CortexM3\ARM_GCC_493\Debug\Cm3Start.o
                0x00000404                Start_c
 .text.initialize_psoc
                0x00000450       0x74 .\CortexM3\ARM_GCC_493\Debug\Cm3Start.o
                0x00000450                initialize_psoc
 .text.CyClockStartupError
                0x000004c4        0x4 .\CortexM3\ARM_GCC_493\Debug\Jazzy_Dude.a(cyfitter_cfg.o)
 .text.cfg_write_bytes32
                0x000004c8       0x34 .\CortexM3\ARM_GCC_493\Debug\Jazzy_Dude.a(cyfitter_cfg.o)
 .text.AnalogSetDefault
                0x000004fc       0x38 .\CortexM3\ARM_GCC_493\Debug\Jazzy_Dude.a(cyfitter_cfg.o)
 .text.CYMEMZERO
                0x00000534        0xc .\CortexM3\ARM_GCC_493\Debug\Jazzy_Dude.a(cyfitter_cfg.o)
 .text.ClockSetup
                0x00000540       0xc4 .\CortexM3\ARM_GCC_493\Debug\Jazzy_Dude.a(cyfitter_cfg.o)
 .text.CYCONFIGCPY
                0x00000604        0x8 .\CortexM3\ARM_GCC_493\Debug\Jazzy_Dude.a(cyfitter_cfg.o)
 .text.cyfitter_cfg
                0x0000060c       0xdc .\CortexM3\ARM_GCC_493\Debug\Jazzy_Dude.a(cyfitter_cfg.o)
                0x0000060c                cyfitter_cfg
 .text          0x000006e8       0x20 .\CortexM3\ARM_GCC_493\Debug\Jazzy_Dude.a(CyBootAsmGnu.o)
                0x000006e8                CyDelayCycles
                0x000006f8                CyEnterCriticalSection
                0x00000700                CyExitCriticalSection
 .text.CyDelay  0x00000708       0x2c .\CortexM3\ARM_GCC_493\Debug\Jazzy_Dude.a(CyLib.o)
                0x00000708                CyDelay
 .text.CyDelayUs
                0x00000734       0x14 .\CortexM3\ARM_GCC_493\Debug\Jazzy_Dude.a(CyLib.o)
                0x00000734                CyDelayUs
 .text.SaxDac_Enable
                0x00000748       0x1c .\CortexM3\ARM_GCC_493\Debug\Jazzy_Dude.a(SaxDac.o)
                0x00000748                SaxDac_Enable
 .text.SaxDac_SetSpeed
                0x00000764       0x1c .\CortexM3\ARM_GCC_493\Debug\Jazzy_Dude.a(SaxDac.o)
                0x00000764                SaxDac_SetSpeed
 .text.SaxDac_SetValue
                0x00000780        0xc .\CortexM3\ARM_GCC_493\Debug\Jazzy_Dude.a(SaxDac.o)
                0x00000780                SaxDac_SetValue
 .text.SaxDac_DacTrim
                0x0000078c       0x24 .\CortexM3\ARM_GCC_493\Debug\Jazzy_Dude.a(SaxDac.o)
                0x0000078c                SaxDac_DacTrim
 .text.SaxDac_SetRange
                0x000007b0       0x20 .\CortexM3\ARM_GCC_493\Debug\Jazzy_Dude.a(SaxDac.o)
                0x000007b0                SaxDac_SetRange
 .text.SaxDac_Init
                0x000007d0       0x1c .\CortexM3\ARM_GCC_493\Debug\Jazzy_Dude.a(SaxDac.o)
                0x000007d0                SaxDac_Init
 .text.SaxDac_Start
                0x000007ec       0x24 .\CortexM3\ARM_GCC_493\Debug\Jazzy_Dude.a(SaxDac.o)
                0x000007ec                SaxDac_Start
 .text.sax_isr_SetVector
                0x00000810        0xc .\CortexM3\ARM_GCC_493\Debug\Jazzy_Dude.a(sax_isr.o)
                0x00000810                sax_isr_SetVector
 .text.sax_isr_SetPriority
                0x0000081c       0x10 .\CortexM3\ARM_GCC_493\Debug\Jazzy_Dude.a(sax_isr.o)
                0x0000081c                sax_isr_SetPriority
 .text.sax_isr_Enable
                0x0000082c        0xc .\CortexM3\ARM_GCC_493\Debug\Jazzy_Dude.a(sax_isr.o)
                0x0000082c                sax_isr_Enable
 .text.sax_isr_Disable
                0x00000838        0xc .\CortexM3\ARM_GCC_493\Debug\Jazzy_Dude.a(sax_isr.o)
                0x00000838                sax_isr_Disable
 .text.sax_isr_StartEx
                0x00000844       0x1c .\CortexM3\ARM_GCC_493\Debug\Jazzy_Dude.a(sax_isr.o)
                0x00000844                sax_isr_StartEx
 .text.LCD_Char_1_WrCntrlNib
                0x00000860       0x34 .\CortexM3\ARM_GCC_493\Debug\Jazzy_Dude.a(LCD_Char_1.o)
 .text.LCD_Char_1_WrDatNib
                0x00000894       0x44 .\CortexM3\ARM_GCC_493\Debug\Jazzy_Dude.a(LCD_Char_1.o)
 .text.LCD_Char_1_IsReady
                0x000008d8       0xe4 .\CortexM3\ARM_GCC_493\Debug\Jazzy_Dude.a(LCD_Char_1.o)
                0x000008d8                LCD_Char_1_IsReady
 .text.LCD_Char_1_WriteData
                0x000009bc       0x18 .\CortexM3\ARM_GCC_493\Debug\Jazzy_Dude.a(LCD_Char_1.o)
                0x000009bc                LCD_Char_1_WriteData
 .text.LCD_Char_1_PrintString
                0x000009d4       0x1c .\CortexM3\ARM_GCC_493\Debug\Jazzy_Dude.a(LCD_Char_1.o)
                0x000009d4                LCD_Char_1_PrintString
 .text.LCD_Char_1_WriteControl
                0x000009f0       0x18 .\CortexM3\ARM_GCC_493\Debug\Jazzy_Dude.a(LCD_Char_1.o)
                0x000009f0                LCD_Char_1_WriteControl
 .text.LCD_Char_1_Init
                0x00000a08       0x6c .\CortexM3\ARM_GCC_493\Debug\Jazzy_Dude.a(LCD_Char_1.o)
                0x00000a08                LCD_Char_1_Init
 .text.LCD_Char_1_Enable
                0x00000a74       0x14 .\CortexM3\ARM_GCC_493\Debug\Jazzy_Dude.a(LCD_Char_1.o)
                0x00000a74                LCD_Char_1_Enable
 .text.LCD_Char_1_Start
                0x00000a88       0x1c .\CortexM3\ARM_GCC_493\Debug\Jazzy_Dude.a(LCD_Char_1.o)
                0x00000a88                LCD_Char_1_Start
 .text.LCD_Char_1_Position
                0x00000aa4       0x3c .\CortexM3\ARM_GCC_493\Debug\Jazzy_Dude.a(LCD_Char_1.o)
                0x00000aa4                LCD_Char_1_Position
 .text.LCD_Char_1_PrintU32Number
                0x00000ae0       0x60 .\CortexM3\ARM_GCC_493\Debug\Jazzy_Dude.a(LCD_Char_1.o)
                0x00000ae0                LCD_Char_1_PrintU32Number
 .text.lcd_isr_SetVector
                0x00000b40        0xc .\CortexM3\ARM_GCC_493\Debug\Jazzy_Dude.a(lcd_isr.o)
                0x00000b40                lcd_isr_SetVector
 .text.lcd_isr_SetPriority
                0x00000b4c       0x10 .\CortexM3\ARM_GCC_493\Debug\Jazzy_Dude.a(lcd_isr.o)
                0x00000b4c                lcd_isr_SetPriority
 .text.lcd_isr_Enable
                0x00000b5c        0xc .\CortexM3\ARM_GCC_493\Debug\Jazzy_Dude.a(lcd_isr.o)
                0x00000b5c                lcd_isr_Enable
 .text.lcd_isr_Disable
                0x00000b68        0xc .\CortexM3\ARM_GCC_493\Debug\Jazzy_Dude.a(lcd_isr.o)
                0x00000b68                lcd_isr_Disable
 .text.lcd_isr_StartEx
                0x00000b74       0x1c .\CortexM3\ARM_GCC_493\Debug\Jazzy_Dude.a(lcd_isr.o)
                0x00000b74                lcd_isr_StartEx
 .text.led_Write
                0x00000b90       0x18 .\CortexM3\ARM_GCC_493\Debug\Jazzy_Dude.a(led.o)
                0x00000b90                led_Write
 .text.led_Read
                0x00000ba8       0x10 .\CortexM3\ARM_GCC_493\Debug\Jazzy_Dude.a(led.o)
                0x00000ba8                led_Read
 .text.led1_Write
                0x00000bb8       0x18 .\CortexM3\ARM_GCC_493\Debug\Jazzy_Dude.a(led1.o)
                0x00000bb8                led1_Write
 .text.led1_Read
                0x00000bd0       0x10 .\CortexM3\ARM_GCC_493\Debug\Jazzy_Dude.a(led1.o)
                0x00000bd0                led1_Read
 .text.testy_Write
                0x00000be0       0x18 .\CortexM3\ARM_GCC_493\Debug\Jazzy_Dude.a(testy.o)
                0x00000be0                testy_Write
 .text.testy_Read
                0x00000bf8       0x10 .\CortexM3\ARM_GCC_493\Debug\Jazzy_Dude.a(testy.o)
                0x00000bf8                testy_Read
 .text          0x00000c08      0x370 c:/program files (x86)/cypress/psoc creator/3.3/psoc creator/import/gnu/arm/4.9.3/bin/../lib/gcc/arm-none-eabi/4.9.3/armv7-m\libgcc.a(_arm_addsubdf3.o)
                0x00000c08                __aeabi_drsub
                0x00000c10                __aeabi_dsub
                0x00000c10                __subdf3
                0x00000c14                __aeabi_dadd
                0x00000c14                __adddf3
                0x00000e8c                __floatunsidf
                0x00000e8c                __aeabi_ui2d
                0x00000eac                __floatsidf
                0x00000eac                __aeabi_i2d
                0x00000ed0                __aeabi_f2d
                0x00000ed0                __extendsfdf2
                0x00000f0c                __floatundidf
                0x00000f0c                __aeabi_ul2d
                0x00000f1c                __floatdidf
                0x00000f1c                __aeabi_l2d
 .text          0x00000f78      0x424 c:/program files (x86)/cypress/psoc creator/3.3/psoc creator/import/gnu/arm/4.9.3/bin/../lib/gcc/arm-none-eabi/4.9.3/armv7-m\libgcc.a(_arm_muldivdf3.o)
                0x00000f78                __aeabi_dmul
                0x00000f78                __muldf3
                0x000011cc                __divdf3
                0x000011cc                __aeabi_ddiv
 .text          0x0000139c       0x40 c:/program files (x86)/cypress/psoc creator/3.3/psoc creator/import/gnu/arm/4.9.3/bin/../lib/gcc/arm-none-eabi/4.9.3/armv7-m\libgcc.a(_arm_fixunsdfsi.o)
                0x0000139c                __aeabi_d2uiz
                0x0000139c                __fixunsdfsi
 .text          0x000013dc      0x21c c:/program files (x86)/cypress/psoc creator/3.3/psoc creator/import/gnu/arm/4.9.3/bin/../lib/gcc/arm-none-eabi/4.9.3/armv7-m\libgcc.a(_arm_addsubsf3.o)
                0x000013dc                __aeabi_frsub
                0x000013e4                __subsf3
                0x000013e4                __aeabi_fsub
                0x000013e8                __aeabi_fadd
                0x000013e8                __addsf3
                0x00001548                __aeabi_ui2f
                0x00001548                __floatunsisf
                0x00001550                __aeabi_i2f
                0x00001550                __floatsisf
                0x0000156c                __aeabi_ul2f
                0x0000156c                __floatundisf
                0x0000157c                __aeabi_l2f
                0x0000157c                __floatdisf
 .text          0x000015f8      0x2a0 c:/program files (x86)/cypress/psoc creator/3.3/psoc creator/import/gnu/arm/4.9.3/bin/../lib/gcc/arm-none-eabi/4.9.3/armv7-m\libgcc.a(_arm_muldivsf3.o)
                0x000015f8                __mulsf3
                0x000015f8                __aeabi_fmul
                0x00001760                __aeabi_fdiv
                0x00001760                __divsf3
 .text          0x00001898       0xec c:/program files (x86)/cypress/psoc creator/3.3/psoc creator/import/gnu/arm/4.9.3/bin/../lib/gcc/arm-none-eabi/4.9.3/armv7-m\libgcc.a(_arm_cmpsf2.o)
                0x00001898                __gesf2
                0x00001898                __gtsf2
                0x000018a0                __lesf2
                0x000018a0                __ltsf2
                0x000018a8                __nesf2
                0x000018a8                __eqsf2
                0x000018a8                __cmpsf2
                0x00001908                __aeabi_cfrcmple
                0x00001910                __aeabi_cfcmpeq
                0x00001910                __aeabi_cfcmple
                0x00001920                __aeabi_fcmpeq
                0x00001934                __aeabi_fcmplt
                0x00001948                __aeabi_fcmple
                0x0000195c                __aeabi_fcmpge
                0x00001970                __aeabi_fcmpgt
 .text          0x00001984       0x40 c:/program files (x86)/cypress/psoc creator/3.3/psoc creator/import/gnu/arm/4.9.3/bin/../lib/gcc/arm-none-eabi/4.9.3/armv7-m\libgcc.a(_arm_fixunssfsi.o)
                0x00001984                __fixunssfsi
                0x00001984                __aeabi_f2uiz
 .text.__libc_init_array
                0x000019c4       0x4c c:/program files (x86)/cypress/psoc creator/3.3/psoc creator/import/gnu/arm/4.9.3/bin/../lib/gcc/arm-none-eabi/4.9.3/../../../../arm-none-eabi/lib/armv7-m\libg_nano.a(lib_a-init.o)
                0x000019c4                __libc_init_array
 .text.memcpy   0x00001a10       0x16 c:/program files (x86)/cypress/psoc creator/3.3/psoc creator/import/gnu/arm/4.9.3/bin/../lib/gcc/arm-none-eabi/4.9.3/../../../../arm-none-eabi/lib/armv7-m\libg_nano.a(lib_a-memcpy.o)
                0x00001a10                memcpy
 .text.memset   0x00001a26       0x10 c:/program files (x86)/cypress/psoc creator/3.3/psoc creator/import/gnu/arm/4.9.3/bin/../lib/gcc/arm-none-eabi/4.9.3/../../../../arm-none-eabi/lib/armv7-m\libg_nano.a(lib_a-memset.o)
                0x00001a26                memset
 *(.plt)
 *(.gnu.warning)
 *(.glue_7t)
 .glue_7t       0x00000000        0x0 linker stubs
 *(.glue_7)
 .glue_7        0x00000000        0x0 linker stubs
 *(.vfp11_veneer)
 .vfp11_veneer  0x00000000        0x0 linker stubs
 *(.bootloader)
 *(.ARM.extab* .gnu.linkonce.armextab.*)
 *(.gcc_except_table)

.v4_bx          0x00001a38        0x0
 .v4_bx         0x00000000        0x0 linker stubs

.iplt           0x00001a38        0x0
 .iplt          0x00000000        0x0 c:/program files (x86)/cypress/psoc creator/3.3/psoc creator/import/gnu/arm/4.9.3/bin/../lib/gcc/arm-none-eabi/4.9.3/armv7-m/crtbegin.o

.eh_frame_hdr
 *(.eh_frame_hdr)

.eh_frame       0x00001a38        0x4
 *(.eh_frame)
 .eh_frame      0x00001a38        0x0 c:/program files (x86)/cypress/psoc creator/3.3/psoc creator/import/gnu/arm/4.9.3/bin/../lib/gcc/arm-none-eabi/4.9.3/armv7-m/crtbegin.o
 .eh_frame      0x00001a38        0x4 c:/program files (x86)/cypress/psoc creator/3.3/psoc creator/import/gnu/arm/4.9.3/bin/../lib/gcc/arm-none-eabi/4.9.3/armv7-m/crtend.o
                0x00001a3c                PROVIDE (__exidx_start, .)

.ARM.exidx
 *(.ARM.exidx* .gnu.linkonce.armexidx.*)
                0x00001a3c                __exidx_end = .

.rodata         0x00001a3c       0xe4
 *(.rodata .rodata.* .gnu.linkonce.r.*)
 .rodata        0x00001a3c       0x70 .\CortexM3\ARM_GCC_493\Debug\main.o
                0x00001a3c                SaxTable
                0x00001a7c                SaxFreq
 .rodata.str1.4
                0x00001aac        0x8 .\CortexM3\ARM_GCC_493\Debug\main.o
 .rodata        0x00001ab4       0x38 .\CortexM3\ARM_GCC_493\Debug\Jazzy_Dude.a(cyfitter_cfg.o)
                0x00001aec                . = ALIGN (0x4)
 *(.init)
 .init          0x00001aec        0x4 c:/program files (x86)/cypress/psoc creator/3.3/psoc creator/import/gnu/arm/4.9.3/bin/../lib/gcc/arm-none-eabi/4.9.3/armv7-m/crti.o
                0x00001aec                _init
 .init          0x00001af0        0x8 c:/program files (x86)/cypress/psoc creator/3.3/psoc creator/import/gnu/arm/4.9.3/bin/../lib/gcc/arm-none-eabi/4.9.3/armv7-m/crtn.o
                0x00001af8                . = ALIGN (0x4)
                0x00001af8                __preinit_array_start = .
 *(.preinit_array)
                0x00001af8                __preinit_array_end = .
                0x00001af8                . = ALIGN (0x4)
                0x00001af8                __init_array_start = .
 *(SORT(.init_array.*))
 *(.init_array)
 .init_array    0x00001af8        0x4 c:/program files (x86)/cypress/psoc creator/3.3/psoc creator/import/gnu/arm/4.9.3/bin/../lib/gcc/arm-none-eabi/4.9.3/armv7-m/crtbegin.o
 .init_array    0x00001afc        0x4 .\CortexM3\ARM_GCC_493\Debug\Cm3Start.o
                0x00001b00                __init_array_end = .
                0x00001b00                . = ALIGN (0x4)
 *(.fini)
 .fini          0x00001b00        0x4 c:/program files (x86)/cypress/psoc creator/3.3/psoc creator/import/gnu/arm/4.9.3/bin/../lib/gcc/arm-none-eabi/4.9.3/armv7-m/crti.o
                0x00001b00                _fini
 .fini          0x00001b04        0x8 c:/program files (x86)/cypress/psoc creator/3.3/psoc creator/import/gnu/arm/4.9.3/bin/../lib/gcc/arm-none-eabi/4.9.3/armv7-m/crtn.o
                0x00001b0c                . = ALIGN (0x4)
                0x00001b0c                __fini_array_start = .
 *(.fini_array)
 .fini_array    0x00001b0c        0x4 c:/program files (x86)/cypress/psoc creator/3.3/psoc creator/import/gnu/arm/4.9.3/bin/../lib/gcc/arm-none-eabi/4.9.3/armv7-m/crtbegin.o
 *(SORT(.fini_array.*))
                0x00001b10                __fini_array_end = .
                0x00001b10                . = ALIGN (0x4)
 *crtbegin.o(.ctors)
 *(EXCLUDE_FILE(*crtend.o) .ctors)
 *(SORT(.ctors.*))
 *crtend.o(.ctors)
                0x00001b10                . = ALIGN (0x4)
 *crtbegin.o(.dtors)
 *(EXCLUDE_FILE(*crtend.o) .dtors)
 *(SORT(.dtors.*))
 *crtend.o(.dtors)
                0x00001b10                . = ALIGN (0x4)
                0x00001b10                __cy_regions = .
                0x00001b10        0x4 LONG 0x1b20 __cy_region_init_ram
                0x00001b14        0x4 LONG 0x1fff8108 __cy_region_start_data
                0x00001b18        0x4 LONG 0x28 __cy_region_init_size_ram
                0x00001b1c        0x4 LONG 0x60 __cy_region_zero_size_ram
                0x00001b20                __cy_regions_end = .
                0x00001b20                . = ALIGN (0x8)
                0x00001b20                _etext = .

.cy_checksum_exclude
                0x00001b20        0x0
 *(.cy_checksum_exclude)

.ramvectors     0x1fff8000      0x100
                0x1fff8000                __cy_region_start_ram = .
 *(.ramvectors)
 .ramvectors    0x1fff8000      0x100 .\CortexM3\ARM_GCC_493\Debug\Cm3Start.o
                0x1fff8000                CyRamVectors

.noinit         0x1fff8100        0x5
 *(.noinit)
 .noinit        0x1fff8100        0x4 .\CortexM3\ARM_GCC_493\Debug\Cm3Start.o
 .noinit        0x1fff8104        0x1 .\CortexM3\ARM_GCC_493\Debug\Jazzy_Dude.a(CyLib.o)
                0x1fff8104                CyResetStatus

.data           0x1fff8108       0x28 load address 0x00001b20
                0x1fff8108                __cy_region_start_data = .
 *(.jcr)
 .jcr           0x1fff8108        0x0 c:/program files (x86)/cypress/psoc creator/3.3/psoc creator/import/gnu/arm/4.9.3/bin/../lib/gcc/arm-none-eabi/4.9.3/armv7-m/crtbegin.o
 .jcr           0x1fff8108        0x4 c:/program files (x86)/cypress/psoc creator/3.3/psoc creator/import/gnu/arm/4.9.3/bin/../lib/gcc/arm-none-eabi/4.9.3/armv7-m/crtend.o
 *(.got.plt)
 *(.got)
 *(.shdata)
 *(.data .data.* .gnu.linkonce.d.*)
 .data          0x1fff810c       0x14 .\CortexM3\ARM_GCC_493\Debug\main.o
                0x1fff810c                SAX_ATTACK_TIME
                0x1fff8110                SAX_SUSTAIN_LEVEL
                0x1fff8114                SAX_DECAY_TIME
                0x1fff8118                SAX_RELEASE_TIME
                0x1fff811c                sax_current_note_freq
 .data          0x1fff8120       0x10 .\CortexM3\ARM_GCC_493\Debug\Jazzy_Dude.a(CyLib.o)
                0x1fff8120                cydelay_32k_ms
                0x1fff8124                cydelay_freq_khz
                0x1fff8128                cydelay_freq_mhz
                0x1fff812c                cydelay_freq_hz
                0x1fff8130                . = ALIGN (0x8)
 *(.ram)
                0x1fff8130                _edata = .

.igot.plt       0x1fff8130        0x0 load address 0x00001b48
 .igot.plt      0x00000000        0x0 c:/program files (x86)/cypress/psoc creator/3.3/psoc creator/import/gnu/arm/4.9.3/bin/../lib/gcc/arm-none-eabi/4.9.3/armv7-m/crtbegin.o

.bss            0x1fff8130       0x60 load address 0x00001b48
                0x1fff8130                PROVIDE (__bss_start__, .)
 *(.shbss)
 *(.bss .bss.* .gnu.linkonce.b.*)
 .bss           0x1fff8130       0x1c c:/program files (x86)/cypress/psoc creator/3.3/psoc creator/import/gnu/arm/4.9.3/bin/../lib/gcc/arm-none-eabi/4.9.3/armv7-m/crtbegin.o
 .bss           0x1fff814c        0x1 .\CortexM3\ARM_GCC_493\Debug\Jazzy_Dude.a(SaxDac.o)
                0x1fff814c                SaxDac_initVar
 .bss           0x1fff814d        0x2 .\CortexM3\ARM_GCC_493\Debug\Jazzy_Dude.a(LCD_Char_1.o)
                0x1fff814d                LCD_Char_1_enableState
                0x1fff814e                LCD_Char_1_initVar
 *(COMMON)
 *fill*         0x1fff814f        0x1 
 COMMON         0x1fff8150       0x3c .\CortexM3\ARM_GCC_493\Debug\main.o
                0x1fff8150                sax_env_lvl
                0x1fff8154                sax_sample
                0x1fff8158                time_scale
                0x1fff815c                new_idx
                0x1fff8160                duration
                0x1fff8164                sax_env_state
                0x1fff8168                sax_phase
                0x1fff816c                sax_env_out
                0x1fff8170                sax_atk_rate
                0x1fff8174                sax_zero_centered
                0x1fff8178                sax_phase_inc
                0x1fff817c                sax_enveloped_note
                0x1fff8180                dt
                0x1fff8184                sax_release_rate
                0x1fff8188                sax_decay_rate
                0x1fff8190                . = ALIGN (0x8)
 *fill*         0x1fff818c        0x4 
 *(.ram.b)
                0x1fff8190                _end = .
                0x1fff8190                __end = .
                0x1fff8190                PROVIDE (end, .)
                0x1fff8190                PROVIDE (__bss_end__, .)
                0x00001b20                __cy_region_init_ram = LOADADDR (.data)
                0x00000028                __cy_region_init_size_ram = (_edata - ADDR (.data))
                0x00000060                __cy_region_zero_size_ram = (_end - _edata)

.heap           0x1fff8190       0x80 load address 0x00001b48
                0x1fff8190                . = _end
                0x1fff8210                . = (. + 0x80)
 *fill*         0x1fff8190       0x80 
                0x1fff8210                __cy_heap_limit = .

.stack          0x20007800      0x800
                0x20007800                __cy_stack_limit = .
                0x20008000                . = (. + 0x800)
 *fill*         0x20007800      0x800 
                0x00000001                ASSERT ((__cy_stack_limit >= __cy_heap_limit), region RAM overflowed with stack)
                0x00000000                cy_checksum_exclude_size = (CY_APPL_LOADABLE == 0x1)?SIZEOF (.cy_checksum_exclude):0x0
                0x00000001                ASSERT ((cy_checksum_exclude_size <= CY_CHECKSUM_EXCLUDE_SIZE), CY_BOOT: Section .cy_checksum_exclude size exceedes specified limit.)

.cyloadermeta
 *(.cyloadermeta)

.cyloadablemeta
 *(.cyloadablemeta)

.cyconfigecc    0x80000000       0x44
 *(.cyconfigecc)
 .cyconfigecc   0x80000000       0x44 .\CortexM3\ARM_GCC_493\Debug\cymetadata.o
                0x80000000                cy_meta_configecc

.cycustnvl      0x90000000        0x4
 *(.cycustnvl)
 .cycustnvl     0x90000000        0x4 .\CortexM3\ARM_GCC_493\Debug\cymetadata.o
                0x90000000                cy_meta_custnvl

.cywolatch      0x90100000        0x4
 *(.cywolatch)
 .cywolatch     0x90100000        0x4 .\CortexM3\ARM_GCC_493\Debug\cymetadata.o
                0x90100000                cy_meta_wonvl

.cyeeprom       0x90200000        0x0
 *(.cyeeprom)
                0x00000001                ASSERT ((. <= ((0x90200000 + ee_offset) + ee_size)), .cyeeprom data will not fit in EEPROM)

.cyflashprotect
                0x90400000      0x100
 *(.cyflashprotect)
 .cyflashprotect
                0x90400000      0x100 .\CortexM3\ARM_GCC_493\Debug\cymetadata.o
                0x90400000                cy_meta_flashprotect

.cymeta         0x90500000        0xc
 *(.cymeta)
 .cymeta        0x90500000        0xc .\CortexM3\ARM_GCC_493\Debug\cymetadata.o
                0x90500000                cy_metadata

.rel.dyn        0x00001b48        0x0 load address 0x9050000c
 .rel.iplt      0x00000000        0x0 c:/program files (x86)/cypress/psoc creator/3.3/psoc creator/import/gnu/arm/4.9.3/bin/../lib/gcc/arm-none-eabi/4.9.3/armv7-m/crtbegin.o

.stab
 *(.stab)

.stabstr
 *(.stabstr)

.debug
 *(.debug)

.line
 *(.line)

.debug_srcinfo
 *(.debug_srcinfo)

.debug_sfnames
 *(.debug_sfnames)

.debug_aranges  0x00000000      0x7f8
 *(.debug_aranges)
 .debug_aranges
                0x00000000       0x60 .\CortexM3\ARM_GCC_493\Debug\main.o
 .debug_aranges
                0x00000060       0x18 .\CortexM3\ARM_GCC_493\Debug\cymetadata.o
 .debug_aranges
                0x00000078       0x48 .\CortexM3\ARM_GCC_493\Debug\Cm3Start.o
 .debug_aranges
                0x000000c0       0x58 .\CortexM3\ARM_GCC_493\Debug\Jazzy_Dude.a(cyfitter_cfg.o)
 .debug_aranges
                0x00000118       0x20 .\CortexM3\ARM_GCC_493\Debug\Jazzy_Dude.a(CyBootAsmGnu.o)
 .debug_aranges
                0x00000138      0x298 .\CortexM3\ARM_GCC_493\Debug\Jazzy_Dude.a(CyLib.o)
 .debug_aranges
                0x000003d0       0x98 .\CortexM3\ARM_GCC_493\Debug\Jazzy_Dude.a(cyPm.o)
 .debug_aranges
                0x00000468       0x58 .\CortexM3\ARM_GCC_493\Debug\Jazzy_Dude.a(SaxDac.o)
 .debug_aranges
                0x000004c0       0x80 .\CortexM3\ARM_GCC_493\Debug\Jazzy_Dude.a(sax_isr.o)
 .debug_aranges
                0x00000540       0x98 .\CortexM3\ARM_GCC_493\Debug\Jazzy_Dude.a(LCD_Char_1.o)
 .debug_aranges
                0x000005d8       0x80 .\CortexM3\ARM_GCC_493\Debug\Jazzy_Dude.a(lcd_isr.o)
 .debug_aranges
                0x00000658       0x38 .\CortexM3\ARM_GCC_493\Debug\Jazzy_Dude.a(led.o)
 .debug_aranges
                0x00000690       0x38 .\CortexM3\ARM_GCC_493\Debug\Jazzy_Dude.a(led1.o)
 .debug_aranges
                0x000006c8       0x38 .\CortexM3\ARM_GCC_493\Debug\Jazzy_Dude.a(testy.o)
 .debug_aranges
                0x00000700       0x80 .\CortexM3\ARM_GCC_493\Debug\Jazzy_Dude.a(CyFlash.o)
 .debug_aranges
                0x00000780       0x78 .\CortexM3\ARM_GCC_493\Debug\Jazzy_Dude.a(CySpc.o)

.debug_pubnames
 *(.debug_pubnames)

.debug_info     0x00000000     0x4d2c
 *(.debug_info .gnu.linkonce.wi.*)
 .debug_info    0x00000000      0x888 .\CortexM3\ARM_GCC_493\Debug\main.o
 .debug_info    0x00000888      0x13a .\CortexM3\ARM_GCC_493\Debug\cymetadata.o
 .debug_info    0x000009c2      0x39f .\CortexM3\ARM_GCC_493\Debug\Cm3Start.o
 .debug_info    0x00000d61      0x4ae .\CortexM3\ARM_GCC_493\Debug\Jazzy_Dude.a(cyfitter_cfg.o)
 .debug_info    0x0000120f       0x7e .\CortexM3\ARM_GCC_493\Debug\Jazzy_Dude.a(CyBootAsmGnu.o)
 .debug_info    0x0000128d     0x136f .\CortexM3\ARM_GCC_493\Debug\Jazzy_Dude.a(CyLib.o)
 .debug_info    0x000025fc      0xa57 .\CortexM3\ARM_GCC_493\Debug\Jazzy_Dude.a(cyPm.o)
 .debug_info    0x00003053      0x1de .\CortexM3\ARM_GCC_493\Debug\Jazzy_Dude.a(SaxDac.o)
 .debug_info    0x00003231      0x2cb .\CortexM3\ARM_GCC_493\Debug\Jazzy_Dude.a(sax_isr.o)
 .debug_info    0x000034fc      0x716 .\CortexM3\ARM_GCC_493\Debug\Jazzy_Dude.a(LCD_Char_1.o)
 .debug_info    0x00003c12      0x2cb .\CortexM3\ARM_GCC_493\Debug\Jazzy_Dude.a(lcd_isr.o)
 .debug_info    0x00003edd      0x11f .\CortexM3\ARM_GCC_493\Debug\Jazzy_Dude.a(led.o)
 .debug_info    0x00003ffc      0x11f .\CortexM3\ARM_GCC_493\Debug\Jazzy_Dude.a(led1.o)
 .debug_info    0x0000411b      0x11f .\CortexM3\ARM_GCC_493\Debug\Jazzy_Dude.a(testy.o)
 .debug_info    0x0000423a      0x608 .\CortexM3\ARM_GCC_493\Debug\Jazzy_Dude.a(CyFlash.o)
 .debug_info    0x00004842      0x4ea .\CortexM3\ARM_GCC_493\Debug\Jazzy_Dude.a(CySpc.o)

.debug_abbrev   0x00000000     0x159a
 *(.debug_abbrev)
 .debug_abbrev  0x00000000      0x1f7 .\CortexM3\ARM_GCC_493\Debug\main.o
 .debug_abbrev  0x000001f7       0x5d .\CortexM3\ARM_GCC_493\Debug\cymetadata.o
 .debug_abbrev  0x00000254      0x200 .\CortexM3\ARM_GCC_493\Debug\Cm3Start.o
 .debug_abbrev  0x00000454      0x203 .\CortexM3\ARM_GCC_493\Debug\Jazzy_Dude.a(cyfitter_cfg.o)
 .debug_abbrev  0x00000657       0x14 .\CortexM3\ARM_GCC_493\Debug\Jazzy_Dude.a(CyBootAsmGnu.o)
 .debug_abbrev  0x0000066b      0x296 .\CortexM3\ARM_GCC_493\Debug\Jazzy_Dude.a(CyLib.o)
 .debug_abbrev  0x00000901      0x1ed .\CortexM3\ARM_GCC_493\Debug\Jazzy_Dude.a(cyPm.o)
 .debug_abbrev  0x00000aee       0xf7 .\CortexM3\ARM_GCC_493\Debug\Jazzy_Dude.a(SaxDac.o)
 .debug_abbrev  0x00000be5      0x173 .\CortexM3\ARM_GCC_493\Debug\Jazzy_Dude.a(sax_isr.o)
 .debug_abbrev  0x00000d58      0x171 .\CortexM3\ARM_GCC_493\Debug\Jazzy_Dude.a(LCD_Char_1.o)
 .debug_abbrev  0x00000ec9      0x173 .\CortexM3\ARM_GCC_493\Debug\Jazzy_Dude.a(lcd_isr.o)
 .debug_abbrev  0x0000103c       0x90 .\CortexM3\ARM_GCC_493\Debug\Jazzy_Dude.a(led.o)
 .debug_abbrev  0x000010cc       0x90 .\CortexM3\ARM_GCC_493\Debug\Jazzy_Dude.a(led1.o)
 .debug_abbrev  0x0000115c       0x90 .\CortexM3\ARM_GCC_493\Debug\Jazzy_Dude.a(testy.o)
 .debug_abbrev  0x000011ec      0x1ed .\CortexM3\ARM_GCC_493\Debug\Jazzy_Dude.a(CyFlash.o)
 .debug_abbrev  0x000013d9      0x1c1 .\CortexM3\ARM_GCC_493\Debug\Jazzy_Dude.a(CySpc.o)

.debug_line     0x00000000     0x1e4e
 *(.debug_line)
 .debug_line    0x00000000      0x2b5 .\CortexM3\ARM_GCC_493\Debug\main.o
 .debug_line    0x000002b5       0x53 .\CortexM3\ARM_GCC_493\Debug\cymetadata.o
 .debug_line    0x00000308      0x249 .\CortexM3\ARM_GCC_493\Debug\Cm3Start.o
 .debug_line    0x00000551      0x1e2 .\CortexM3\ARM_GCC_493\Debug\Jazzy_Dude.a(cyfitter_cfg.o)
 .debug_line    0x00000733       0x68 .\CortexM3\ARM_GCC_493\Debug\Jazzy_Dude.a(CyBootAsmGnu.o)
 .debug_line    0x0000079b      0x806 .\CortexM3\ARM_GCC_493\Debug\Jazzy_Dude.a(CyLib.o)
 .debug_line    0x00000fa1      0x366 .\CortexM3\ARM_GCC_493\Debug\Jazzy_Dude.a(cyPm.o)
 .debug_line    0x00001307       0xe5 .\CortexM3\ARM_GCC_493\Debug\Jazzy_Dude.a(SaxDac.o)
 .debug_line    0x000013ec      0x14d .\CortexM3\ARM_GCC_493\Debug\Jazzy_Dude.a(sax_isr.o)
 .debug_line    0x00001539      0x1e5 .\CortexM3\ARM_GCC_493\Debug\Jazzy_Dude.a(LCD_Char_1.o)
 .debug_line    0x0000171e      0x14d .\CortexM3\ARM_GCC_493\Debug\Jazzy_Dude.a(lcd_isr.o)
 .debug_line    0x0000186b       0x92 .\CortexM3\ARM_GCC_493\Debug\Jazzy_Dude.a(led.o)
 .debug_line    0x000018fd       0x93 .\CortexM3\ARM_GCC_493\Debug\Jazzy_Dude.a(led1.o)
 .debug_line    0x00001990       0x94 .\CortexM3\ARM_GCC_493\Debug\Jazzy_Dude.a(testy.o)
 .debug_line    0x00001a24      0x1ec .\CortexM3\ARM_GCC_493\Debug\Jazzy_Dude.a(CyFlash.o)
 .debug_line    0x00001c10      0x23e .\CortexM3\ARM_GCC_493\Debug\Jazzy_Dude.a(CySpc.o)

.debug_frame    0x00000000     0x14ec
 *(.debug_frame)
 .debug_frame   0x00000000      0x11c .\CortexM3\ARM_GCC_493\Debug\main.o
 .debug_frame   0x0000011c       0xac .\CortexM3\ARM_GCC_493\Debug\Cm3Start.o
 .debug_frame   0x000001c8       0xe4 .\CortexM3\ARM_GCC_493\Debug\Jazzy_Dude.a(cyfitter_cfg.o)
 .debug_frame   0x000002ac      0x728 .\CortexM3\ARM_GCC_493\Debug\Jazzy_Dude.a(CyLib.o)
 .debug_frame   0x000009d4      0x1f8 .\CortexM3\ARM_GCC_493\Debug\Jazzy_Dude.a(cyPm.o)
 .debug_frame   0x00000bcc       0xb4 .\CortexM3\ARM_GCC_493\Debug\Jazzy_Dude.a(SaxDac.o)
 .debug_frame   0x00000c80      0x104 .\CortexM3\ARM_GCC_493\Debug\Jazzy_Dude.a(sax_isr.o)
 .debug_frame   0x00000d84      0x1e4 .\CortexM3\ARM_GCC_493\Debug\Jazzy_Dude.a(LCD_Char_1.o)
 .debug_frame   0x00000f68      0x104 .\CortexM3\ARM_GCC_493\Debug\Jazzy_Dude.a(lcd_isr.o)
 .debug_frame   0x0000106c       0x50 .\CortexM3\ARM_GCC_493\Debug\Jazzy_Dude.a(led.o)
 .debug_frame   0x000010bc       0x50 .\CortexM3\ARM_GCC_493\Debug\Jazzy_Dude.a(led1.o)
 .debug_frame   0x0000110c       0x50 .\CortexM3\ARM_GCC_493\Debug\Jazzy_Dude.a(testy.o)
 .debug_frame   0x0000115c      0x174 .\CortexM3\ARM_GCC_493\Debug\Jazzy_Dude.a(CyFlash.o)
 .debug_frame   0x000012d0      0x160 .\CortexM3\ARM_GCC_493\Debug\Jazzy_Dude.a(CySpc.o)
 .debug_frame   0x00001430       0x20 c:/program files (x86)/cypress/psoc creator/3.3/psoc creator/import/gnu/arm/4.9.3/bin/../lib/gcc/arm-none-eabi/4.9.3/../../../../arm-none-eabi/lib/armv7-m\libg_nano.a(lib_a-errno.o)
 .debug_frame   0x00001450       0x28 c:/program files (x86)/cypress/psoc creator/3.3/psoc creator/import/gnu/arm/4.9.3/bin/../lib/gcc/arm-none-eabi/4.9.3/../../../../arm-none-eabi/lib/armv7-m\libg_nano.a(lib_a-exit.o)
 .debug_frame   0x00001478       0x2c c:/program files (x86)/cypress/psoc creator/3.3/psoc creator/import/gnu/arm/4.9.3/bin/../lib/gcc/arm-none-eabi/4.9.3/../../../../arm-none-eabi/lib/armv7-m\libg_nano.a(lib_a-init.o)
 .debug_frame   0x000014a4       0x28 c:/program files (x86)/cypress/psoc creator/3.3/psoc creator/import/gnu/arm/4.9.3/bin/../lib/gcc/arm-none-eabi/4.9.3/../../../../arm-none-eabi/lib/armv7-m\libg_nano.a(lib_a-memcpy.o)
 .debug_frame   0x000014cc       0x20 c:/program files (x86)/cypress/psoc creator/3.3/psoc creator/import/gnu/arm/4.9.3/bin/../lib/gcc/arm-none-eabi/4.9.3/../../../../arm-none-eabi/lib/armv7-m\libg_nano.a(lib_a-memset.o)

.debug_str      0x00000000     0x1a45
 *(.debug_str)
 .debug_str     0x00000000      0x47e .\CortexM3\ARM_GCC_493\Debug\main.o
                                0x53b (size before relaxing)
 .debug_str     0x0000047e       0x77 .\CortexM3\ARM_GCC_493\Debug\cymetadata.o
                                0x1d8 (size before relaxing)
 .debug_str     0x000004f5      0x158 .\CortexM3\ARM_GCC_493\Debug\Cm3Start.o
                                0x2ec (size before relaxing)
 .debug_str     0x0000064d      0x156 .\CortexM3\ARM_GCC_493\Debug\Jazzy_Dude.a(cyfitter_cfg.o)
                                0x2f1 (size before relaxing)
 .debug_str     0x000007a3      0x82b .\CortexM3\ARM_GCC_493\Debug\Jazzy_Dude.a(CyLib.o)
                                0xa11 (size before relaxing)
 .debug_str     0x00000fce      0x35b .\CortexM3\ARM_GCC_493\Debug\Jazzy_Dude.a(cyPm.o)
                                0x709 (size before relaxing)
 .debug_str     0x00001329       0x92 .\CortexM3\ARM_GCC_493\Debug\Jazzy_Dude.a(SaxDac.o)
                                0x217 (size before relaxing)
 .debug_str     0x000013bb       0xf4 .\CortexM3\ARM_GCC_493\Debug\Jazzy_Dude.a(sax_isr.o)
                                0x2a4 (size before relaxing)
 .debug_str     0x000014af      0x182 .\CortexM3\ARM_GCC_493\Debug\Jazzy_Dude.a(LCD_Char_1.o)
                                0x399 (size before relaxing)
 .debug_str     0x00001631       0xf4 .\CortexM3\ARM_GCC_493\Debug\Jazzy_Dude.a(lcd_isr.o)
                                0x2a4 (size before relaxing)
 .debug_str     0x00001725       0x4b .\CortexM3\ARM_GCC_493\Debug\Jazzy_Dude.a(led.o)
                                0x1c6 (size before relaxing)
 .debug_str     0x00001770       0x43 .\CortexM3\ARM_GCC_493\Debug\Jazzy_Dude.a(led1.o)
                                0x1cb (size before relaxing)
 .debug_str     0x000017b3       0x46 .\CortexM3\ARM_GCC_493\Debug\Jazzy_Dude.a(testy.o)
                                0x1d0 (size before relaxing)
 .debug_str     0x000017f9      0x19e .\CortexM3\ARM_GCC_493\Debug\Jazzy_Dude.a(CyFlash.o)
                                0x383 (size before relaxing)
 .debug_str     0x00001997       0xae .\CortexM3\ARM_GCC_493\Debug\Jazzy_Dude.a(CySpc.o)
                                0x30c (size before relaxing)

.debug_loc      0x00000000     0x2056
 *(.debug_loc)
 .debug_loc     0x00000000      0x248 .\CortexM3\ARM_GCC_493\Debug\main.o
 .debug_loc     0x00000248      0x144 .\CortexM3\ARM_GCC_493\Debug\Cm3Start.o
 .debug_loc     0x0000038c      0x1d7 .\CortexM3\ARM_GCC_493\Debug\Jazzy_Dude.a(cyfitter_cfg.o)
 .debug_loc     0x00000563      0xa11 .\CortexM3\ARM_GCC_493\Debug\Jazzy_Dude.a(CyLib.o)
 .debug_loc     0x00000f74      0x1e4 .\CortexM3\ARM_GCC_493\Debug\Jazzy_Dude.a(cyPm.o)
 .debug_loc     0x00001158       0x79 .\CortexM3\ARM_GCC_493\Debug\Jazzy_Dude.a(SaxDac.o)
 .debug_loc     0x000011d1       0x56 .\CortexM3\ARM_GCC_493\Debug\Jazzy_Dude.a(sax_isr.o)
 .debug_loc     0x00001227      0x3c6 .\CortexM3\ARM_GCC_493\Debug\Jazzy_Dude.a(LCD_Char_1.o)
 .debug_loc     0x000015ed       0x56 .\CortexM3\ARM_GCC_493\Debug\Jazzy_Dude.a(lcd_isr.o)
 .debug_loc     0x00001643       0x42 .\CortexM3\ARM_GCC_493\Debug\Jazzy_Dude.a(led.o)
 .debug_loc     0x00001685       0x42 .\CortexM3\ARM_GCC_493\Debug\Jazzy_Dude.a(led1.o)
 .debug_loc     0x000016c7       0x42 .\CortexM3\ARM_GCC_493\Debug\Jazzy_Dude.a(testy.o)
 .debug_loc     0x00001709      0x300 .\CortexM3\ARM_GCC_493\Debug\Jazzy_Dude.a(CyFlash.o)
 .debug_loc     0x00001a09      0x64d .\CortexM3\ARM_GCC_493\Debug\Jazzy_Dude.a(CySpc.o)

.debug_macinfo
 *(.debug_macinfo)

.debug_ranges   0x00000000      0x6e0
 *(.debug_ranges)
 .debug_ranges  0x00000000       0x50 .\CortexM3\ARM_GCC_493\Debug\main.o
 .debug_ranges  0x00000050       0x38 .\CortexM3\ARM_GCC_493\Debug\Cm3Start.o
 .debug_ranges  0x00000088       0x48 .\CortexM3\ARM_GCC_493\Debug\Jazzy_Dude.a(cyfitter_cfg.o)
 .debug_ranges  0x000000d0      0x288 .\CortexM3\ARM_GCC_493\Debug\Jazzy_Dude.a(CyLib.o)
 .debug_ranges  0x00000358       0x88 .\CortexM3\ARM_GCC_493\Debug\Jazzy_Dude.a(cyPm.o)
 .debug_ranges  0x000003e0       0x48 .\CortexM3\ARM_GCC_493\Debug\Jazzy_Dude.a(SaxDac.o)
 .debug_ranges  0x00000428       0x70 .\CortexM3\ARM_GCC_493\Debug\Jazzy_Dude.a(sax_isr.o)
 .debug_ranges  0x00000498       0x88 .\CortexM3\ARM_GCC_493\Debug\Jazzy_Dude.a(LCD_Char_1.o)
 .debug_ranges  0x00000520       0x70 .\CortexM3\ARM_GCC_493\Debug\Jazzy_Dude.a(lcd_isr.o)
 .debug_ranges  0x00000590       0x28 .\CortexM3\ARM_GCC_493\Debug\Jazzy_Dude.a(led.o)
 .debug_ranges  0x000005b8       0x28 .\CortexM3\ARM_GCC_493\Debug\Jazzy_Dude.a(led1.o)
 .debug_ranges  0x000005e0       0x28 .\CortexM3\ARM_GCC_493\Debug\Jazzy_Dude.a(testy.o)
 .debug_ranges  0x00000608       0x70 .\CortexM3\ARM_GCC_493\Debug\Jazzy_Dude.a(CyFlash.o)
 .debug_ranges  0x00000678       0x68 .\CortexM3\ARM_GCC_493\Debug\Jazzy_Dude.a(CySpc.o)

.comment        0x00000000       0x70
 .comment       0x00000000       0x70 .\CortexM3\ARM_GCC_493\Debug\main.o
                                 0x71 (size before relaxing)
 .comment       0x00000000       0x71 .\CortexM3\ARM_GCC_493\Debug\cymetadata.o
 .comment       0x00000000       0x71 .\CortexM3\ARM_GCC_493\Debug\Cm3Start.o
 .comment       0x00000000       0x71 .\CortexM3\ARM_GCC_493\Debug\Jazzy_Dude.a(cyfitter_cfg.o)
 .comment       0x00000000       0x71 .\CortexM3\ARM_GCC_493\Debug\Jazzy_Dude.a(CyLib.o)
 .comment       0x00000000       0x71 .\CortexM3\ARM_GCC_493\Debug\Jazzy_Dude.a(cyPm.o)
 .comment       0x00000000       0x71 .\CortexM3\ARM_GCC_493\Debug\Jazzy_Dude.a(SaxDac.o)
 .comment       0x00000000       0x71 .\CortexM3\ARM_GCC_493\Debug\Jazzy_Dude.a(sax_isr.o)
 .comment       0x00000000       0x71 .\CortexM3\ARM_GCC_493\Debug\Jazzy_Dude.a(LCD_Char_1.o)
 .comment       0x00000000       0x71 .\CortexM3\ARM_GCC_493\Debug\Jazzy_Dude.a(lcd_isr.o)
 .comment       0x00000000       0x71 .\CortexM3\ARM_GCC_493\Debug\Jazzy_Dude.a(led.o)
 .comment       0x00000000       0x71 .\CortexM3\ARM_GCC_493\Debug\Jazzy_Dude.a(led1.o)
 .comment       0x00000000       0x71 .\CortexM3\ARM_GCC_493\Debug\Jazzy_Dude.a(testy.o)
 .comment       0x00000000       0x71 .\CortexM3\ARM_GCC_493\Debug\Jazzy_Dude.a(CyFlash.o)
 .comment       0x00000000       0x71 .\CortexM3\ARM_GCC_493\Debug\Jazzy_Dude.a(CySpc.o)

.debug_weaknames
 *(.debug_weaknames)

.debug_funcnames
 *(.debug_funcnames)

.debug_typenames
 *(.debug_typenames)

.debug_varnames
 *(.debug_varnames)

.note.gnu.arm.ident
 *(.note.gnu.arm.ident)

.ARM.attributes
                0x00000000       0x29
 *(.ARM.attributes)
 .ARM.attributes
                0x00000000       0x1d c:/program files (x86)/cypress/psoc creator/3.3/psoc creator/import/gnu/arm/4.9.3/bin/../lib/gcc/arm-none-eabi/4.9.3/armv7-m/crti.o
 .ARM.attributes
                0x0000001d       0x2d c:/program files (x86)/cypress/psoc creator/3.3/psoc creator/import/gnu/arm/4.9.3/bin/../lib/gcc/arm-none-eabi/4.9.3/armv7-m/crtbegin.o
 .ARM.attributes
                0x0000004a       0x1b c:/program files (x86)/cypress/psoc creator/3.3/psoc creator/import/gnu/arm/4.9.3/bin/../lib/gcc/arm-none-eabi/4.9.3/../../../../arm-none-eabi/lib/armv7-m/crt0.o
 .ARM.attributes
                0x00000065       0x33 .\CortexM3\ARM_GCC_493\Debug\main.o
 .ARM.attributes
                0x00000098       0x33 .\CortexM3\ARM_GCC_493\Debug\cymetadata.o
 .ARM.attributes
                0x000000cb       0x33 .\CortexM3\ARM_GCC_493\Debug\Cm3Start.o
 .ARM.attributes
                0x000000fe       0x33 .\CortexM3\ARM_GCC_493\Debug\Jazzy_Dude.a(cyfitter_cfg.o)
 .ARM.attributes
                0x00000131       0x21 .\CortexM3\ARM_GCC_493\Debug\Jazzy_Dude.a(CyBootAsmGnu.o)
 .ARM.attributes
                0x00000152       0x33 .\CortexM3\ARM_GCC_493\Debug\Jazzy_Dude.a(CyLib.o)
 .ARM.attributes
                0x00000185       0x33 .\CortexM3\ARM_GCC_493\Debug\Jazzy_Dude.a(cyPm.o)
 .ARM.attributes
                0x000001b8       0x33 .\CortexM3\ARM_GCC_493\Debug\Jazzy_Dude.a(SaxDac.o)
 .ARM.attributes
                0x000001eb       0x33 .\CortexM3\ARM_GCC_493\Debug\Jazzy_Dude.a(sax_isr.o)
 .ARM.attributes
                0x0000021e       0x33 .\CortexM3\ARM_GCC_493\Debug\Jazzy_Dude.a(LCD_Char_1.o)
 .ARM.attributes
                0x00000251       0x33 .\CortexM3\ARM_GCC_493\Debug\Jazzy_Dude.a(lcd_isr.o)
 .ARM.attributes
                0x00000284       0x33 .\CortexM3\ARM_GCC_493\Debug\Jazzy_Dude.a(led.o)
 .ARM.attributes
                0x000002b7       0x33 .\CortexM3\ARM_GCC_493\Debug\Jazzy_Dude.a(led1.o)
 .ARM.attributes
                0x000002ea       0x33 .\CortexM3\ARM_GCC_493\Debug\Jazzy_Dude.a(testy.o)
 .ARM.attributes
                0x0000031d       0x33 .\CortexM3\ARM_GCC_493\Debug\Jazzy_Dude.a(CyFlash.o)
 .ARM.attributes
                0x00000350       0x33 .\CortexM3\ARM_GCC_493\Debug\Jazzy_Dude.a(CySpc.o)
 .ARM.attributes
                0x00000383       0x1d c:/program files (x86)/cypress/psoc creator/3.3/psoc creator/import/gnu/arm/4.9.3/bin/../lib/gcc/arm-none-eabi/4.9.3/armv7-m\libgcc.a(_arm_addsubdf3.o)
 .ARM.attributes
                0x000003a0       0x1d c:/program files (x86)/cypress/psoc creator/3.3/psoc creator/import/gnu/arm/4.9.3/bin/../lib/gcc/arm-none-eabi/4.9.3/armv7-m\libgcc.a(_arm_muldivdf3.o)
 .ARM.attributes
                0x000003bd       0x1d c:/program files (x86)/cypress/psoc creator/3.3/psoc creator/import/gnu/arm/4.9.3/bin/../lib/gcc/arm-none-eabi/4.9.3/armv7-m\libgcc.a(_arm_fixunsdfsi.o)
 .ARM.attributes
                0x000003da       0x1d c:/program files (x86)/cypress/psoc creator/3.3/psoc creator/import/gnu/arm/4.9.3/bin/../lib/gcc/arm-none-eabi/4.9.3/armv7-m\libgcc.a(_arm_addsubsf3.o)
 .ARM.attributes
                0x000003f7       0x1d c:/program files (x86)/cypress/psoc creator/3.3/psoc creator/import/gnu/arm/4.9.3/bin/../lib/gcc/arm-none-eabi/4.9.3/armv7-m\libgcc.a(_arm_muldivsf3.o)
 .ARM.attributes
                0x00000414       0x1d c:/program files (x86)/cypress/psoc creator/3.3/psoc creator/import/gnu/arm/4.9.3/bin/../lib/gcc/arm-none-eabi/4.9.3/armv7-m\libgcc.a(_arm_cmpsf2.o)
 .ARM.attributes
                0x00000431       0x1d c:/program files (x86)/cypress/psoc creator/3.3/psoc creator/import/gnu/arm/4.9.3/bin/../lib/gcc/arm-none-eabi/4.9.3/armv7-m\libgcc.a(_arm_fixunssfsi.o)
 .ARM.attributes
                0x0000044e       0x2d c:/program files (x86)/cypress/psoc creator/3.3/psoc creator/import/gnu/arm/4.9.3/bin/../lib/gcc/arm-none-eabi/4.9.3/../../../../arm-none-eabi/lib/armv7-m\libg_nano.a(lib_a-errno.o)
 .ARM.attributes
                0x0000047b       0x2d c:/program files (x86)/cypress/psoc creator/3.3/psoc creator/import/gnu/arm/4.9.3/bin/../lib/gcc/arm-none-eabi/4.9.3/../../../../arm-none-eabi/lib/armv7-m\libg_nano.a(lib_a-exit.o)
 .ARM.attributes
                0x000004a8       0x2d c:/program files (x86)/cypress/psoc creator/3.3/psoc creator/import/gnu/arm/4.9.3/bin/../lib/gcc/arm-none-eabi/4.9.3/../../../../arm-none-eabi/lib/armv7-m\libg_nano.a(lib_a-impure.o)
 .ARM.attributes
                0x000004d5       0x2d c:/program files (x86)/cypress/psoc creator/3.3/psoc creator/import/gnu/arm/4.9.3/bin/../lib/gcc/arm-none-eabi/4.9.3/../../../../arm-none-eabi/lib/armv7-m\libg_nano.a(lib_a-init.o)
 .ARM.attributes
                0x00000502       0x2d c:/program files (x86)/cypress/psoc creator/3.3/psoc creator/import/gnu/arm/4.9.3/bin/../lib/gcc/arm-none-eabi/4.9.3/../../../../arm-none-eabi/lib/armv7-m\libg_nano.a(lib_a-memcpy.o)
 .ARM.attributes
                0x0000052f       0x2d c:/program files (x86)/cypress/psoc creator/3.3/psoc creator/import/gnu/arm/4.9.3/bin/../lib/gcc/arm-none-eabi/4.9.3/../../../../arm-none-eabi/lib/armv7-m\libg_nano.a(lib_a-memset.o)
 .ARM.attributes
                0x0000055c       0x2d c:/program files (x86)/cypress/psoc creator/3.3/psoc creator/import/gnu/arm/4.9.3/bin/../lib/gcc/arm-none-eabi/4.9.3/armv7-m/crtend.o
 .ARM.attributes
                0x00000589       0x1d c:/program files (x86)/cypress/psoc creator/3.3/psoc creator/import/gnu/arm/4.9.3/bin/../lib/gcc/arm-none-eabi/4.9.3/armv7-m/crtn.o

/DISCARD/
 *(.note.GNU-stack)
OUTPUT(.\CortexM3\ARM_GCC_493\Debug\Jazzy_Dude.elf elf32-littlearm)
